To honour the JVM settings for this build a single-use Daemon process will be forked. For more on this, please refer to https://docs.gradle.org/8.7/userguide/gradle_daemon.html#sec:disabling_the_daemon in the Gradle documentation.
Daemon will be stopped at the end of the build 
.\gradlew.bat : Warning: SDK processing. This version only understands SDK XML versions up to 3 but an SDK XML file of 
version 4 was encountered. This can happen if you use versions of Android Studio and the command-line tools that were 
released at different times.
At line:1 char:1
+ .\gradlew.bat :app:compileDebugKotlin --no-daemon 2>&1 | Tee-Object - ...
+ ~~~~~~~~~~~~~~~~~~~~~~~~~~~~~~~~~~~~~~~~~~~~~~~~~~~~~~
    + CategoryInfo          : NotSpecified: (Warning: SDK pr...ifferent times.:String) [], RemoteException
    + FullyQualifiedErrorId : NativeCommandError
 
WARNING: We recommend using a newer Android Gradle plugin to use compileSdk = 35

This Android Gradle plugin (8.5.0) was tested up to compileSdk = 34.

You are strongly encouraged to update your project to use a newer
Android Gradle plugin that has been tested with compileSdk = 35.

If you are already using the latest version of the Android Gradle plugin,
you may need to wait until a newer version with support for compileSdk = 35 is available.

For more information refer to the compatibility table:
https://d.android.com/r/tools/api-level-support

To suppress this warning, add/update
    android.suppressUnsupportedCompileSdk=35
to this project's gradle.properties.
> Task :app:checkKotlinGradlePluginConfigurationErrors SKIPPED
> Task :app:preBuild UP-TO-DATE
> Task :app:preDebugBuild UP-TO-DATE
> Task :app:generateDebugBuildConfig UP-TO-DATE
> Task :app:checkDebugAarMetadata UP-TO-DATE
> Task :app:generateDebugResValues UP-TO-DATE
> Task :app:mapDebugSourceSetPaths UP-TO-DATE
> Task :app:generateDebugResources UP-TO-DATE
> Task :app:mergeDebugResources UP-TO-DATE
> Task :app:packageDebugResources UP-TO-DATE
> Task :app:parseDebugLocalResources UP-TO-DATE
> Task :app:createDebugCompatibleScreenManifests UP-TO-DATE
> Task :app:extractDeepLinksDebug UP-TO-DATE
> Task :app:processDebugMainManifest UP-TO-DATE
> Task :app:processDebugManifest UP-TO-DATE
> Task :app:processDebugManifestForPackage UP-TO-DATE
> Task :app:processDebugResources UP-TO-DATE
> Task :app:kaptGenerateStubsDebugKotlin UP-TO-DATE
> Task :app:kaptDebugKotlin UP-TO-DATE

> Task :app:compileDebugKotlin
Unable to release compile session, maybe daemon is already down: java.rmi.ConnectException: Connection refused to host: 127.0.0.1; nested exception is: 
	java.net.ConnectException: Connection refused: connect
e: Daemon compilation failed: Connection to the Kotlin daemon has been unexpectedly lost. This might be caused by the 
daemon being killed by another process or the operating system, or by JVM crash.
org.jetbrains.kotlin.gradle.tasks.DaemonCrashedException: Connection to the Kotlin daemon has been unexpectedly lost. 
This might be caused by the daemon being killed by another process or the operating system, or by JVM crash.
	at org.jetbrains.kotlin.gradle.tasks.TasksUtilsKt.wrapAndRethrowCompilationException(tasksUtils.kt:55)
	at org.jetbrains.kotlin.compilerRunner.GradleKotlinCompilerWork.compileWithDaemon(GradleKotlinCompilerWork.kt:243)
	at org.jetbrains.kotlin.compilerRunner.GradleKotlinCompilerWork.compileWithDaemonOrFallbackImpl(GradleKotlinCompilerWo
rk.kt:159)
	at org.jetbrains.kotlin.compilerRunner.GradleKotlinCompilerWork.run(GradleKotlinCompilerWork.kt:111)
	at org.jetbrains.kotlin.compilerRunner.GradleCompilerRunnerWithWorkers$GradleKotlinCompilerWorkAction.execute(GradleCo
mpilerRunnerWithWorkers.kt:76)
	at org.gradle.workers.internal.DefaultWorkerServer.execute(DefaultWorkerServer.java:63)
	at org.gradle.workers.internal.NoIsolationWorkerFactory$1$1.create(NoIsolationWorkerFactory.java:66)
	at org.gradle.workers.internal.NoIsolationWorkerFactory$1$1.create(NoIsolationWorkerFactory.java:62)
	at org.gradle.internal.classloader.ClassLoaderUtils.executeInClassloader(ClassLoaderUtils.java:100)
	at org.gradle.workers.internal.NoIsolationWorkerFactory$1.lambda$execute$0(NoIsolationWorkerFactory.java:62)
	at org.gradle.workers.internal.AbstractWorker$1.call(AbstractWorker.java:44)
	at org.gradle.workers.internal.AbstractWorker$1.call(AbstractWorker.java:41)
	at org.gradle.internal.operations.DefaultBuildOperationRunner$CallableBuildOperationWorker.execute(DefaultBuildOperati
onRunner.java:200)
	at org.gradle.internal.operations.DefaultBuildOperationRunner$CallableBuildOperationWorker.execute(DefaultBuildOperati
onRunner.java:195)
	at org.gradle.internal.operations.DefaultBuildOperationRunner$2.execute(DefaultBuildOperationRunner.java:66)
	at org.gradle.internal.operations.DefaultBuildOperationRunner$2.execute(DefaultBuildOperationRunner.java:59)
	at org.gradle.internal.operations.DefaultBuildOperationRunner.execute(DefaultBuildOperationRunner.java:157)
	at org.gradle.internal.operations.DefaultBuildOperationRunner.execute(DefaultBuildOperationRunner.java:59)
	at org.gradle.internal.operations.DefaultBuildOperationRunner.call(DefaultBuildOperationRunner.java:53)
	at org.gradle.internal.operations.DefaultBuildOperationExecutor.call(DefaultBuildOperationExecutor.java:73)
	at org.gradle.workers.internal.AbstractWorker.executeWrappedInBuildOperation(AbstractWorker.java:41)
	at org.gradle.workers.internal.NoIsolationWorkerFactory$1.execute(NoIsolationWorkerFactory.java:59)
	at org.gradle.workers.internal.DefaultWorkerExecutor.lambda$submitWork$0(DefaultWorkerExecutor.java:174)
	at java.base/java.util.concurrent.FutureTask.run(FutureTask.java:317)
	at org.gradle.internal.work.DefaultConditionalExecutionQueue$ExecutionRunner.runExecution(DefaultConditionalExecutionQ
ueue.java:187)
	at org.gradle.internal.work.DefaultConditionalExecutionQueue$ExecutionRunner.access$700(DefaultConditionalExecutionQue
ue.java:120)
	at org.gradle.internal.work.DefaultConditionalExecutionQueue$ExecutionRunner$1.run(DefaultConditionalExecutionQueue.ja
va:162)
	at org.gradle.internal.Factories$1.create(Factories.java:31)
	at org.gradle.internal.work.DefaultWorkerLeaseService.withLocks(DefaultWorkerLeaseService.java:264)
	at org.gradle.internal.work.DefaultWorkerLeaseService.runAsWorkerThread(DefaultWorkerLeaseService.java:128)
	at org.gradle.internal.work.DefaultWorkerLeaseService.runAsWorkerThread(DefaultWorkerLeaseService.java:133)
	at org.gradle.internal.work.DefaultConditionalExecutionQueue$ExecutionRunner.runBatch(DefaultConditionalExecutionQueue
.java:157)
	at org.gradle.internal.work.DefaultConditionalExecutionQueue$ExecutionRunner.run(DefaultConditionalExecutionQueue.java
:126)
	at java.base/java.util.concurrent.Executors$RunnableAdapter.call(Executors.java:572)
	at java.base/java.util.concurrent.FutureTask.run(FutureTask.java:317)
	at org.gradle.internal.concurrent.ExecutorPolicy$CatchAndRecordFailures.onExecute(ExecutorPolicy.java:64)
	at org.gradle.internal.concurrent.AbstractManagedExecutor$1.run(AbstractManagedExecutor.java:47)
	at java.base/java.util.concurrent.ThreadPoolExecutor.runWorker(ThreadPoolExecutor.java:1144)
	at java.base/java.util.concurrent.ThreadPoolExecutor$Worker.run(ThreadPoolExecutor.java:642)
	at java.base/java.lang.Thread.run(Thread.java:1583)
Caused by: java.rmi.UnmarshalException: Error unmarshaling return header; nested exception is: 
	java.net.SocketException: Connection reset
	at java.rmi/sun.rmi.transport.StreamRemoteCall.executeCall(StreamRemoteCall.java:255)
	at java.rmi/sun.rmi.server.UnicastRef.invoke(UnicastRef.java:166)
	at java.rmi/java.rmi.server.RemoteObjectInvocationHandler.invokeRemoteMethod(RemoteObjectInvocationHandler.java:215)
	at java.rmi/java.rmi.server.RemoteObjectInvocationHandler.invoke(RemoteObjectInvocationHandler.java:160)
	at jdk.proxy4/jdk.proxy4.$Proxy137.compile(Unknown Source)
	at org.jetbrains.kotlin.compilerRunner.GradleKotlinCompilerWork.incrementalCompilationWithDaemon(GradleKotlinCompilerW
ork.kt:331)
	at org.jetbrains.kotlin.compilerRunner.GradleKotlinCompilerWork.compileWithDaemon(GradleKotlinCompilerWork.kt:235)
	... 38 more
Caused by: java.net.SocketException: Connection reset
	at java.base/sun.nio.ch.NioSocketImpl.implRead(NioSocketImpl.java:318)
	at java.base/sun.nio.ch.NioSocketImpl.read(NioSocketImpl.java:346)
	at java.base/sun.nio.ch.NioSocketImpl$1.read(NioSocketImpl.java:796)
	at java.base/java.net.Socket$SocketInputStream.read(Socket.java:1099)
	at java.base/java.io.BufferedInputStream.fill(BufferedInputStream.java:291)
	at java.base/java.io.BufferedInputStream.implRead(BufferedInputStream.java:325)
	at java.base/java.io.BufferedInputStream.read(BufferedInputStream.java:312)
	at java.base/java.io.DataInputStream.readUnsignedByte(DataInputStream.java:295)
	at java.base/java.io.DataInputStream.readByte(DataInputStream.java:275)
	at java.rmi/sun.rmi.transport.StreamRemoteCall.executeCall(StreamRemoteCall.java:241)
	... 44 more

Failed to compile with Kotlin daemon: org.jetbrains.kotlin.gradle.tasks.DaemonCrashedException: Connection to the Kotlin daemon has been unexpectedly lost. This might be caused by the daemon being killed by another process or the operating system, or by JVM crash.
	at org.jetbrains.kotlin.gradle.tasks.TasksUtilsKt.wrapAndRethrowCompilationException(tasksUtils.kt:55)
	at org.jetbrains.kotlin.compilerRunner.GradleKotlinCompilerWork.compileWithDaemon(GradleKotlinCompilerWork.kt:243)
	at org.jetbrains.kotlin.compilerRunner.GradleKotlinCompilerWork.compileWithDaemonOrFallbackImpl(GradleKotlinCompilerWork.kt:159)
	at org.jetbrains.kotlin.compilerRunner.GradleKotlinCompilerWork.run(GradleKotlinCompilerWork.kt:111)
	at org.jetbrains.kotlin.compilerRunner.GradleCompilerRunnerWithWorkers$GradleKotlinCompilerWorkAction.execute(GradleCompilerRunnerWithWorkers.kt:76)
	at org.gradle.workers.internal.DefaultWorkerServer.execute(DefaultWorkerServer.java:63)
	at org.gradle.workers.internal.NoIsolationWorkerFactory$1$1.create(NoIsolationWorkerFactory.java:66)
	at org.gradle.workers.internal.NoIsolationWorkerFactory$1$1.create(NoIsolationWorkerFactory.java:62)
	at org.gradle.internal.classloader.ClassLoaderUtils.executeInClassloader(ClassLoaderUtils.java:100)
	at org.gradle.workers.internal.NoIsolationWorkerFactory$1.lambda$execute$0(NoIsolationWorkerFactory.java:62)
	at org.gradle.workers.internal.AbstractWorker$1.call(AbstractWorker.java:44)
	at org.gradle.workers.internal.AbstractWorker$1.call(AbstractWorker.java:41)
	at org.gradle.internal.operations.DefaultBuildOperationRunner$CallableBuildOperationWorker.execute(DefaultBuildOperationRunner.java:200)
	at org.gradle.internal.operations.DefaultBuildOperationRunner$CallableBuildOperationWorker.execute(DefaultBuildOperationRunner.java:195)
	at org.gradle.internal.operations.DefaultBuildOperationRunner$2.execute(DefaultBuildOperationRunner.java:66)
	at org.gradle.internal.operations.DefaultBuildOperationRunner$2.execute(DefaultBuildOperationRunner.java:59)
	at org.gradle.internal.operations.DefaultBuildOperationRunner.execute(DefaultBuildOperationRunner.java:157)
	at org.gradle.internal.operations.DefaultBuildOperationRunner.execute(DefaultBuildOperationRunner.java:59)
	at org.gradle.internal.operations.DefaultBuildOperationRunner.call(DefaultBuildOperationRunner.java:53)
	at org.gradle.internal.operations.DefaultBuildOperationExecutor.call(DefaultBuildOperationExecutor.java:73)
	at org.gradle.workers.internal.AbstractWorker.executeWrappedInBuildOperation(AbstractWorker.java:41)
	at org.gradle.workers.internal.NoIsolationWorkerFactory$1.execute(NoIsolationWorkerFactory.java:59)
	at org.gradle.workers.internal.DefaultWorkerExecutor.lambda$submitWork$0(DefaultWorkerExecutor.java:174)
	at java.base/java.util.concurrent.FutureTask.run(FutureTask.java:317)
	at org.gradle.internal.work.DefaultConditionalExecutionQueue$ExecutionRunner.runExecution(DefaultConditionalExecutionQueue.java:187)
	at org.gradle.internal.work.DefaultConditionalExecutionQueue$ExecutionRunner.access$700(DefaultConditionalExecutionQueue.java:120)
	at org.gradle.internal.work.DefaultConditionalExecutionQueue$ExecutionRunner$1.run(DefaultConditionalExecutionQueue.java:162)
	at org.gradle.internal.Factories$1.create(Factories.java:31)
	at org.gradle.internal.work.DefaultWorkerLeaseService.withLocks(DefaultWorkerLeaseService.java:264)
	at org.gradle.internal.work.DefaultWorkerLeaseService.runAsWorkerThread(DefaultWorkerLeaseService.java:128)
	at org.gradle.internal.work.DefaultWorkerLeaseService.runAsWorkerThread(DefaultWorkerLeaseService.java:133)
	at org.gradle.internal.work.DefaultConditionalExecutionQueue$ExecutionRunner.runBatch(DefaultConditionalExecutionQueue.java:157)
	at org.gradle.internal.work.DefaultConditionalExecutionQueue$ExecutionRunner.run(DefaultConditionalExecutionQueue.java:126)
	at java.base/java.util.concurrent.Executors$RunnableAdapter.call(Executors.java:572)
	at java.base/java.util.concurrent.FutureTask.run(FutureTask.java:317)
	at org.gradle.internal.concurrent.ExecutorPolicy$CatchAndRecordFailures.onExecute(ExecutorPolicy.java:64)
	at org.gradle.internal.concurrent.AbstractManagedExecutor$1.run(AbstractManagedExecutor.java:47)
	at java.base/java.util.concurrent.ThreadPoolExecutor.runWorker(ThreadPoolExecutor.java:1144)
	at java.base/java.util.concurrent.ThreadPoolExecutor$Worker.run(ThreadPoolExecutor.java:642)
	at java.base/java.lang.Thread.run(Thread.java:1583)
Caused by: java.rmi.UnmarshalException: Error unmarshaling return header; nested exception is: 
	java.net.SocketException: Connection reset
	at java.rmi/sun.rmi.transport.StreamRemoteCall.executeCall(StreamRemoteCall.java:255)
	at java.rmi/sun.rmi.server.UnicastRef.invoke(UnicastRef.java:166)
	at java.rmi/java.rmi.server.RemoteObjectInvocationHandler.invokeRemoteMethod(RemoteObjectInvocationHandler.java:215)
	at java.rmi/java.rmi.server.RemoteObjectInvocationHandler.invoke(RemoteObjectInvocationHandler.java:160)
	at jdk.proxy4/jdk.proxy4.$Proxy137.compile(Unknown Source)
	at org.jetbrains.kotlin.compilerRunner.GradleKotlinCompilerWork.incrementalCompilationWithDaemon(GradleKotlinCompilerWork.kt:331)
	at org.jetbrains.kotlin.compilerRunner.GradleKotlinCompilerWork.compileWithDaemon(GradleKotlinCompilerWork.kt:235)
	... 38 more
Caused by: java.net.SocketException: Connection reset
	at java.base/sun.nio.ch.NioSocketImpl.implRead(NioSocketImpl.java:318)
	at java.base/sun.nio.ch.NioSocketImpl.read(NioSocketImpl.java:346)
	at java.base/sun.nio.ch.NioSocketImpl$1.read(NioSocketImpl.java:796)
	at java.base/java.net.Socket$SocketInputStream.read(Socket.java:1099)
	at java.base/java.io.BufferedInputStream.fill(BufferedInputStream.java:291)
	at java.base/java.io.BufferedInputStream.implRead(BufferedInputStream.java:325)
	at java.base/java.io.BufferedInputStream.read(BufferedInputStream.java:312)
	at java.base/java.io.DataInputStream.readUnsignedByte(DataInputStream.java:295)
	at java.base/java.io.DataInputStream.readByte(DataInputStream.java:275)
	at java.rmi/sun.rmi.transport.StreamRemoteCall.executeCall(StreamRemoteCall.java:241)
	... 44 more
Using fallback strategy: Compile without Kotlin daemon
Try ./gradlew --stop if this issue persists
If it does not look related to your configuration, please file an issue with logs to https://kotl.in/issue
exception: app\src\main\java\com\tapman104\mpvplayer\PlayerActivity.kt:38:8: error: unresolved reference 'mpv'.
exception: import mpv.potato.tapman104.player.model.QuickActionsPosition
exception:        ^^^
exception: app\src\main\java\com\tapman104\mpvplayer\PlayerActivity.kt:157:76: error: none of the following candidates 
is applicable:
exception: @Composable() fun <T> Flow<T>.collectAsStateWithLifecycle(initialValue: T, lifecycle: Lifecycle, 
minActiveState: Lifecycle.State = ..., context: CoroutineContext = ...): State<T>
exception: @Composable() fun <T> Flow<T>.collectAsStateWithLifecycle(initialValue: T, lifecycleOwner: LifecycleOwner = 
..., minActiveState: Lifecycle.State = ..., context: CoroutineContext = ...): State<T>
exception: @Composable() fun <T> StateFlow<T>.collectAsStateWithLifecycle(lifecycle: Lifecycle, minActiveState: 
Lifecycle.State = ..., context: CoroutineContext = ...): State<T>
exception: @Composable() fun <T> StateFlow<T>.collectAsStateWithLifecycle(lifecycleOwner: LifecycleOwner = ..., 
minActiveState: Lifecycle.State = ..., context: CoroutineContext = ...): State<T>
exception:                 val quickActionsPosition by viewModel.quickActionsPosition.collectAsStateWithLifecycle(
exception:                                                                            ^^^^^^^^^^^^^^^^^^^^^^^^^^^
exception: app\src\main\java\com\tapman104\mpvplayer\PlayerActivity.kt:158:36: error: unresolved reference 
'QuickActionsPosition'.
exception:                     initialValue = QuickActionsPosition.TOP_RIGHT
exception:                                    ^^^^^^^^^^^^^^^^^^^^
exception: app\src\main\java\com\tapman104\mpvplayer\PlayerActivity.kt:160:33: error: property delegate must have a 
'getValue(Nothing?, KProperty0<*>)' method. None of the following functions is applicable:
exception: fun FloatState.getValue(thisObj: Any?, property: KProperty<*>): Float
exception: fun DoubleState.getValue(thisObj: Any?, property: KProperty<*>): Double
exception: fun IntState.getValue(thisObj: Any?, property: KProperty<*>): Int
exception: fun LongState.getValue(thisObj: Any?, property: KProperty<*>): Long
exception: fun <T> State<T>.getValue(thisObj: Any?, property: KProperty<*>): T
exception:                 val viewMode by viewModel.viewMode.collectAsStateWithLifecycle()
exception:                                 ^^^^^^^^^^^^^^^^^^^^^^^^^^^^^^^^^^^^^^^^^^^^^^^^
exception: app\src\main\java\com\tapman104\mpvplayer\PlayerActivity.kt:160:52: error: unresolved reference. None of 
the following candidates is applicable because of a receiver type mismatch:
exception: @Composable() fun <T> StateFlow<T>.collectAsStateWithLifecycle(lifecycle: Lifecycle, minActiveState: 
Lifecycle.State = ..., context: CoroutineContext = ...): State<T>
exception:                 val viewMode by viewModel.viewMode.collectAsStateWithLifecycle()
exception:                                                    ^^^^^^^^^^^^^^^^^^^^^^^^^^^
exception: app\src\main\java\com\tapman104\mpvplayer\core\preferences\UserPreferencesRepository.kt:12:8: error: 
unresolved reference 'mpv'.
exception: import mpv.potato.tapman104.player.model.QuickActionsPosition
exception:        ^^^
exception: app\src\main\java\com\tapman104\mpvplayer\core\preferences\UserPreferencesRepository.kt:67:46: error: 
unresolved reference 'QuickActionsPosition'.
exception:         val DEFAULT_QUICK_ACTIONS_POSITION = QuickActionsPosition.TOP_RIGHT
exception:                                              ^^^^^^^^^^^^^^^^^^^^
exception: app\src\main\java\com\tapman104\mpvplayer\core\preferences\UserPreferencesRepository.kt:135:36: error: 
unresolved reference 'QuickActionsPosition'.
exception:     val quickActionsPosition: Flow<QuickActionsPosition> = context.userPrefsDataStore.data.map { prefs ->
exception:                                    ^^^^^^^^^^^^^^^^^^^^
exception: app\src\main\java\com\tapman104\mpvplayer\core\preferences\UserPreferencesRepository.kt:136:52: error: 
unresolved reference 'QuickActionsPosition'.
exception:         val raw = prefs[QUICK_ACTIONS_POSITION] ?: QuickActionsPosition.TOP_RIGHT.name
exception:                                                    ^^^^^^^^^^^^^^^^^^^^
exception: app\src\main\java\com\tapman104\mpvplayer\core\preferences\UserPreferencesRepository.kt:137:23: error: 
unresolved reference 'QuickActionsPosition'.
exception:         runCatching { QuickActionsPosition.valueOf(raw) }.getOrDefault(QuickActionsPosition.TOP_RIGHT)
exception:                       ^^^^^^^^^^^^^^^^^^^^
exception: app\src\main\java\com\tapman104\mpvplayer\core\preferences\UserPreferencesRepository.kt:137:59: error: not 
enough information to infer type argument for 'R'.
exception:         runCatching { QuickActionsPosition.valueOf(raw) }.getOrDefault(QuickActionsPosition.TOP_RIGHT)
exception:                                                           ^^^^^^^^^^^^
exception: app\src\main\java\com\tapman104\mpvplayer\core\preferences\UserPreferencesRepository.kt:137:59: error: not 
enough information to infer type argument for 'T'.
exception:         runCatching { QuickActionsPosition.valueOf(raw) }.getOrDefault(QuickActionsPosition.TOP_RIGHT)
exception:                                                           ^^^^^^^^^^^^
exception: app\src\main\java\com\tapman104\mpvplayer\core\preferences\UserPreferencesRepository.kt:137:72: error: 
unresolved reference 'QuickActionsPosition'.
exception:         runCatching { QuickActionsPosition.valueOf(raw) }.getOrDefault(QuickActionsPosition.TOP_RIGHT)
exception:                                                                        ^^^^^^^^^^^^^^^^^^^^
exception: app\src\main\java\com\tapman104\mpvplayer\core\preferences\UserPreferencesRepository.kt:235:51: error: 
unresolved reference 'QuickActionsPosition'.
exception:     suspend fun setQuickActionsPosition(position: QuickActionsPosition) {
exception:                                                   ^^^^^^^^^^^^^^^^^^^^
exception: app\src\main\java\com\tapman104\mpvplayer\core\preferences\UserPreferencesRepository.kt:237:54: error: 
unresolved reference 'name'.
exception:             prefs[QUICK_ACTIONS_POSITION] = position.name
exception:                                                      ^^^^
exception: app\src\main\java\com\tapman104\mpvplayer\player\controls\PlayerBottomControls.kt:26:5: error: unresolved 
reference 'mpv'.
exception:     mpv.potato.tapman104.player.controls.PlayerBottomControls(
exception:     ^^^
exception: app\src\main\java\com\tapman104\mpvplayer\player\controls\PlayerControlsStyles.kt:4:34: error: unresolved 
reference 'mpv'.
exception:     const val ANIM_DURATION_MS = mpv.potato.tapman104.player.controls.PlayerControlsStyles.ANIM_DURATION_MS
exception:                                  ^^^
exception: app\src\main\java\com\tapman104\mpvplayer\player\controls\PlayerControlsStyles.kt:5:27: error: unresolved 
reference 'mpv'.
exception:     val textShadowStyle = mpv.potato.tapman104.player.controls.PlayerControlsStyles.textShadowStyle
exception:                           ^^^
exception: app\src\main\java\com\tapman104\mpvplayer\player\controls\PlayerQuickActions.kt:16:5: error: unresolved 
reference 'mpv'.
exception:     mpv.potato.tapman104.player.controls.PlayerQuickActions(
exception:     ^^^
exception: app\src\main\java\com\tapman104\mpvplayer\player\controls\PlayerTopBar.kt:12:5: error: unresolved reference 
'mpv'.
exception:     mpv.potato.tapman104.player.controls.PlayerTopBar(
exception:     ^^^
exception: app\src\main\java\com\tapman104\mpvplayer\player\controls\PlayerViewControls.kt:5:8: error: unresolved 
reference 'mpv'.
exception: import mpv.potato.tapman104.player.model.ViewMode
exception:        ^^^
exception: app\src\main\java\com\tapman104\mpvplayer\player\controls\PlayerViewControls.kt:9:22: error: unresolved 
reference 'ViewMode'.
exception:     currentViewMode: ViewMode,
exception:                      ^^^^^^^^
exception: app\src\main\java\com\tapman104\mpvplayer\player\controls\PlayerViewControls.kt:15:5: error: unresolved 
reference 'mpv'.
exception:     mpv.potato.tapman104.player.controls.PlayerViewControls(
exception:     ^^^
exception: app\src\main\java\com\tapman104\mpvplayer\player\playback\PlayerOverlay.kt:24:8: error: unresolved 
reference 'mpv'.
exception: import mpv.potato.tapman104.player.controls.PlayerBottomControls
exception:        ^^^
exception: app\src\main\java\com\tapman104\mpvplayer\player\playback\PlayerOverlay.kt:25:8: error: unresolved 
reference 'mpv'.
exception: import mpv.potato.tapman104.player.controls.PlayerQuickActions
exception:        ^^^
exception: app\src\main\java\com\tapman104\mpvplayer\player\playback\PlayerOverlay.kt:26:8: error: unresolved 
reference 'mpv'.
exception: import mpv.potato.tapman104.player.controls.PlayerTopBar
exception:        ^^^
exception: app\src\main\java\com\tapman104\mpvplayer\player\playback\PlayerOverlay.kt:27:8: error: unresolved 
reference 'mpv'.
exception: import mpv.potato.tapman104.player.controls.PlayerViewControls
exception:        ^^^
exception: app\src\main\java\com\tapman104\mpvplayer\player\playback\PlayerOverlay.kt:28:8: error: unresolved 
reference 'mpv'.
exception: import mpv.potato.tapman104.player.model.QuickActionsPosition
exception:        ^^^
exception: app\src\main\java\com\tapman104\mpvplayer\player\playback\PlayerOverlay.kt:29:8: error: unresolved 
reference 'mpv'.
exception: import mpv.potato.tapman104.player.model.ViewMode
exception:        ^^^
exception: app\src\main\java\com\tapman104\mpvplayer\player\playback\PlayerOverlay.kt:97:27: error: unresolved 
reference 'QuickActionsPosition'.
exception:     quickActionsPosition: QuickActionsPosition = QuickActionsPosition.TOP_RIGHT,
exception:                           ^^^^^^^^^^^^^^^^^^^^
exception: app\src\main\java\com\tapman104\mpvplayer\player\playback\PlayerOverlay.kt:97:50: error: unresolved 
reference 'QuickActionsPosition'.
exception:     quickActionsPosition: QuickActionsPosition = QuickActionsPosition.TOP_RIGHT,
exception:                                                  ^^^^^^^^^^^^^^^^^^^^
exception: app\src\main\java\com\tapman104\mpvplayer\player\playback\PlayerOverlay.kt:98:22: error: unresolved 
reference 'ViewMode'.
exception:     currentViewMode: ViewMode = ViewMode.FIT,
exception:                      ^^^^^^^^
exception: app\src\main\java\com\tapman104\mpvplayer\player\playback\PlayerOverlay.kt:98:33: error: unresolved 
reference 'ViewMode'.
exception:     currentViewMode: ViewMode = ViewMode.FIT,
exception:                                 ^^^^^^^^
exception: app\src\main\java\com\tapman104\mpvplayer\player\playback\PlayerOverlay.kt:271:25: error: unresolved 
reference 'PlayerTopBar'.
exception:                         PlayerTopBar(
exception:                         ^^^^^^^^^^^^
exception: app\src\main\java\com\tapman104\mpvplayer\player\playback\PlayerOverlay.kt:279:49: error: unresolved 
reference 'QuickActionsPosition'.
exception:                     if (quickActionsPosition == QuickActionsPosition.TOP_RIGHT) {
exception:                                                 ^^^^^^^^^^^^^^^^^^^^
exception: app\src\main\java\com\tapman104\mpvplayer\player\playback\PlayerOverlay.kt:280:25: error: unresolved 
reference 'PlayerQuickActions'.
exception:                         PlayerQuickActions(
exception:                         ^^^^^^^^^^^^^^^^^^
exception: app\src\main\java\com\tapman104\mpvplayer\player\playback\PlayerOverlay.kt:294:45: error: unresolved 
reference 'QuickActionsPosition'.
exception:                 if (quickActionsPosition == QuickActionsPosition.TOP_LEFT) {
exception:                                             ^^^^^^^^^^^^^^^^^^^^
exception: app\src\main\java\com\tapman104\mpvplayer\player\playback\PlayerOverlay.kt:302:25: error: unresolved 
reference 'PlayerQuickActions'.
exception:                         PlayerQuickActions(
exception:                         ^^^^^^^^^^^^^^^^^^
exception: app\src\main\java\com\tapman104\mpvplayer\player\playback\PlayerOverlay.kt:321:13: error: unresolved 
reference 'PlayerBottomControls'.
exception:             PlayerBottomControls(
exception:             ^^^^^^^^^^^^^^^^^^^^
exception: app\src\main\java\com\tapman104\mpvplayer\player\playback\PlayerOverlay.kt:328:60: error: unresolved 
reference 'QuickActionsPosition'.
