2026-07-03 13:38:47.765 24920-25180 mpv                     com.tapman104.mpvplayer              V  [mkv:v] cached range 0: 567.616000 <-> 973.271000 (bof=0, eof=0)
2026-07-03 13:38:47.766 24920-25180 mpv                     com.tapman104.mpvplayer              V  [mkv:v] ...using this range for in-cache seek.
2026-07-03 13:38:47.766 24920-25180 mpv                     com.tapman104.mpvplayer              V  [mkv:v] adjust seek target 668.385000 -> 666.715000
2026-07-03 13:38:47.766 24920-25180 mpv                     com.tapman104.mpvplayer              V  [mkv:v] seeking stream 0 (video) to packet 666.715000/-9223372036854775808.000000
2026-07-03 13:38:47.767 24920-25180 mpv                     com.tapman104.mpvplayer              V  [mkv:v] seeking stream 1 (audio) to packet 666.693500/-9223372036854775808.000000
2026-07-03 13:38:47.767 24920-25180 mpv                     com.tapman104.mpvplayer              V  [mkv:v] seeking stream 2 (sub) to packet 664.957000/-9223372036854775808.000000
2026-07-03 13:38:47.769 24920-25171 AudioTrack              com.tapman104.mpvplayer              D  updateStateToService: AudioTrackStatus state:4
2026-07-03 13:38:47.769  1631-3367  AS.AudioService         system_server                        D  AudioTrackStatus: pid = 24920; uid = 10273; sessionId = 6937; streamType = 3; state = 4; pkgName = com.tapman104.mpvplayer
2026-07-03 13:38:47.770 24920-25190 MediaCodec              com.tapman104.mpvplayer              D  [0xb400007a6971fd00] setState: 7
2026-07-03 13:38:47.776 24920-25190 MediaCodec              com.tapman104.mpvplayer              D  [0xb400007a6971fd00] setState: 6
2026-07-03 13:38:47.777 24920-25190 CCodecConfig            com.tapman104.mpvplayer              I  query failed after returning 19 values (BAD_INDEX)
2026-07-03 13:38:47.777 24920-25191 CCodecBufferChannel     com.tapman104.mpvplayer              D  [c2.mtk.avc.decoder#797] flushed work; ignored.
2026-07-03 13:38:47.777 24920-25191 CCodecBufferChannel     com.tapman104.mpvplayer              D  [c2.mtk.avc.decoder#797] Discard frames from previous generation.
2026-07-03 13:38:47.777 24920-25191 CCodecBufferChannel     com.tapman104.mpvplayer              D  [c2.mtk.avc.decoder#797] flushed work not feedInput.
2026-07-03 13:38:47.777 24920-25190 Codec2Client            com.tapman104.mpvplayer              W  query -- param skipped: index = 1342179345.
2026-07-03 13:38:47.777 24920-25190 Codec2Client            com.tapman104.mpvplayer              W  query -- param skipped: index = 2415921170.
2026-07-03 13:38:47.777 24920-25190 Codec2Client            com.tapman104.mpvplayer              W  query -- param skipped: index = 1610614798.
2026-07-03 13:38:47.778 24920-25190 MediaCodec              com.tapman104.mpvplayer              D  [0xb400007a6971fd00] setState: 7
2026-07-03 13:38:47.785 24920-25190 MediaCodec              com.tapman104.mpvplayer              D  [0xb400007a6971fd00] setState: 6
2026-07-03 13:38:47.785 24920-25190 CCodecConfig            com.tapman104.mpvplayer              I  query failed after returning 19 values (BAD_INDEX)
2026-07-03 13:38:47.786 24920-25190 Codec2Client            com.tapman104.mpvplayer              W  query -- param skipped: index = 1342179345.
2026-07-03 13:38:47.786 24920-25190 Codec2Client            com.tapman104.mpvplayer              W  query -- param skipped: index = 2415921170.
2026-07-03 13:38:47.786 24920-25190 Codec2Client            com.tapman104.mpvplayer              W  query -- param skipped: index = 1610614798.
2026-07-03 13:38:47.787  1631-2008  NtAudioGlyphServiceImpl system_server                        D  onAudioTrackStop request:AudioLightRequest@b06b43b{Id:107,uid:10273,pid:24920,noAudio:false,csvId:-1,pkg:com.tapman104.mpvplayer,session:6937,addby:2}
2026-07-03 13:38:47.787  1631-2008  NtAudioGlyphServiceImpl system_server                        D  AudioLightRequests[0]- AudioLightRequest@b06b43b{Id:107,uid:10273,pid:24920,noAudio:false,csvId:-1,pkg:com.tapman104.mpvplayer,session:6937,addby:2}
2026-07-03 13:38:47.787 24920-25180 mpv                     com.tapman104.mpvplayer              V  event: seek
2026-07-03 13:38:47.788 24920-25180 MpvEventDispatcher      com.tapman104.mpvplayer              D  Received MPV event: 20
2026-07-03 13:38:47.789 24920-25191 CCodecBufferChannel     com.tapman104.mpvplayer              D  [c2.mtk.avc.decoder#797] Discard frames from previous generation.
2026-07-03 13:38:47.789 24920-25191 Codec2-Out...ufferQueue com.tapman104.mpvplayer              D  set max dequeue count 19 from update
2026-07-03 13:38:47.790 24920-25190 CCodecBufferChannel     com.tapman104.mpvplayer              D  [c2.mtk.avc.decoder#797] send inputSlots num:8 to codec
2026-07-03 13:38:47.794 24920-25195 CCodecBufferChannel     com.tapman104.mpvplayer              D  [c2.mtk.avc.decoder#797] Ignoring stale input buffer done callback: last flush index = 2379, frameIndex = 2379
2026-07-03 13:38:47.820 24920-25180 mpv                     com.tapman104.mpvplayer              V  [vd:v] Decoder format: 1920x1080 [0:1] yuv420p auto/auto/auto/limited/auto CL=unknown crop=1920x1080+0+0 A=none
2026-07-03 13:38:47.821 24920-25180 mpv                     com.tapman104.mpvplayer              V  [vd:v] Using container aspect ratio.
2026-07-03 13:38:47.831 24920-25180 mpv                     com.tapman104.mpvplayer              V  [cplayer:v] first video frame after restart shown
2026-07-03 13:38:47.833 24920-25180 mpv                     com.tapman104.mpvplayer              V  [cplayer:v] audio ready
2026-07-03 13:38:47.833 24920-25171 AudioTrack              com.tapman104.mpvplayer              D  pause(2026): 0xb400007a89755b90, prior state:STATE_FLUSHED, packageName: com.tapman104.mpvplayer
2026-07-03 13:38:47.833 24920-25171 AudioTrack              com.tapman104.mpvplayer              D  flush(2026): 0xb400007a89755b90, prior state:STATE_FLUSHED, packageName: com.tapman104.mpvplayer
2026-07-03 13:38:47.833 24920-25171 AudioTrack              com.tapman104.mpvplayer              D  updateStateToService: AudioTrackStatus state:4
2026-07-03 13:38:47.833  1631-3824  AS.AudioService         system_server                        D  AudioTrackStatus: pid = 24920; uid = 10273; sessionId = 6937; streamType = 3; state = 4; pkgName = com.tapman104.mpvplayer
2026-07-03 13:38:47.834 24920-25190 MediaCodec              com.tapman104.mpvplayer              D  [0xb400007a6971fd00] setState: 7
2026-07-03 13:38:47.834 24920-25180 mpv                     com.tapman104.mpvplayer              V  [mkv:v] queuing seek to 661.503000
2026-07-03 13:38:47.835 24920-25180 mpv                     com.tapman104.mpvplayer              V  [mkv:v] cached range 0: 567.616000 <-> 973.271000 (bof=0, eof=0)
2026-07-03 13:38:47.837 24920-25180 mpv                     com.tapman104.mpvplayer              V  [mkv:v] ...using this range for in-cache seek.
2026-07-03 13:38:47.838 24920-25180 mpv                     com.tapman104.mpvplayer              V  [mkv:v] adjust seek target 661.503000 -> 659.457000
2026-07-03 13:38:47.838 24920-25180 mpv                     com.tapman104.mpvplayer              V  [mkv:v] seeking stream 0 (video) to packet 659.457000/-9223372036854775808.000000
2026-07-03 13:38:47.838 24920-25180 mpv                     com.tapman104.mpvplayer              V  [mkv:v] seeking stream 1 (audio) to packet 659.433500/-9223372036854775808.000000
2026-07-03 13:38:47.838 24920-25180 mpv                     com.tapman104.mpvplayer              V  [mkv:v] seeking stream 2 (sub) to packet 658.077000/-9223372036854775808.000000
2026-07-03 13:38:47.849 24920-25190 MediaCodec              com.tapman104.mpvplayer              D  [0xb400007a6971fd00] setState: 6
2026-07-03 13:38:47.849 24920-25190 CCodecConfig            com.tapman104.mpvplayer              I  query failed after returning 19 values (BAD_INDEX)
2026-07-03 13:38:47.851 24920-25190 Codec2Client            com.tapman104.mpvplayer              W  query -- param skipped: index = 1342179345.
2026-07-03 13:38:47.851 24920-25190 Codec2Client            com.tapman104.mpvplayer              W  query -- param skipped: index = 2415921170.
2026-07-03 13:38:47.851 24920-25190 Codec2Client            com.tapman104.mpvplayer              W  query -- param skipped: index = 1610614798.
2026-07-03 13:38:47.851 24920-25190 MediaCodec              com.tapman104.mpvplayer              D  [0xb400007a6971fd00] setState: 7
2026-07-03 13:38:47.856 24920-25190 MediaCodec              com.tapman104.mpvplayer              D  [0xb400007a6971fd00] setState: 6
2026-07-03 13:38:47.856 24920-25190 CCodecConfig            com.tapman104.mpvplayer              I  query failed after returning 19 values (BAD_INDEX)
2026-07-03 13:38:47.857  1631-2008  NtAudioGlyphServiceImpl system_server                        D  onAudioTrackStop request:AudioLightRequest@b06b43b{Id:107,uid:10273,pid:24920,noAudio:false,csvId:-1,pkg:com.tapman104.mpvplayer,session:6937,addby:2}
2026-07-03 13:38:47.857  1631-2008  NtAudioGlyphServiceImpl system_server                        D  AudioLightRequests[0]- AudioLightRequest@b06b43b{Id:107,uid:10273,pid:24920,noAudio:false,csvId:-1,pkg:com.tapman104.mpvplayer,session:6937,addby:2}
2026-07-03 13:38:47.859 24920-25190 Codec2Client            com.tapman104.mpvplayer              W  query -- param skipped: index = 1342179345.
2026-07-03 13:38:47.859 24920-25190 Codec2Client            com.tapman104.mpvplayer              W  query -- param skipped: index = 2415921170.
2026-07-03 13:38:47.859 24920-25190 Codec2Client            com.tapman104.mpvplayer              W  query -- param skipped: index = 1610614798.
2026-07-03 13:38:47.861 24920-25180 mpv                     com.tapman104.mpvplayer              V  event: seek
2026-07-03 13:38:47.862 24920-25180 MpvEventDispatcher      com.tapman104.mpvplayer              D  Received MPV event: 20
2026-07-03 13:38:47.867 24920-25191 CCodecBufferChannel     com.tapman104.mpvplayer              D  [c2.mtk.avc.decoder#797] Discard frames from previous generation.
2026-07-03 13:38:47.867 24920-25191 Codec2-Out...ufferQueue com.tapman104.mpvplayer              D  set max dequeue count 19 from update
2026-07-03 13:38:47.869 24920-25190 CCodecBufferChannel     com.tapman104.mpvplayer              D  [c2.mtk.avc.decoder#797] send inputSlots num:8 to codec
2026-07-03 13:38:47.872 24920-25195 CCodecBufferChannel     com.tapman104.mpvplayer              D  [c2.mtk.avc.decoder#797] Ignoring stale input buffer done callback: last flush index = 2392, frameIndex = 2392
2026-07-03 13:38:47.896 24920-25180 mpv                     com.tapman104.mpvplayer              V  [vd:v] Decoder format: 1920x1080 [0:1] yuv420p auto/auto/auto/limited/auto CL=unknown crop=1920x1080+0+0 A=none
2026-07-03 13:38:47.897 24920-25180 mpv                     com.tapman104.mpvplayer              V  [vd:v] Using container aspect ratio.
2026-07-03 13:38:47.910 24920-25180 mpv                     com.tapman104.mpvplayer              V  [cplayer:v] first video frame after restart shown
2026-07-03 13:38:47.911 24920-25171 AudioTrack              com.tapman104.mpvplayer              D  pause(2026): 0xb400007a89755b90, prior state:STATE_FLUSHED, packageName: com.tapman104.mpvplayer
2026-07-03 13:38:47.911 24920-25171 AudioTrack              com.tapman104.mpvplayer              D  flush(2026): 0xb400007a89755b90, prior state:STATE_FLUSHED, packageName: com.tapman104.mpvplayer
2026-07-03 13:38:47.911 24920-25180 mpv                     com.tapman104.mpvplayer              V  [cplayer:v] audio ready
2026-07-03 13:38:47.911 24920-25171 AudioTrack              com.tapman104.mpvplayer              D  updateStateToService: AudioTrackStatus state:4
2026-07-03 13:38:47.912 24920-25180 mpv                     com.tapman104.mpvplayer              V  [mkv:v] queuing seek to 652.204000
2026-07-03 13:38:47.912 24920-25180 mpv                     com.tapman104.mpvplayer              V  [mkv:v] cached range 0: 567.616000 <-> 973.271000 (bof=0, eof=0)
2026-07-03 13:38:47.912 24920-25180 mpv                     com.tapman104.mpvplayer              V  [mkv:v] ...using this range for in-cache seek.
2026-07-03 13:38:47.912 24920-25180 mpv                     com.tapman104.mpvplayer              V  [mkv:v] adjust seek target 652.204000 -> 649.948000
2026-07-03 13:38:47.912 24920-25190 MediaCodec              com.tapman104.mpvplayer              D  [0xb400007a6971fd00] setState: 7
2026-07-03 13:38:47.912 24920-25180 mpv                     com.tapman104.mpvplayer              V  [mkv:v] seeking stream 0 (video) to packet 649.948000/-9223372036854775808.000000
2026-07-03 13:38:47.912 24920-25180 mpv                     com.tapman104.mpvplayer              V  [mkv:v] seeking stream 1 (audio) to packet 649.933500/-9223372036854775808.000000
2026-07-03 13:38:47.913 24920-25180 mpv                     com.tapman104.mpvplayer              V  [mkv:v] seeking stream 2 (sub) to packet 649.927000/-9223372036854775808.000000
2026-07-03 13:38:47.913  1631-3824  AS.AudioService         system_server                        D  AudioTrackStatus: pid = 24920; uid = 10273; sessionId = 6937; streamType = 3; state = 4; pkgName = com.tapman104.mpvplayer
2026-07-03 13:38:47.920  1631-2008  NtAudioGlyphServiceImpl system_server                        D  onAudioTrackStop request:AudioLightRequest@b06b43b{Id:107,uid:10273,pid:24920,noAudio:false,csvId:-1,pkg:com.tapman104.mpvplayer,session:6937,addby:2}
2026-07-03 13:38:47.920  1631-2008  NtAudioGlyphServiceImpl system_server                        D  AudioLightRequests[0]- AudioLightRequest@b06b43b{Id:107,uid:10273,pid:24920,noAudio:false,csvId:-1,pkg:com.tapman104.mpvplayer,session:6937,addby:2}
2026-07-03 13:38:47.922 24920-25190 MediaCodec              com.tapman104.mpvplayer              D  [0xb400007a6971fd00] setState: 6
2026-07-03 13:38:47.924 24920-25190 CCodecConfig            com.tapman104.mpvplayer              I  query failed after returning 19 values (BAD_INDEX)
2026-07-03 13:38:47.925 24920-25190 Codec2Client            com.tapman104.mpvplayer              W  query -- param skipped: index = 1342179345.
2026-07-03 13:38:47.925 24920-25190 Codec2Client            com.tapman104.mpvplayer              W  query -- param skipped: index = 2415921170.
2026-07-03 13:38:47.925 24920-25190 Codec2Client            com.tapman104.mpvplayer              W  query -- param skipped: index = 1610614798.
2026-07-03 13:38:47.925 24920-25190 MediaCodec              com.tapman104.mpvplayer              D  [0xb400007a6971fd00] setState: 7
2026-07-03 13:38:47.928 24920-25190 MediaCodec              com.tapman104.mpvplayer              D  [0xb400007a6971fd00] setState: 6
2026-07-03 13:38:47.929 24920-25190 CCodecConfig            com.tapman104.mpvplayer              I  query failed after returning 19 values (BAD_INDEX)
2026-07-03 13:38:47.929 24920-25190 Codec2Client            com.tapman104.mpvplayer              W  query -- param skipped: index = 1342179345.
2026-07-03 13:38:47.930 24920-25190 Codec2Client            com.tapman104.mpvplayer              W  query -- param skipped: index = 2415921170.
2026-07-03 13:38:47.930 24920-25190 Codec2Client            com.tapman104.mpvplayer              W  query -- param skipped: index = 1610614798.
2026-07-03 13:38:47.931 24920-25180 mpv                     com.tapman104.mpvplayer              V  event: seek
2026-07-03 13:38:47.931 24920-25180 MpvEventDispatcher      com.tapman104.mpvplayer              D  Received MPV event: 20
2026-07-03 13:38:47.934 24920-25191 CCodecBufferChannel     com.tapman104.mpvplayer              D  [c2.mtk.avc.decoder#797] Discard frames from previous generation.
2026-07-03 13:38:47.934 24920-25191 Codec2-Out...ufferQueue com.tapman104.mpvplayer              D  set max dequeue count 19 from update
2026-07-03 13:38:47.934 24920-25190 CCodecBufferChannel     com.tapman104.mpvplayer              D  [c2.mtk.avc.decoder#797] send inputSlots num:8 to codec
2026-07-03 13:38:47.938 24920-24920 ScrollIdentify          com.tapman104.mpvplayer              I  on fling
2026-07-03 13:38:47.938 24920-25195 CCodecBufferChannel     com.tapman104.mpvplayer              D  [c2.mtk.avc.decoder#797] Ignoring stale input buffer done callback: last flush index = 2407, frameIndex = 2407
2026-07-03 13:38:47.963 24920-25180 mpv                     com.tapman104.mpvplayer              V  [vd:v] Decoder format: 1920x1080 [0:1] yuv420p auto/auto/auto/limited/auto CL=unknown crop=1920x1080+0+0 A=none
2026-07-03 13:38:47.964 24920-25180 mpv                     com.tapman104.mpvplayer              V  [vd:v] Using container aspect ratio.
2026-07-03 13:38:47.974 24920-25180 mpv                     com.tapman104.mpvplayer              V  [cplayer:v] first video frame after restart shown
2026-07-03 13:38:47.976 24920-25171 AudioTrack              com.tapman104.mpvplayer              D  pause(2026): 0xb400007a89755b90, prior state:STATE_FLUSHED, packageName: com.tapman104.mpvplayer
2026-07-03 13:38:47.976 24920-25180 mpv                     com.tapman104.mpvplayer              V  [cplayer:v] audio ready
2026-07-03 13:38:47.976 24920-25171 AudioTrack              com.tapman104.mpvplayer              D  flush(2026): 0xb400007a89755b90, prior state:STATE_FLUSHED, packageName: com.tapman104.mpvplayer
2026-07-03 13:38:47.977 24920-25171 AudioTrack              com.tapman104.mpvplayer              D  updateStateToService: AudioTrackStatus state:4
2026-07-03 13:38:47.977 24920-25180 mpv                     com.tapman104.mpvplayer              V  [mkv:v] queuing seek to 648.104000
2026-07-03 13:38:47.977 24920-25190 MediaCodec              com.tapman104.mpvplayer              D  [0xb400007a6971fd00] setState: 7
2026-07-03 13:38:47.977 24920-25180 mpv                     com.tapman104.mpvplayer              V  [mkv:v] cached range 0: 567.616000 <-> 973.271000 (bof=0, eof=0)
2026-07-03 13:38:47.977 24920-25180 mpv                     com.tapman104.mpvplayer              V  [mkv:v] ...using this range for in-cache seek.
2026-07-03 13:38:47.977  1631-3367  AS.AudioService         system_server                        D  AudioTrackStatus: pid = 24920; uid = 10273; sessionId = 6937; streamType = 3; state = 4; pkgName = com.tapman104.mpvplayer
2026-07-03 13:38:47.978 24920-25180 mpv                     com.tapman104.mpvplayer              V  [mkv:v] seeking stream 0 (video) to packet 646.444000/-9223372036854775808.000000
2026-07-03 13:38:47.978 24920-25180 mpv                     com.tapman104.mpvplayer              V  [mkv:v] seeking stream 1 (audio) to packet 648.093500/-9223372036854775808.000000
2026-07-03 13:38:47.978 24920-25180 mpv                     com.tapman104.mpvplayer              V  [mkv:v] seeking stream 2 (sub) to packet 644.097000/-9223372036854775808.000000
2026-07-03 13:38:47.982 24920-25190 MediaCodec              com.tapman104.mpvplayer              D  [0xb400007a6971fd00] setState: 6
2026-07-03 13:38:47.982 24920-25190 CCodecConfig            com.tapman104.mpvplayer              I  query failed after returning 19 values (BAD_INDEX)
2026-07-03 13:38:47.982 24920-25191 CCodecBufferChannel     com.tapman104.mpvplayer              D  [c2.mtk.avc.decoder#797] flushed work; ignored.
2026-07-03 13:38:47.982 24920-25191 CCodecBufferChannel     com.tapman104.mpvplayer              D  [c2.mtk.avc.decoder#797] Discard frames from previous generation.
2026-07-03 13:38:47.982 24920-25191 CCodecBufferChannel     com.tapman104.mpvplayer              D  [c2.mtk.avc.decoder#797] flushed work not feedInput.
2026-07-03 13:38:47.984 24920-25190 Codec2Client            com.tapman104.mpvplayer              W  query -- param skipped: index = 1342179345.
2026-07-03 13:38:47.984 24920-25190 Codec2Client            com.tapman104.mpvplayer              W  query -- param skipped: index = 2415921170.
2026-07-03 13:38:47.984 24920-25190 Codec2Client            com.tapman104.mpvplayer              W  query -- param skipped: index = 1610614798.
2026-07-03 13:38:47.986 24920-25190 MediaCodec              com.tapman104.mpvplayer              D  [0xb400007a6971fd00] setState: 7
2026-07-03 13:38:47.991 24920-25190 MediaCodec              com.tapman104.mpvplayer              D  [0xb400007a6971fd00] setState: 6
2026-07-03 13:38:47.991 24920-25190 CCodecConfig            com.tapman104.mpvplayer              I  query failed after returning 19 values (BAD_INDEX)
2026-07-03 13:38:47.992 24920-25190 Codec2Client            com.tapman104.mpvplayer              W  query -- param skipped: index = 1342179345.
2026-07-03 13:38:47.992 24920-25190 Codec2Client            com.tapman104.mpvplayer              W  query -- param skipped: index = 2415921170.
2026-07-03 13:38:47.992 24920-25190 Codec2Client            com.tapman104.mpvplayer              W  query -- param skipped: index = 1610614798.
2026-07-03 13:38:47.992 24920-25180 mpv                     com.tapman104.mpvplayer              V  event: seek
2026-07-03 13:38:47.992 24920-25180 MpvEventDispatcher      com.tapman104.mpvplayer              D  Received MPV event: 20
2026-07-03 13:38:47.994 24920-25180 mpv                     com.tapman104.mpvplayer              V  [cplayer:v] hr-seek, skipping to 648.104000
2026-07-03 13:38:47.994 24920-25191 CCodecBufferChannel     com.tapman104.mpvplayer              D  [c2.mtk.avc.decoder#797] Discard frames from previous generation.
2026-07-03 13:38:47.994 24920-25191 Codec2-Out...ufferQueue com.tapman104.mpvplayer              D  set max dequeue count 19 from update
2026-07-03 13:38:47.994 24920-25190 CCodecBufferChannel     com.tapman104.mpvplayer              D  [c2.mtk.avc.decoder#797] send inputSlots num:8 to codec
2026-07-03 13:38:47.995  1631-2008  NtAudioGlyphServiceImpl system_server                        D  onAudioTrackStop request:AudioLightRequest@b06b43b{Id:107,uid:10273,pid:24920,noAudio:false,csvId:-1,pkg:com.tapman104.mpvplayer,session:6937,addby:2}
2026-07-03 13:38:47.995  1631-2008  NtAudioGlyphServiceImpl system_server                        D  AudioLightRequests[0]- AudioLightRequest@b06b43b{Id:107,uid:10273,pid:24920,noAudio:false,csvId:-1,pkg:com.tapman104.mpvplayer,session:6937,addby:2}
2026-07-03 13:38:47.999 24920-25195 CCodecBufferChannel     com.tapman104.mpvplayer              D  [c2.mtk.avc.decoder#797] Ignoring stale input buffer done callback: last flush index = 2422, frameIndex = 2422
2026-07-03 13:38:48.027 24920-25180 mpv                     com.tapman104.mpvplayer              V  [vd:v] Decoder format: 1920x1080 [0:1] yuv420p auto/auto/auto/limited/auto CL=unknown crop=1920x1080+0+0 A=none
2026-07-03 13:38:48.029 24920-25180 mpv                     com.tapman104.mpvplayer              V  [vd:v] Using container aspect ratio.
2026-07-03 13:38:48.071  1631-2008  NtAudioGlyphServiceImpl system_server                        D  onAudioTrackStop request:AudioLightRequest@b06b43b{Id:107,uid:10273,pid:24920,noAudio:false,csvId:-1,pkg:com.tapman104.mpvplayer,session:6937,addby:2}
2026-07-03 13:38:48.072  1631-2008  NtAudioGlyphServiceImpl system_server                        D  AudioLightRequests[0]- AudioLightRequest@b06b43b{Id:107,uid:10273,pid:24920,noAudio:false,csvId:-1,pkg:com.tapman104.mpvplayer,session:6937,addby:2}
2026-07-03 13:38:48.174 24920-25190 BufferPoolAccessor2.0   com.tapman104.mpvplayer              D  bufferpool2 0xb4000079e970d628 : 10(20971520 size) total buffers - 8(16777216 size) used buffers - 3074/3084 (recycle/alloc) - 11/2536 (fetch/transfer)
2026-07-03 13:38:48.226 24920-25180 mpv                     com.tapman104.mpvplayer              V  [cplayer:v] first video frame after restart shown
2026-07-03 13:38:48.229 24920-25180 mpv                     com.tapman104.mpvplayer              V  [cplayer:v] audio ready
2026-07-03 13:38:48.229 24920-25171 AudioTrack              com.tapman104.mpvplayer              D  start(2026): 0xb400007a89755b90, prior state:STATE_FLUSHED, packageName: com.tapman104.mpvplayer
2026-07-03 13:38:48.230 24920-25180 mpv                     com.tapman104.mpvplayer              V  [cplayer:v] starting audio playback
2026-07-03 13:38:48.239  1631-2359  AppOps                  system_server                        E  attributionTag  not declared in manifest of com.tapman104.mpvplayer
2026-07-03 13:38:48.243  1631-2359  AppOps                  system_server                        E  attributionTag  not declared in manifest of com.tapman104.mpvplayer
2026-07-03 13:38:48.245 24920-25180 mpv                     com.tapman104.mpvplayer              V  event: playback-restart
2026-07-03 13:38:48.245 24920-25180 MpvEventDispatcher      com.tapman104.mpvplayer              D  Received MPV event: 21
2026-07-03 13:38:48.245 24920-25180 mpv                     com.tapman104.mpvplayer              V  [cplayer:v] playback restart complete @ 648.113000, audio=playing, video=playing
2026-07-03 13:38:48.247 24920-25180 mpv                     com.tapman104.mpvplayer              V  [cplayer:warn] Audio device underrun detected.
2026-07-03 13:38:48.248 24920-25180 mpv                     com.tapman104.mpvplayer              V  [cplayer:v] restarting audio after underrun
2026-07-03 13:38:48.345  2209-9938  DetectSceneService      com.nothing.audioeffect              D  pid = 24920 processName = com.tapman104.mpvplayer
2026-07-03 13:38:48.362  1041-1041  BufferQueueProducer     surfaceflinger                       I  [eba0222 SurfaceView[com.tapman104.mpvplayer/com.tapman104.mpvplayer.PlayerActivity](BLAST)#33528](this:0xb400007961d79068,id:-1,api:0,p:-1,c:1041) queueBuffer: fps=11.68 dur=1112.55 max=251.49 min=41.77
2026-07-03 13:38:48.663 24920-25279 AudioTrack              com.tapman104.mpvplayer              D  updateStateToService: AudioTrackStatus state:0
2026-07-03 13:38:48.664  1631-1648  AS.AudioService         system_server                        D  AudioTrackStatus: pid = 24920; uid = 10273; sessionId = 6937; streamType = 3; state = 0; pkgName = com.tapman104.mpvplayer
2026-07-03 13:38:48.665  1631-1648  NtAudioGlyphServiceImpl system_server                        D  addAudioLightRequest for uid:10273 pid:24920 pkgName:com.tapman104.mpvplayer audioType:3 addby: 2 sessionId:6937 with lightId:107 csvId:-1 noAudio:false
2026-07-03 13:38:48.665  1631-1648  NtAudioGlyphServiceImpl system_server                        D  AudioLightRequests[1]+ AudioLightRequest@66562ce{Id:107,uid:10273,pid:24920,noAudio:false,csvId:-1,pkg:com.tapman104.mpvplayer,session:-1,addby:2}
2026-07-03 13:38:48.666  1631-1648  AS.AudioService         system_server                        D  [reportAudioTrackStatusChanged]start broadcast, pid = 24920, uid = 10273, status = 0, streamType = 3, pkgName = com.tapman104.mpvplayer, sessionId = 6937
2026-07-03 13:38:49.215 24920-25062 PowerHalMgrImpl         com.tapman104.mpvplayer              I  hdl:60096, pid:24920 
2026-07-03 13:38:49.236 24920-25180 mpv                     com.tapman104.mpvplayer              V  [mkv:v] queuing seek to 645.611000
2026-07-03 13:38:49.236 24920-25171 AudioTrack              com.tapman104.mpvplayer              D  pause(2026): 0xb400007a89755b90, prior state:STATE_ACTIVE, packageName: com.tapman104.mpvplayer
2026-07-03 13:38:49.236 24920-25171 AudioTrackShared        com.tapman104.mpvplayer              D  this(0xb400007979904ef0), mCblk(0x79324b4000), front(1852768), mIsOut 1, interrupt() FUTEX_WAKE
2026-07-03 13:38:49.236 24920-25180 mpv                     com.tapman104.mpvplayer              V  [mkv:v] cached range 0: 567.616000 <-> 973.271000 (bof=0, eof=0)
2026-07-03 13:38:49.236 24920-25180 mpv                     com.tapman104.mpvplayer              V  [mkv:v] ...using this range for in-cache seek.
2026-07-03 13:38:49.236 24920-25180 mpv                     com.tapman104.mpvplayer              V  [mkv:v] adjust seek target 645.611000 -> 640.188000
2026-07-03 13:38:49.236 24920-25180 mpv                     com.tapman104.mpvplayer              V  [mkv:v] seeking stream 0 (video) to packet 640.188000/-9223372036854775808.000000
2026-07-03 13:38:49.237 24920-25180 mpv                     com.tapman104.mpvplayer              V  [mkv:v] seeking stream 1 (audio) to packet 640.173500/-9223372036854775808.000000
2026-07-03 13:38:49.237 24920-25180 mpv                     com.tapman104.mpvplayer              V  [mkv:v] seeking stream 2 (sub) to packet 638.177000/-9223372036854775808.000000
2026-07-03 13:38:49.237  1631-2359  AppOps                  system_server                        E  attributionTag  not declared in manifest of com.tapman104.mpvplayer
2026-07-03 13:38:49.238  1631-1648  AppOps                  system_server                        E  attributionTag  not declared in manifest of com.tapman104.mpvplayer
2026-07-03 13:38:49.238 24920-25171 AudioTrack              com.tapman104.mpvplayer              D  updateStateToService: AudioTrackStatus state:2
2026-07-03 13:38:49.238 24920-25171 AudioTrack              com.tapman104.mpvplayer              D  flush(2026): 0xb400007a89755b90, prior state:STATE_PAUSED, packageName: com.tapman104.mpvplayer
2026-07-03 13:38:49.239 24920-25171 AudioTrack              com.tapman104.mpvplayer              D  updateStateToService: AudioTrackStatus state:4
2026-07-03 13:38:49.239  1631-2359  AS.AudioService         system_server                        D  AudioTrackStatus: pid = 24920; uid = 10273; sessionId = 6937; streamType = 3; state = 2; pkgName = com.tapman104.mpvplayer
2026-07-03 13:38:49.239 24920-25190 MediaCodec              com.tapman104.mpvplayer              D  [0xb400007a6971fd00] setState: 7
2026-07-03 13:38:49.240  1631-2359  AS.AudioService         system_server                        D  AudioTrackStatus: pid = 24920; uid = 10273; sessionId = 6937; streamType = 3; state = 4; pkgName = com.tapman104.mpvplayer
2026-07-03 13:38:49.240  1041-1041  BufferQueueProducer     surfaceflinger                       I  [com.tapman104.mpvplayer/com.tapman104.mpvplayer.PlayerActivity#33523](this:0xb400007961d95808,id:-1,api:0,p:-1,c:1041) queueBuffer: fps=20.71 dur=1931.75 max=986.78 min=8.16
2026-07-03 13:38:49.254 24920-25190 MediaCodec              com.tapman104.mpvplayer              D  [0xb400007a6971fd00] setState: 6
2026-07-03 13:38:49.255 24920-25190 CCodecConfig            com.tapman104.mpvplayer              I  query failed after returning 19 values (BAD_INDEX)
2026-07-03 13:38:49.256 24920-25190 Codec2Client            com.tapman104.mpvplayer              W  query -- param skipped: index = 1342179345.
2026-07-03 13:38:49.256 24920-25190 Codec2Client            com.tapman104.mpvplayer              W  query -- param skipped: index = 2415921170.
2026-07-03 13:38:49.256 24920-25190 Codec2Client            com.tapman104.mpvplayer              W  query -- param skipped: index = 1610614798.
2026-07-03 13:38:49.256 24920-25190 MediaCodec              com.tapman104.mpvplayer              D  [0xb400007a6971fd00] setState: 7
2026-07-03 13:38:49.265 24920-25190 MediaCodec              com.tapman104.mpvplayer              D  [0xb400007a6971fd00] setState: 6
2026-07-03 13:38:49.265 24920-25190 CCodecConfig            com.tapman104.mpvplayer              I  query failed after returning 19 values (BAD_INDEX)
2026-07-03 13:38:49.267 24920-25190 Codec2Client            com.tapman104.mpvplayer              W  query -- param skipped: index = 1342179345.
2026-07-03 13:38:49.267 24920-25190 Codec2Client            com.tapman104.mpvplayer              W  query -- param skipped: index = 2415921170.
2026-07-03 13:38:49.267 24920-25190 Codec2Client            com.tapman104.mpvplayer              W  query -- param skipped: index = 1610614798.
2026-07-03 13:38:49.268 24920-25180 mpv                     com.tapman104.mpvplayer              V  event: seek
2026-07-03 13:38:49.269 24920-25180 MpvEventDispatcher      com.tapman104.mpvplayer              D  Received MPV event: 20
2026-07-03 13:38:49.271 24920-25191 CCodecBufferChannel     com.tapman104.mpvplayer              D  [c2.mtk.avc.decoder#797] Discard frames from previous generation.
2026-07-03 13:38:49.271 24920-25191 Codec2-Out...ufferQueue com.tapman104.mpvplayer              D  set max dequeue count 19 from update
2026-07-03 13:38:49.272 24920-25190 CCodecBufferChannel     com.tapman104.mpvplayer              D  [c2.mtk.avc.decoder#797] send inputSlots num:8 to codec
2026-07-03 13:38:49.276 24920-25195 CCodecBufferChannel     com.tapman104.mpvplayer              D  [c2.mtk.avc.decoder#797] Ignoring stale input buffer done callback: last flush index = 2485, frameIndex = 2485
2026-07-03 13:38:49.302 24920-25180 mpv                     com.tapman104.mpvplayer              V  [vd:v] Decoder format: 1920x1080 [0:1] yuv420p auto/auto/auto/limited/auto CL=unknown crop=1920x1080+0+0 A=none
2026-07-03 13:38:49.304 24920-25180 mpv                     com.tapman104.mpvplayer              V  [vd:v] Using container aspect ratio.
2026-07-03 13:38:49.314 24920-25180 mpv                     com.tapman104.mpvplayer              V  [cplayer:v] first video frame after restart shown
2026-07-03 13:38:49.321 24920-25180 mpv                     com.tapman104.mpvplayer              V  [cplayer:v] audio ready
2026-07-03 13:38:49.321 24920-25171 AudioTrack              com.tapman104.mpvplayer              D  pause(2026): 0xb400007a89755b90, prior state:STATE_FLUSHED, packageName: com.tapman104.mpvplayer
2026-07-03 13:38:49.321 24920-25171 AudioTrack              com.tapman104.mpvplayer              D  flush(2026): 0xb400007a89755b90, prior state:STATE_FLUSHED, packageName: com.tapman104.mpvplayer
2026-07-03 13:38:49.321 24920-25171 AudioTrack              com.tapman104.mpvplayer              D  updateStateToService: AudioTrackStatus state:4
2026-07-03 13:38:49.321 24920-25190 MediaCodec              com.tapman104.mpvplayer              D  [0xb400007a6971fd00] setState: 7
2026-07-03 13:38:49.321 24920-25180 mpv                     com.tapman104.mpvplayer              V  [mkv:v] queuing seek to 619.105000
2026-07-03 13:38:49.322  1631-2359  AS.AudioService         system_server                        D  AudioTrackStatus: pid = 24920; uid = 10273; sessionId = 6937; streamType = 3; state = 4; pkgName = com.tapman104.mpvplayer
2026-07-03 13:38:49.322 24920-25180 mpv                     com.tapman104.mpvplayer              V  [mkv:v] cached range 0: 567.616000 <-> 973.271000 (bof=0, eof=0)
2026-07-03 13:38:49.322 24920-25180 mpv                     com.tapman104.mpvplayer              V  [mkv:v] ...using this range for in-cache seek.
2026-07-03 13:38:49.323 24920-25180 mpv                     com.tapman104.mpvplayer              V  [mkv:v] adjust seek target 619.105000 -> 617.791000
2026-07-03 13:38:49.323 24920-25180 mpv                     com.tapman104.mpvplayer              V  [mkv:v] seeking stream 0 (video) to packet 617.791000/-9223372036854775808.000000
2026-07-03 13:38:49.323 24920-25180 mpv                     com.tapman104.mpvplayer              V  [mkv:v] seeking stream 1 (audio) to packet 617.773500/-9223372036854775808.000000
2026-07-03 13:38:49.323 24920-25180 mpv                     com.tapman104.mpvplayer              V  [mkv:v] seeking stream 2 (sub) to packet 613.777000/-9223372036854775808.000000
2026-07-03 13:38:49.330 24920-25190 MediaCodec              com.tapman104.mpvplayer              D  [0xb400007a6971fd00] setState: 6
2026-07-03 13:38:49.330 24920-25190 CCodecConfig            com.tapman104.mpvplayer              I  query failed after returning 19 values (BAD_INDEX)
2026-07-03 13:38:49.330 24920-25191 CCodecBufferChannel     com.tapman104.mpvplayer              D  [c2.mtk.avc.decoder#797] flushed work; ignored.
2026-07-03 13:38:49.330 24920-25191 CCodecBufferChannel     com.tapman104.mpvplayer              D  [c2.mtk.avc.decoder#797] Discard frames from previous generation.
2026-07-03 13:38:49.330 24920-25191 CCodecBufferChannel     com.tapman104.mpvplayer              D  [c2.mtk.avc.decoder#797] flushed work not feedInput.
2026-07-03 13:38:49.331 24920-25190 Codec2Client            com.tapman104.mpvplayer              W  query -- param skipped: index = 1342179345.
2026-07-03 13:38:49.331 24920-25190 Codec2Client            com.tapman104.mpvplayer              W  query -- param skipped: index = 2415921170.
2026-07-03 13:38:49.331 24920-25190 Codec2Client            com.tapman104.mpvplayer              W  query -- param skipped: index = 1610614798.
2026-07-03 13:38:49.332 24920-25190 MediaCodec              com.tapman104.mpvplayer              D  [0xb400007a6971fd00] setState: 7
2026-07-03 13:38:49.337 24920-25190 MediaCodec              com.tapman104.mpvplayer              D  [0xb400007a6971fd00] setState: 6
2026-07-03 13:38:49.338 24920-25190 CCodecConfig            com.tapman104.mpvplayer              I  query failed after returning 19 values (BAD_INDEX)
2026-07-03 13:38:49.339 24920-25190 Codec2Client            com.tapman104.mpvplayer              W  query -- param skipped: index = 1342179345.
2026-07-03 13:38:49.339 24920-25190 Codec2Client            com.tapman104.mpvplayer              W  query -- param skipped: index = 2415921170.
2026-07-03 13:38:49.339 24920-25190 Codec2Client            com.tapman104.mpvplayer              W  query -- param skipped: index = 1610614798.
2026-07-03 13:38:49.341 24920-25180 mpv                     com.tapman104.mpvplayer              V  event: seek
2026-07-03 13:38:49.341 24920-25180 MpvEventDispatcher      com.tapman104.mpvplayer              D  Received MPV event: 20
2026-07-03 13:38:49.344 24920-25191 CCodecBufferChannel     com.tapman104.mpvplayer              D  [c2.mtk.avc.decoder#797] Discard frames from previous generation.
2026-07-03 13:38:49.344 24920-25191 Codec2-Out...ufferQueue com.tapman104.mpvplayer              D  set max dequeue count 19 from update
2026-07-03 13:38:49.344 24920-25190 CCodecBufferChannel     com.tapman104.mpvplayer              D  [c2.mtk.avc.decoder#797] send inputSlots num:8 to codec
2026-07-03 13:38:49.349 24920-25195 CCodecBufferChannel     com.tapman104.mpvplayer              D  [c2.mtk.avc.decoder#797] Ignoring stale input buffer done callback: last flush index = 2498, frameIndex = 2498
2026-07-03 13:38:49.374 24920-25180 mpv                     com.tapman104.mpvplayer              V  [vd:v] Decoder format: 1920x1080 [0:1] yuv420p auto/auto/auto/limited/auto CL=unknown crop=1920x1080+0+0 A=none
2026-07-03 13:38:49.375 24920-25180 mpv                     com.tapman104.mpvplayer              V  [vd:v] Using container aspect ratio.
2026-07-03 13:38:49.387 24920-25180 mpv                     com.tapman104.mpvplayer              V  [cplayer:v] first video frame after restart shown
2026-07-03 13:38:49.390 24920-25180 mpv                     com.tapman104.mpvplayer              V  [cplayer:v] audio ready
2026-07-03 13:38:49.390 24920-25171 AudioTrack              com.tapman104.mpvplayer              D  pause(2026): 0xb400007a89755b90, prior state:STATE_FLUSHED, packageName: com.tapman104.mpvplayer
2026-07-03 13:38:49.391 24920-25180 mpv                     com.tapman104.mpvplayer              V  [mkv:v] queuing seek to 595.915000
2026-07-03 13:38:49.391 24920-25171 AudioTrack              com.tapman104.mpvplayer              D  flush(2026): 0xb400007a89755b90, prior state:STATE_FLUSHED, packageName: com.tapman104.mpvplayer
2026-07-03 13:38:49.391 24920-25180 mpv                     com.tapman104.mpvplayer              V  [mkv:v] cached range 0: 567.616000 <-> 973.271000 (bof=0, eof=0)
2026-07-03 13:38:49.391  1041-1041  BufferQueueProducer     surfaceflinger                       I  [eba0222 SurfaceView[com.tapman104.mpvplayer/com.tapman104.mpvplayer.PlayerActivity](BLAST)#33528](this:0xb400007961d79068,id:-1,api:0,p:-1,c:1041) queueBuffer: fps=16.53 dur=1028.74 max=217.32 min=33.08
2026-07-03 13:38:49.391 24920-25180 mpv                     com.tapman104.mpvplayer              V  [mkv:v] ...using this range for in-cache seek.
2026-07-03 13:38:49.391 24920-25180 mpv                     com.tapman104.mpvplayer              V  [mkv:v] adjust seek target 595.915000 -> 594.643000
2026-07-03 13:38:49.392 24920-25180 mpv                     com.tapman104.mpvplayer              V  [mkv:v] seeking stream 0 (video) to packet 594.643000/-9223372036854775808.000000
2026-07-03 13:38:49.392 24920-25180 mpv                     com.tapman104.mpvplayer              V  [mkv:v] seeking stream 1 (audio) to packet 594.633500/-9223372036854775808.000000
2026-07-03 13:38:49.392 24920-25180 mpv                     com.tapman104.mpvplayer              V  [mkv:v] seeking stream 2 (sub) to packet 592.667000/-9223372036854775808.000000
2026-07-03 13:38:49.392 24920-25171 AudioTrack              com.tapman104.mpvplayer              D  updateStateToService: AudioTrackStatus state:4
2026-07-03 13:38:49.392 24920-25190 MediaCodec              com.tapman104.mpvplayer              D  [0xb400007a6971fd00] setState: 7
2026-07-03 13:38:49.393  1631-2359  AS.AudioService         system_server                        D  AudioTrackStatus: pid = 24920; uid = 10273; sessionId = 6937; streamType = 3; state = 4; pkgName = com.tapman104.mpvplayer
2026-07-03 13:38:49.405 24920-25190 MediaCodec              com.tapman104.mpvplayer              D  [0xb400007a6971fd00] setState: 6
2026-07-03 13:38:49.405 24920-25190 CCodecConfig            com.tapman104.mpvplayer              I  query failed after returning 19 values (BAD_INDEX)
2026-07-03 13:38:49.407 24920-25190 Codec2Client            com.tapman104.mpvplayer              W  query -- param skipped: index = 1342179345.
2026-07-03 13:38:49.407 24920-25190 Codec2Client            com.tapman104.mpvplayer              W  query -- param skipped: index = 2415921170.
2026-07-03 13:38:49.407 24920-25190 Codec2Client            com.tapman104.mpvplayer              W  query -- param skipped: index = 1610614798.
2026-07-03 13:38:49.409 24920-25190 MediaCodec              com.tapman104.mpvplayer              D  [0xb400007a6971fd00] setState: 7
2026-07-03 13:38:49.415 24920-25190 MediaCodec              com.tapman104.mpvplayer              D  [0xb400007a6971fd00] setState: 6
2026-07-03 13:38:49.415 24920-25190 CCodecConfig            com.tapman104.mpvplayer              I  query failed after returning 19 values (BAD_INDEX)
2026-07-03 13:38:49.417 24920-25190 Codec2Client            com.tapman104.mpvplayer              W  query -- param skipped: index = 1342179345.
2026-07-03 13:38:49.417 24920-25190 Codec2Client            com.tapman104.mpvplayer              W  query -- param skipped: index = 2415921170.
2026-07-03 13:38:49.417 24920-25190 Codec2Client            com.tapman104.mpvplayer              W  query -- param skipped: index = 1610614798.
2026-07-03 13:38:49.418 24920-25180 mpv                     com.tapman104.mpvplayer              V  event: seek
2026-07-03 13:38:49.419 24920-25180 MpvEventDispatcher      com.tapman104.mpvplayer              D  Received MPV event: 20
2026-07-03 13:38:49.420 24920-25191 CCodecBufferChannel     com.tapman104.mpvplayer              D  [c2.mtk.avc.decoder#797] Discard frames from previous generation.
2026-07-03 13:38:49.420 24920-25191 Codec2-Out...ufferQueue com.tapman104.mpvplayer              D  set max dequeue count 19 from update
2026-07-03 13:38:49.421 24920-25190 CCodecBufferChannel     com.tapman104.mpvplayer              D  [c2.mtk.avc.decoder#797] send inputSlots num:8 to codec
2026-07-03 13:38:49.424 24920-25195 CCodecBufferChannel     com.tapman104.mpvplayer              D  [c2.mtk.avc.decoder#797] Ignoring stale input buffer done callback: last flush index = 2512, frameIndex = 2512
2026-07-03 13:38:49.451 24920-25180 mpv                     com.tapman104.mpvplayer              V  [vd:v] Decoder format: 1920x1080 [0:1] yuv420p auto/auto/auto/limited/auto CL=unknown crop=1920x1080+0+0 A=none
2026-07-03 13:38:49.451 24920-25180 mpv                     com.tapman104.mpvplayer              V  [vd:v] Using container aspect ratio.
2026-07-03 13:38:49.465 24920-25180 mpv                     com.tapman104.mpvplayer              V  [cplayer:v] first video frame after restart shown
2026-07-03 13:38:49.466 24920-25171 AudioTrack              com.tapman104.mpvplayer              D  pause(2026): 0xb400007a89755b90, prior state:STATE_FLUSHED, packageName: com.tapman104.mpvplayer
2026-07-03 13:38:49.466 24920-25180 mpv                     com.tapman104.mpvplayer              V  [cplayer:v] audio ready
2026-07-03 13:38:49.466 24920-25171 AudioTrack              com.tapman104.mpvplayer              D  flush(2026): 0xb400007a89755b90, prior state:STATE_FLUSHED, packageName: com.tapman104.mpvplayer
2026-07-03 13:38:49.468 24920-25180 mpv                     com.tapman104.mpvplayer              V  [mkv:v] queuing seek to 575.902000
2026-07-03 13:38:49.468 24920-25171 AudioTrack              com.tapman104.mpvplayer              D  updateStateToService: AudioTrackStatus state:4
2026-07-03 13:38:49.468 24920-25190 MediaCodec              com.tapman104.mpvplayer              D  [0xb400007a6971fd00] setState: 7
2026-07-03 13:38:49.470 24920-25180 mpv                     com.tapman104.mpvplayer              V  [mkv:v] cached range 0: 567.616000 <-> 973.271000 (bof=0, eof=0)
2026-07-03 13:38:49.470 24920-25180 mpv                     com.tapman104.mpvplayer              V  [mkv:v] ...using this range for in-cache seek.
2026-07-03 13:38:49.471 24920-25180 mpv                     com.tapman104.mpvplayer              V  [mkv:v] adjust seek target 575.902000 -> 573.872000
2026-07-03 13:38:49.471 24920-25180 mpv                     com.tapman104.mpvplayer              V  [mkv:v] seeking stream 0 (video) to packet 573.872000/-9223372036854775808.000000
2026-07-03 13:38:49.472 24920-25180 mpv                     com.tapman104.mpvplayer              V  [mkv:v] seeking stream 1 (audio) to packet 573.853500/-9223372036854775808.000000
2026-07-03 13:38:49.474 24920-25180 mpv                     com.tapman104.mpvplayer              V  [mkv:v] seeking stream 2 (sub) to packet 571.597000/-9223372036854775808.000000
2026-07-03 13:38:49.481 24920-25190 MediaCodec              com.tapman104.mpvplayer              D  [0xb400007a6971fd00] setState: 6
2026-07-03 13:38:49.481 24920-25190 CCodecConfig            com.tapman104.mpvplayer              I  query failed after returning 19 values (BAD_INDEX)
2026-07-03 13:38:49.482 24920-25190 Codec2Client            com.tapman104.mpvplayer              W  query -- param skipped: index = 1342179345.
2026-07-03 13:38:49.482 24920-25190 Codec2Client            com.tapman104.mpvplayer              W  query -- param skipped: index = 2415921170.
2026-07-03 13:38:49.482 24920-25190 Codec2Client            com.tapman104.mpvplayer              W  query -- param skipped: index = 1610614798.
2026-07-03 13:38:49.483 24920-25190 MediaCodec              com.tapman104.mpvplayer              D  [0xb400007a6971fd00] setState: 7
2026-07-03 13:38:49.489 24920-25190 MediaCodec              com.tapman104.mpvplayer              D  [0xb400007a6971fd00] setState: 6
2026-07-03 13:38:49.490 24920-25190 CCodecConfig            com.tapman104.mpvplayer              I  query failed after returning 19 values (BAD_INDEX)
2026-07-03 13:38:49.491 24920-25190 Codec2Client            com.tapman104.mpvplayer              W  query -- param skipped: index = 1342179345.
2026-07-03 13:38:49.491 24920-25190 Codec2Client            com.tapman104.mpvplayer              W  query -- param skipped: index = 2415921170.
2026-07-03 13:38:49.491 24920-25190 Codec2Client            com.tapman104.mpvplayer              W  query -- param skipped: index = 1610614798.
2026-07-03 13:38:49.491 24920-25180 mpv                     com.tapman104.mpvplayer              V  event: seek
2026-07-03 13:38:49.492 24920-25180 MpvEventDispatcher      com.tapman104.mpvplayer              D  Received MPV event: 20
2026-07-03 13:38:49.494 24920-25191 CCodecBufferChannel     com.tapman104.mpvplayer              D  [c2.mtk.avc.decoder#797] Discard frames from previous generation.
2026-07-03 13:38:49.494 24920-25191 Codec2-Out...ufferQueue com.tapman104.mpvplayer              D  set max dequeue count 19 from update
2026-07-03 13:38:49.495 24920-25190 CCodecBufferChannel     com.tapman104.mpvplayer              D  [c2.mtk.avc.decoder#797] send inputSlots num:8 to codec
2026-07-03 13:38:49.498 24920-25195 CCodecBufferChannel     com.tapman104.mpvplayer              D  [c2.mtk.avc.decoder#797] Ignoring stale input buffer done callback: last flush index = 2525, frameIndex = 2525
2026-07-03 13:38:49.527 24920-25180 mpv                     com.tapman104.mpvplayer              V  [vd:v] Decoder format: 1920x1080 [0:1] yuv420p auto/auto/auto/limited/auto CL=unknown crop=1920x1080+0+0 A=none
2026-07-03 13:38:49.530 24920-25180 mpv                     com.tapman104.mpvplayer              V  [vd:v] Using container aspect ratio.
2026-07-03 13:38:49.536 24920-25180 mpv                     com.tapman104.mpvplayer              V  [cplayer:v] first video frame after restart shown
2026-07-03 13:38:49.537 24920-25171 AudioTrack              com.tapman104.mpvplayer              D  pause(2026): 0xb400007a89755b90, prior state:STATE_FLUSHED, packageName: com.tapman104.mpvplayer
2026-07-03 13:38:49.537 24920-25180 mpv                     com.tapman104.mpvplayer              V  [cplayer:v] audio ready
2026-07-03 13:38:49.537 24920-25171 AudioTrack              com.tapman104.mpvplayer              D  flush(2026): 0xb400007a89755b90, prior state:STATE_FLUSHED, packageName: com.tapman104.mpvplayer
2026-07-03 13:38:49.538 24920-25171 AudioTrack              com.tapman104.mpvplayer              D  updateStateToService: AudioTrackStatus state:4
2026-07-03 13:38:49.539  1631-2359  AS.AudioService         system_server                        D  AudioTrackStatus: pid = 24920; uid = 10273; sessionId = 6937; streamType = 3; state = 4; pkgName = com.tapman104.mpvplayer
