2026-07-03 13:38:49.540 24920-25190 MediaCodec              com.tapman104.mpvplayer              D  [0xb400007a6971fd00] setState: 7
2026-07-03 13:38:49.542 24920-25180 mpv                     com.tapman104.mpvplayer              V  [mkv:v] queuing seek to 555.742000
2026-07-03 13:38:49.543 24920-25180 mpv                     com.tapman104.mpvplayer              V  [mkv:v] cached range 0: 567.616000 <-> 973.271000 (bof=0, eof=0)
2026-07-03 13:38:49.543 24920-25180 mpv                     com.tapman104.mpvplayer              V  [mkv:v] execute seek (to 555.742000 flags 0)
2026-07-03 13:38:49.543 24920-25180 mpv                     com.tapman104.mpvplayer              V  [fd:v] stream level seek from 98012635 to 42936387
2026-07-03 13:38:49.543 24920-25180 mpv                     com.tapman104.mpvplayer              V  [mkv:v] seek done
2026-07-03 13:38:49.552 24920-25190 MediaCodec              com.tapman104.mpvplayer              D  [0xb400007a6971fd00] setState: 6
2026-07-03 13:38:49.553 24920-25191 CCodecBufferChannel     com.tapman104.mpvplayer              D  [c2.mtk.avc.decoder#797] flushed work; ignored.
2026-07-03 13:38:49.553 24920-25191 CCodecBufferChannel     com.tapman104.mpvplayer              D  [c2.mtk.avc.decoder#797] Discard frames from previous generation.
2026-07-03 13:38:49.553 24920-25191 CCodecBufferChannel     com.tapman104.mpvplayer              D  [c2.mtk.avc.decoder#797] flushed work not feedInput.
2026-07-03 13:38:49.553 24920-25190 CCodecConfig            com.tapman104.mpvplayer              I  query failed after returning 19 values (BAD_INDEX)
2026-07-03 13:38:49.554 24920-25190 Codec2Client            com.tapman104.mpvplayer              W  query -- param skipped: index = 1342179345.
2026-07-03 13:38:49.554 24920-25190 Codec2Client            com.tapman104.mpvplayer              W  query -- param skipped: index = 2415921170.
2026-07-03 13:38:49.554 24920-25190 Codec2Client            com.tapman104.mpvplayer              W  query -- param skipped: index = 1610614798.
2026-07-03 13:38:49.555 24920-25190 MediaCodec              com.tapman104.mpvplayer              D  [0xb400007a6971fd00] setState: 7
2026-07-03 13:38:49.557 24920-25190 MediaCodec              com.tapman104.mpvplayer              D  [0xb400007a6971fd00] setState: 6
2026-07-03 13:38:49.558 24920-25190 CCodecConfig            com.tapman104.mpvplayer              I  query failed after returning 19 values (BAD_INDEX)
2026-07-03 13:38:49.558 24920-25190 Codec2Client            com.tapman104.mpvplayer              W  query -- param skipped: index = 1342179345.
2026-07-03 13:38:49.558 24920-25190 Codec2Client            com.tapman104.mpvplayer              W  query -- param skipped: index = 2415921170.
2026-07-03 13:38:49.558 24920-25190 Codec2Client            com.tapman104.mpvplayer              W  query -- param skipped: index = 1610614798.
2026-07-03 13:38:49.560 24920-25180 mpv                     com.tapman104.mpvplayer              V  event: seek
2026-07-03 13:38:49.560 24920-25180 MpvEventDispatcher      com.tapman104.mpvplayer              D  Received MPV event: 20
2026-07-03 13:38:49.564 24920-25191 CCodecBufferChannel     com.tapman104.mpvplayer              D  [c2.mtk.avc.decoder#797] Discard frames from previous generation.
2026-07-03 13:38:49.564 24920-25191 Codec2-Out...ufferQueue com.tapman104.mpvplayer              D  set max dequeue count 19 from update
2026-07-03 13:38:49.565 24920-25190 CCodecBufferChannel     com.tapman104.mpvplayer              D  [c2.mtk.avc.decoder#797] send inputSlots num:8 to codec
2026-07-03 13:38:49.569 24920-25195 CCodecBufferChannel     com.tapman104.mpvplayer              D  [c2.mtk.avc.decoder#797] Ignoring stale input buffer done callback: last flush index = 2538, frameIndex = 2538
2026-07-03 13:38:49.599 24920-25180 mpv                     com.tapman104.mpvplayer              V  [vd:v] Decoder format: 1920x1080 [0:1] yuv420p auto/auto/auto/limited/auto CL=unknown crop=1920x1080+0+0 A=none
2026-07-03 13:38:49.599 24920-25180 mpv                     com.tapman104.mpvplayer              V  [vd:v] Using container aspect ratio.
2026-07-03 13:38:49.607 24920-25180 mpv                     com.tapman104.mpvplayer              V  [cplayer:v] first video frame after restart shown
2026-07-03 13:38:49.611 24920-25180 mpv                     com.tapman104.mpvplayer              V  [cplayer:v] audio ready
2026-07-03 13:38:49.612 24920-25180 mpv                     com.tapman104.mpvplayer              V  [mkv:v] queuing seek to 539.149000
2026-07-03 13:38:49.613 24920-25171 AudioTrack              com.tapman104.mpvplayer              D  pause(2026): 0xb400007a89755b90, prior state:STATE_FLUSHED, packageName: com.tapman104.mpvplayer
2026-07-03 13:38:49.613 24920-25171 AudioTrack              com.tapman104.mpvplayer              D  flush(2026): 0xb400007a89755b90, prior state:STATE_FLUSHED, packageName: com.tapman104.mpvplayer
2026-07-03 13:38:49.614 24920-25180 mpv                     com.tapman104.mpvplayer              V  [mkv:v] cached range 0: 682.564000 <-> 973.271000 (bof=0, eof=0)
2026-07-03 13:38:49.614 24920-25171 AudioTrack              com.tapman104.mpvplayer              D  updateStateToService: AudioTrackStatus state:4
2026-07-03 13:38:49.614  1631-2359  AS.AudioService         system_server                        D  AudioTrackStatus: pid = 24920; uid = 10273; sessionId = 6937; streamType = 3; state = 4; pkgName = com.tapman104.mpvplayer
2026-07-03 13:38:49.614 24920-25180 mpv                     com.tapman104.mpvplayer              V  [mkv:v] cached range 1: 554.728000 <-> 661.918000 (bof=0, eof=0)
2026-07-03 13:38:49.615 24920-25180 mpv                     com.tapman104.mpvplayer              V  [mkv:v] execute seek (to 539.149000 flags 0)
2026-07-03 13:38:49.615 24920-25180 mpv                     com.tapman104.mpvplayer              V  [fd:v] stream level seek from 54274591 to 42259214
2026-07-03 13:38:49.615 24920-25180 mpv                     com.tapman104.mpvplayer              V  [mkv:v] seek done
2026-07-03 13:38:49.615 24920-25190 MediaCodec              com.tapman104.mpvplayer              D  [0xb400007a6971fd00] setState: 7
2026-07-03 13:38:49.619  1631-2008  NtAudioGlyphServiceImpl system_server                        D  onAudioTrackStop request:AudioLightRequest@66562ce{Id:107,uid:10273,pid:24920,noAudio:false,csvId:-1,pkg:com.tapman104.mpvplayer,session:6937,addby:2}
2026-07-03 13:38:49.619  1631-2008  NtAudioGlyphServiceImpl system_server                        D  AudioLightRequests[0]- AudioLightRequest@66562ce{Id:107,uid:10273,pid:24920,noAudio:false,csvId:-1,pkg:com.tapman104.mpvplayer,session:6937,addby:2}
2026-07-03 13:38:49.620  1631-2008  NtAudioGlyphServiceImpl system_server                        D  onAudioTrackStop request:AudioLightRequest@66562ce{Id:107,uid:10273,pid:24920,noAudio:false,csvId:-1,pkg:com.tapman104.mpvplayer,session:6937,addby:2}
2026-07-03 13:38:49.620  1631-2008  NtAudioGlyphServiceImpl system_server                        D  AudioLightRequests[0]- AudioLightRequest@66562ce{Id:107,uid:10273,pid:24920,noAudio:false,csvId:-1,pkg:com.tapman104.mpvplayer,session:6937,addby:2}
2026-07-03 13:38:49.623 24920-25190 MediaCodec              com.tapman104.mpvplayer              D  [0xb400007a6971fd00] setState: 6
2026-07-03 13:38:49.624 24920-25190 CCodecConfig            com.tapman104.mpvplayer              I  query failed after returning 19 values (BAD_INDEX)
2026-07-03 13:38:49.624 24920-25191 CCodecBufferChannel     com.tapman104.mpvplayer              D  [c2.mtk.avc.decoder#797] flushed work; ignored.
2026-07-03 13:38:49.624 24920-25191 CCodecBufferChannel     com.tapman104.mpvplayer              D  [c2.mtk.avc.decoder#797] Discard frames from previous generation.
2026-07-03 13:38:49.624 24920-25191 CCodecBufferChannel     com.tapman104.mpvplayer              D  [c2.mtk.avc.decoder#797] flushed work not feedInput.
2026-07-03 13:38:49.625 24920-25191 CCodecBufferChannel     com.tapman104.mpvplayer              D  [c2.mtk.avc.decoder#797] flushed work; ignored.
2026-07-03 13:38:49.625 24920-25191 CCodecBufferChannel     com.tapman104.mpvplayer              D  [c2.mtk.avc.decoder#797] Discard frames from previous generation.
2026-07-03 13:38:49.625 24920-25191 CCodecBufferChannel     com.tapman104.mpvplayer              D  [c2.mtk.avc.decoder#797] flushed work not feedInput.
2026-07-03 13:38:49.626 24920-25190 Codec2Client            com.tapman104.mpvplayer              W  query -- param skipped: index = 1342179345.
2026-07-03 13:38:49.626 24920-25190 Codec2Client            com.tapman104.mpvplayer              W  query -- param skipped: index = 2415921170.
2026-07-03 13:38:49.626 24920-25190 Codec2Client            com.tapman104.mpvplayer              W  query -- param skipped: index = 1610614798.
2026-07-03 13:38:49.628 24920-25190 MediaCodec              com.tapman104.mpvplayer              D  [0xb400007a6971fd00] setState: 7
2026-07-03 13:38:49.630 24920-25190 MediaCodec              com.tapman104.mpvplayer              D  [0xb400007a6971fd00] setState: 6
2026-07-03 13:38:49.631 24920-25190 CCodecConfig            com.tapman104.mpvplayer              I  query failed after returning 19 values (BAD_INDEX)
2026-07-03 13:38:49.632 24920-25190 Codec2Client            com.tapman104.mpvplayer              W  query -- param skipped: index = 1342179345.
2026-07-03 13:38:49.632 24920-25190 Codec2Client            com.tapman104.mpvplayer              W  query -- param skipped: index = 2415921170.
2026-07-03 13:38:49.632 24920-25190 Codec2Client            com.tapman104.mpvplayer              W  query -- param skipped: index = 1610614798.
2026-07-03 13:38:49.633 24920-25180 mpv                     com.tapman104.mpvplayer              V  event: seek
2026-07-03 13:38:49.633 24920-25180 MpvEventDispatcher      com.tapman104.mpvplayer              D  Received MPV event: 20
2026-07-03 13:38:49.637 24920-25191 CCodecBufferChannel     com.tapman104.mpvplayer              D  [c2.mtk.avc.decoder#797] Discard frames from previous generation.
2026-07-03 13:38:49.637 24920-25191 Codec2-Out...ufferQueue com.tapman104.mpvplayer              D  set max dequeue count 19 from update
2026-07-03 13:38:49.638 24920-25190 CCodecBufferChannel     com.tapman104.mpvplayer              D  [c2.mtk.avc.decoder#797] send inputSlots num:8 to codec
2026-07-03 13:38:49.641 24920-25180 mpv                     com.tapman104.mpvplayer              V  [mkv:v] going to join ranges 535.333000-555.653500 + 554.728000-661.918000
2026-07-03 13:38:49.642 24920-25195 CCodecBufferChannel     com.tapman104.mpvplayer              D  [c2.mtk.avc.decoder#797] Ignoring stale input buffer done callback: last flush index = 2550, frameIndex = 2550
2026-07-03 13:38:49.644 24920-25180 mpv                     com.tapman104.mpvplayer              V  [mkv:v] ranges joined!
2026-07-03 13:38:49.644 24920-25180 mpv                     com.tapman104.mpvplayer              V  [mkv:v] execute seek (to 660.918000 flags 32)
2026-07-03 13:38:49.644 24920-25180 mpv                     com.tapman104.mpvplayer              V  [fd:v] stream level seek from 43635470 to 53680410
2026-07-03 13:38:49.644 24920-25180 mpv                     com.tapman104.mpvplayer              V  [mkv:v] seek done
2026-07-03 13:38:49.674 24920-25180 mpv                     com.tapman104.mpvplayer              V  [vd:v] Decoder format: 1920x1080 [0:1] yuv420p auto/auto/auto/limited/auto CL=unknown crop=1920x1080+0+0 A=none
2026-07-03 13:38:49.674 24920-25180 mpv                     com.tapman104.mpvplayer              V  [vd:v] Using container aspect ratio.
2026-07-03 13:38:49.682 24920-25180 mpv                     com.tapman104.mpvplayer              V  [cplayer:v] first video frame after restart shown
2026-07-03 13:38:49.687 24920-25180 mpv                     com.tapman104.mpvplayer              V  [cplayer:v] audio ready
2026-07-03 13:38:49.687 24920-25171 AudioTrack              com.tapman104.mpvplayer              D  pause(2026): 0xb400007a89755b90, prior state:STATE_FLUSHED, packageName: com.tapman104.mpvplayer
2026-07-03 13:38:49.687 24920-25180 mpv                     com.tapman104.mpvplayer              V  [mkv:v] queuing seek to 529.406000
2026-07-03 13:38:49.687 24920-25171 AudioTrack              com.tapman104.mpvplayer              D  flush(2026): 0xb400007a89755b90, prior state:STATE_FLUSHED, packageName: com.tapman104.mpvplayer
2026-07-03 13:38:49.688 24920-25180 mpv                     com.tapman104.mpvplayer              V  [mkv:v] cached range 0: 794.050000 <-> 973.271000 (bof=0, eof=0)
2026-07-03 13:38:49.688 24920-25180 mpv                     com.tapman104.mpvplayer              V  [mkv:v] cached range 1: 535.333000 <-> 767.565000 (bof=0, eof=0)
2026-07-03 13:38:49.689 24920-25180 mpv                     com.tapman104.mpvplayer              V  [mkv:v] execute seek (to 529.406000 flags 0)
2026-07-03 13:38:49.689 24920-25180 mpv                     com.tapman104.mpvplayer              V  [fd:v] stream level seek from 66569065 to 41507175
2026-07-03 13:38:49.689 24920-25180 mpv                     com.tapman104.mpvplayer              V  [mkv:v] seek done
2026-07-03 13:38:49.690 24920-25171 AudioTrack              com.tapman104.mpvplayer              D  updateStateToService: AudioTrackStatus state:4
2026-07-03 13:38:49.690 24920-25190 MediaCodec              com.tapman104.mpvplayer              D  [0xb400007a6971fd00] setState: 7
2026-07-03 13:38:49.691  1631-3367  AS.AudioService         system_server                        D  AudioTrackStatus: pid = 24920; uid = 10273; sessionId = 6937; streamType = 3; state = 4; pkgName = com.tapman104.mpvplayer
2026-07-03 13:38:49.696 24920-25191 CCodecBufferChannel     com.tapman104.mpvplayer              D  [c2.mtk.avc.decoder#797] flushed work; ignored.
2026-07-03 13:38:49.696 24920-25191 CCodecBufferChannel     com.tapman104.mpvplayer              D  [c2.mtk.avc.decoder#797] Discard frames from previous generation.
2026-07-03 13:38:49.696 24920-25191 CCodecBufferChannel     com.tapman104.mpvplayer              D  [c2.mtk.avc.decoder#797] flushed work not feedInput.
2026-07-03 13:38:49.696 24920-25190 MediaCodec              com.tapman104.mpvplayer              D  [0xb400007a6971fd00] setState: 6
2026-07-03 13:38:49.696 24920-25190 CCodecConfig            com.tapman104.mpvplayer              I  query failed after returning 19 values (BAD_INDEX)
2026-07-03 13:38:49.698 24920-25190 Codec2Client            com.tapman104.mpvplayer              W  query -- param skipped: index = 1342179345.
2026-07-03 13:38:49.698 24920-25190 Codec2Client            com.tapman104.mpvplayer              W  query -- param skipped: index = 2415921170.
2026-07-03 13:38:49.698 24920-25190 Codec2Client            com.tapman104.mpvplayer              W  query -- param skipped: index = 1610614798.
2026-07-03 13:38:49.699 24920-25191 CCodecBufferChannel     com.tapman104.mpvplayer              D  [c2.mtk.avc.decoder#797] flushed work; ignored.
2026-07-03 13:38:49.699 24920-25191 CCodecBufferChannel     com.tapman104.mpvplayer              D  [c2.mtk.avc.decoder#797] Discard frames from previous generation.
2026-07-03 13:38:49.699 24920-25191 CCodecBufferChannel     com.tapman104.mpvplayer              D  [c2.mtk.avc.decoder#797] flushed work not feedInput.
2026-07-03 13:38:49.701 24920-25190 MediaCodec              com.tapman104.mpvplayer              D  [0xb400007a6971fd00] setState: 7
2026-07-03 13:38:49.702  1631-2008  NtAudioGlyphServiceImpl system_server                        D  onAudioTrackStop request:AudioLightRequest@66562ce{Id:107,uid:10273,pid:24920,noAudio:false,csvId:-1,pkg:com.tapman104.mpvplayer,session:6937,addby:2}
2026-07-03 13:38:49.702  1631-2008  NtAudioGlyphServiceImpl system_server                        D  AudioLightRequests[0]- AudioLightRequest@66562ce{Id:107,uid:10273,pid:24920,noAudio:false,csvId:-1,pkg:com.tapman104.mpvplayer,session:6937,addby:2}
2026-07-03 13:38:49.705 24920-25190 MediaCodec              com.tapman104.mpvplayer              D  [0xb400007a6971fd00] setState: 6
2026-07-03 13:38:49.706 24920-25190 CCodecConfig            com.tapman104.mpvplayer              I  query failed after returning 19 values (BAD_INDEX)
2026-07-03 13:38:49.708 24920-25190 Codec2Client            com.tapman104.mpvplayer              W  query -- param skipped: index = 1342179345.
2026-07-03 13:38:49.708 24920-25190 Codec2Client            com.tapman104.mpvplayer              W  query -- param skipped: index = 2415921170.
2026-07-03 13:38:49.708 24920-25190 Codec2Client            com.tapman104.mpvplayer              W  query -- param skipped: index = 1610614798.
2026-07-03 13:38:49.711 24920-25180 mpv                     com.tapman104.mpvplayer              V  event: seek
2026-07-03 13:38:49.712 24920-25180 MpvEventDispatcher      com.tapman104.mpvplayer              D  Received MPV event: 20
2026-07-03 13:38:49.716 24920-25191 CCodecBufferChannel     com.tapman104.mpvplayer              D  [c2.mtk.avc.decoder#797] Discard frames from previous generation.
2026-07-03 13:38:49.716 24920-25191 Codec2-Out...ufferQueue com.tapman104.mpvplayer              D  set max dequeue count 19 from update
2026-07-03 13:38:49.717 24920-25190 CCodecBufferChannel     com.tapman104.mpvplayer              D  [c2.mtk.avc.decoder#797] send inputSlots num:8 to codec
2026-07-03 13:38:49.719 24920-25180 mpv                     com.tapman104.mpvplayer              V  [mkv:v] going to join ranges 527.909000-545.633500 + 535.333000-767.565000
2026-07-03 13:38:49.720 24920-25195 CCodecBufferChannel     com.tapman104.mpvplayer              D  [c2.mtk.avc.decoder#797] Ignoring stale input buffer done callback: last flush index = 2561, frameIndex = 2561
2026-07-03 13:38:49.721 24920-25180 mpv                     com.tapman104.mpvplayer              V  [mkv:v] ranges joined!
2026-07-03 13:38:49.722 24920-25180 mpv                     com.tapman104.mpvplayer              V  [mkv:v] execute seek (to 766.565000 flags 32)
2026-07-03 13:38:49.722 24920-25180 mpv                     com.tapman104.mpvplayer              V  [fd:v] stream level seek from 42895586 to 65577502
2026-07-03 13:38:49.722 24920-25180 mpv                     com.tapman104.mpvplayer              V  [mkv:v] seek done
2026-07-03 13:38:49.751 24920-25180 mpv                     com.tapman104.mpvplayer              V  [vd:v] Decoder format: 1920x1080 [0:1] yuv420p auto/auto/auto/limited/auto CL=unknown crop=1920x1080+0+0 A=none
2026-07-03 13:38:49.751 24920-25180 mpv                     com.tapman104.mpvplayer              V  [vd:v] Using container aspect ratio.
2026-07-03 13:38:49.769 24920-25180 mpv                     com.tapman104.mpvplayer              V  [cplayer:v] first video frame after restart shown
2026-07-03 13:38:49.773 24920-25180 mpv                     com.tapman104.mpvplayer              V  [cplayer:v] audio ready
2026-07-03 13:38:49.773 24920-25180 mpv                     com.tapman104.mpvplayer              V  [mkv:v] queuing seek to 520.881000
2026-07-03 13:38:49.773  1631-2008  NtAudioGlyphServiceImpl system_server                        D  onAudioTrackStop request:AudioLightRequest@66562ce{Id:107,uid:10273,pid:24920,noAudio:false,csvId:-1,pkg:com.tapman104.mpvplayer,session:6937,addby:2}
2026-07-03 13:38:49.774 24920-25180 mpv                     com.tapman104.mpvplayer              V  [mkv:v] cached range 0: 805.687000 <-> 973.271000 (bof=0, eof=0)
2026-07-03 13:38:49.774  1631-2008  NtAudioGlyphServiceImpl system_server                        D  AudioLightRequests[0]- AudioLightRequest@66562ce{Id:107,uid:10273,pid:24920,noAudio:false,csvId:-1,pkg:com.tapman104.mpvplayer,session:6937,addby:2}
2026-07-03 13:38:49.774 24920-25171 AudioTrack              com.tapman104.mpvplayer              D  pause(2026): 0xb400007a89755b90, prior state:STATE_FLUSHED, packageName: com.tapman104.mpvplayer
2026-07-03 13:38:49.774 24920-25171 AudioTrack              com.tapman104.mpvplayer              D  flush(2026): 0xb400007a89755b90, prior state:STATE_FLUSHED, packageName: com.tapman104.mpvplayer
2026-07-03 13:38:49.774 24920-25171 AudioTrack              com.tapman104.mpvplayer              D  updateStateToService: AudioTrackStatus state:4
2026-07-03 13:38:49.774 24920-25180 mpv                     com.tapman104.mpvplayer              V  [mkv:v] cached range 1: 527.909000 <-> 767.565000 (bof=0, eof=0)
2026-07-03 13:38:49.774 24920-25190 MediaCodec              com.tapman104.mpvplayer              D  [0xb400007a6971fd00] setState: 7
2026-07-03 13:38:49.775 24920-25180 mpv                     com.tapman104.mpvplayer              V  [mkv:v] execute seek (to 520.881000 flags 0)
2026-07-03 13:38:49.775 24920-25180 mpv                     com.tapman104.mpvplayer              V  [fd:v] stream level seek from 65577502 to 41225999
2026-07-03 13:38:49.776 24920-25180 mpv                     com.tapman104.mpvplayer              V  [mkv:v] seek done
2026-07-03 13:38:49.777  1631-2359  AS.AudioService         system_server                        D  AudioTrackStatus: pid = 24920; uid = 10273; sessionId = 6937; streamType = 3; state = 4; pkgName = com.tapman104.mpvplayer
2026-07-03 13:38:49.784 24920-25190 MediaCodec              com.tapman104.mpvplayer              D  [0xb400007a6971fd00] setState: 6
2026-07-03 13:38:49.785 24920-25190 CCodecConfig            com.tapman104.mpvplayer              I  query failed after returning 19 values (BAD_INDEX)
2026-07-03 13:38:49.786 24920-25190 Codec2Client            com.tapman104.mpvplayer              W  query -- param skipped: index = 1342179345.
2026-07-03 13:38:49.786 24920-25190 Codec2Client            com.tapman104.mpvplayer              W  query -- param skipped: index = 2415921170.
2026-07-03 13:38:49.786 24920-25190 Codec2Client            com.tapman104.mpvplayer              W  query -- param skipped: index = 1610614798.
2026-07-03 13:38:49.787 24920-25190 MediaCodec              com.tapman104.mpvplayer              D  [0xb400007a6971fd00] setState: 7
2026-07-03 13:38:49.792 24920-25190 MediaCodec              com.tapman104.mpvplayer              D  [0xb400007a6971fd00] setState: 6
2026-07-03 13:38:49.792 24920-25190 CCodecConfig            com.tapman104.mpvplayer              I  query failed after returning 19 values (BAD_INDEX)
2026-07-03 13:38:49.793 24920-24920 ScrollIdentify          com.tapman104.mpvplayer              I  on fling
2026-07-03 13:38:49.793 24920-25190 Codec2Client            com.tapman104.mpvplayer              W  query -- param skipped: index = 1342179345.
2026-07-03 13:38:49.793 24920-25190 Codec2Client            com.tapman104.mpvplayer              W  query -- param skipped: index = 2415921170.
2026-07-03 13:38:49.793 24920-25190 Codec2Client            com.tapman104.mpvplayer              W  query -- param skipped: index = 1610614798.
2026-07-03 13:38:49.795 24920-25180 mpv                     com.tapman104.mpvplayer              V  event: seek
2026-07-03 13:38:49.795 24920-25180 MpvEventDispatcher      com.tapman104.mpvplayer              D  Received MPV event: 20
2026-07-03 13:38:49.799 24920-25191 CCodecBufferChannel     com.tapman104.mpvplayer              D  [c2.mtk.avc.decoder#797] Discard frames from previous generation.
2026-07-03 13:38:49.799 24920-25191 Codec2-Out...ufferQueue com.tapman104.mpvplayer              D  set max dequeue count 19 from update
2026-07-03 13:38:49.800 24920-25190 CCodecBufferChannel     com.tapman104.mpvplayer              D  [c2.mtk.avc.decoder#797] send inputSlots num:8 to codec
2026-07-03 13:38:49.801 24920-25180 mpv                     com.tapman104.mpvplayer              V  [mkv:v] going to join ranges 519.985000-530.793500 + 527.909000-767.565000
2026-07-03 13:38:49.804 24920-25180 mpv                     com.tapman104.mpvplayer              V  [mkv:v] ranges joined!
2026-07-03 13:38:49.804 24920-25180 mpv                     com.tapman104.mpvplayer              V  [mkv:v] execute seek (to 766.565000 flags 32)
2026-07-03 13:38:49.804 24920-25180 mpv                     com.tapman104.mpvplayer              V  [fd:v] stream level seek from 42012431 to 65577502
2026-07-03 13:38:49.804 24920-25180 mpv                     com.tapman104.mpvplayer              V  [mkv:v] seek done
2026-07-03 13:38:49.804 24920-25195 CCodecBufferChannel     com.tapman104.mpvplayer              D  [c2.mtk.avc.decoder#797] Ignoring stale input buffer done callback: last flush index = 2575, frameIndex = 2575
2026-07-03 13:38:49.828 24920-25180 mpv                     com.tapman104.mpvplayer              V  [vd:v] Decoder format: 1920x1080 [0:1] yuv420p auto/auto/auto/limited/auto CL=unknown crop=1920x1080+0+0 A=none
2026-07-03 13:38:49.830 24920-25180 mpv                     com.tapman104.mpvplayer              V  [vd:v] Using container aspect ratio.
2026-07-03 13:38:49.837 24920-25180 mpv                     com.tapman104.mpvplayer              V  [cplayer:v] first video frame after restart shown
2026-07-03 13:38:49.838 24920-25171 AudioTrack              com.tapman104.mpvplayer              D  pause(2026): 0xb400007a89755b90, prior state:STATE_FLUSHED, packageName: com.tapman104.mpvplayer
2026-07-03 13:38:49.838 24920-25171 AudioTrack              com.tapman104.mpvplayer              D  flush(2026): 0xb400007a89755b90, prior state:STATE_FLUSHED, packageName: com.tapman104.mpvplayer
2026-07-03 13:38:49.838 24920-25171 AudioTrack              com.tapman104.mpvplayer              D  updateStateToService: AudioTrackStatus state:4
2026-07-03 13:38:49.838  1631-3367  AS.AudioService         system_server                        D  AudioTrackStatus: pid = 24920; uid = 10273; sessionId = 6937; streamType = 3; state = 4; pkgName = com.tapman104.mpvplayer
2026-07-03 13:38:49.839 24920-25180 mpv                     com.tapman104.mpvplayer              V  [cplayer:v] audio ready
2026-07-03 13:38:49.839 24920-25190 MediaCodec              com.tapman104.mpvplayer              D  [0xb400007a6971fd00] setState: 7
2026-07-03 13:38:49.839 24920-25180 mpv                     com.tapman104.mpvplayer              V  [mkv:v] queuing seek to 512.413000
2026-07-03 13:38:49.840 24920-25180 mpv                     com.tapman104.mpvplayer              V  [mkv:v] cached range 0: 809.816000 <-> 973.271000 (bof=0, eof=0)
2026-07-03 13:38:49.840 24920-25180 mpv                     com.tapman104.mpvplayer              V  [mkv:v] cached range 1: 519.985000 <-> 767.565000 (bof=0, eof=0)
2026-07-03 13:38:49.841 24920-25180 mpv                     com.tapman104.mpvplayer              V  [mkv:v] execute seek (to 512.413000 flags 32)
2026-07-03 13:38:49.841 24920-25180 mpv                     com.tapman104.mpvplayer              V  [fd:v] stream level seek from 65577502 to 40865556
2026-07-03 13:38:49.841 24920-25180 mpv                     com.tapman104.mpvplayer              V  [mkv:v] seek done
2026-07-03 13:38:49.847 24920-25190 MediaCodec              com.tapman104.mpvplayer              D  [0xb400007a6971fd00] setState: 6
2026-07-03 13:38:49.847 24920-25190 CCodecConfig            com.tapman104.mpvplayer              I  query failed after returning 19 values (BAD_INDEX)
2026-07-03 13:38:49.848 24920-25191 CCodecBufferChannel     com.tapman104.mpvplayer              D  [c2.mtk.avc.decoder#797] flushed work; ignored.
2026-07-03 13:38:49.848 24920-25191 CCodecBufferChannel     com.tapman104.mpvplayer              D  [c2.mtk.avc.decoder#797] Discard frames from previous generation.
2026-07-03 13:38:49.848 24920-25191 CCodecBufferChannel     com.tapman104.mpvplayer              D  [c2.mtk.avc.decoder#797] flushed work not feedInput.
2026-07-03 13:38:49.849  1631-2008  NtAudioGlyphServiceImpl system_server                        D  onAudioTrackStop request:AudioLightRequest@66562ce{Id:107,uid:10273,pid:24920,noAudio:false,csvId:-1,pkg:com.tapman104.mpvplayer,session:6937,addby:2}
2026-07-03 13:38:49.849  1631-2008  NtAudioGlyphServiceImpl system_server                        D  AudioLightRequests[0]- AudioLightRequest@66562ce{Id:107,uid:10273,pid:24920,noAudio:false,csvId:-1,pkg:com.tapman104.mpvplayer,session:6937,addby:2}
2026-07-03 13:38:49.851 24920-25190 Codec2Client            com.tapman104.mpvplayer              W  query -- param skipped: index = 1342179345.
2026-07-03 13:38:49.851 24920-25190 Codec2Client            com.tapman104.mpvplayer              W  query -- param skipped: index = 2415921170.
2026-07-03 13:38:49.851 24920-25190 Codec2Client            com.tapman104.mpvplayer              W  query -- param skipped: index = 1610614798.
2026-07-03 13:38:49.851 24920-25190 MediaCodec              com.tapman104.mpvplayer              D  [0xb400007a6971fd00] setState: 7
2026-07-03 13:38:49.855 24920-25190 MediaCodec              com.tapman104.mpvplayer              D  [0xb400007a6971fd00] setState: 6
2026-07-03 13:38:49.856 24920-25190 CCodecConfig            com.tapman104.mpvplayer              I  query failed after returning 19 values (BAD_INDEX)
2026-07-03 13:38:49.858 24920-25190 Codec2Client            com.tapman104.mpvplayer              W  query -- param skipped: index = 1342179345.
2026-07-03 13:38:49.858 24920-25190 Codec2Client            com.tapman104.mpvplayer              W  query -- param skipped: index = 2415921170.
2026-07-03 13:38:49.858 24920-25190 Codec2Client            com.tapman104.mpvplayer              W  query -- param skipped: index = 1610614798.
2026-07-03 13:38:49.859 24920-25180 mpv                     com.tapman104.mpvplayer              V  event: seek
2026-07-03 13:38:49.859 24920-25180 MpvEventDispatcher      com.tapman104.mpvplayer              D  Received MPV event: 20
2026-07-03 13:38:49.861 24920-25180 mpv                     com.tapman104.mpvplayer              V  [cplayer:v] hr-seek, skipping to 512.413000
2026-07-03 13:38:49.862 24920-25191 CCodecBufferChannel     com.tapman104.mpvplayer              D  [c2.mtk.avc.decoder#797] Discard frames from previous generation.
2026-07-03 13:38:49.862 24920-25191 Codec2-Out...ufferQueue com.tapman104.mpvplayer              D  set max dequeue count 19 from update
2026-07-03 13:38:49.862 24920-25190 CCodecBufferChannel     com.tapman104.mpvplayer              D  [c2.mtk.avc.decoder#797] send inputSlots num:8 to codec
2026-07-03 13:38:49.865 24920-25180 mpv                     com.tapman104.mpvplayer              V  [mkv:v] going to join ranges 511.977000-521.113500 + 519.985000-767.565000
2026-07-03 13:38:49.866 24920-25195 CCodecBufferChannel     com.tapman104.mpvplayer              D  [c2.mtk.avc.decoder#797] Ignoring stale input buffer done callback: last flush index = 2589, frameIndex = 2589
2026-07-03 13:38:49.868 24920-25180 mpv                     com.tapman104.mpvplayer              V  [mkv:v] ranges joined!
2026-07-03 13:38:49.869 24920-25180 mpv                     com.tapman104.mpvplayer              V  [mkv:v] execute seek (to 766.565000 flags 32)
2026-07-03 13:38:49.869 24920-25180 mpv                     com.tapman104.mpvplayer              V  [fd:v] stream level seek from 41455380 to 65577502
2026-07-03 13:38:49.870 24920-25180 mpv                     com.tapman104.mpvplayer              V  [mkv:v] seek done
2026-07-03 13:38:49.897 24920-25180 mpv                     com.tapman104.mpvplayer              V  [vd:v] Decoder format: 1920x1080 [0:1] yuv420p auto/auto/auto/limited/auto CL=unknown crop=1920x1080+0+0 A=none
2026-07-03 13:38:49.897 24920-25180 mpv                     com.tapman104.mpvplayer              V  [vd:v] Using container aspect ratio.
2026-07-03 13:38:49.920  1631-2008  NtAudioGlyphServiceImpl system_server                        D  onAudioTrackStop request:AudioLightRequest@66562ce{Id:107,uid:10273,pid:24920,noAudio:false,csvId:-1,pkg:com.tapman104.mpvplayer,session:6937,addby:2}
2026-07-03 13:38:49.920  1631-2008  NtAudioGlyphServiceImpl system_server                        D  AudioLightRequests[0]- AudioLightRequest@66562ce{Id:107,uid:10273,pid:24920,noAudio:false,csvId:-1,pkg:com.tapman104.mpvplayer,session:6937,addby:2}
2026-07-03 13:38:49.961 24920-25180 mpv                     com.tapman104.mpvplayer              V  [cplayer:v] first video frame after restart shown
2026-07-03 13:38:49.968 24920-25171 AudioTrack              com.tapman104.mpvplayer              D  start(2026): 0xb400007a89755b90, prior state:STATE_FLUSHED, packageName: com.tapman104.mpvplayer
2026-07-03 13:38:49.968 24920-25180 mpv                     com.tapman104.mpvplayer              V  [cplayer:v] audio ready
2026-07-03 13:38:49.969 24920-25180 mpv                     com.tapman104.mpvplayer              V  [cplayer:v] starting audio playback
2026-07-03 13:38:49.984  1631-2359  AppOps                  system_server                        E  attributionTag  not declared in manifest of com.tapman104.mpvplayer
2026-07-03 13:38:49.987  1631-3824  AppOps                  system_server                        E  attributionTag  not declared in manifest of com.tapman104.mpvplayer
2026-07-03 13:38:49.988 24920-25222 AudioTrack              com.tapman104.mpvplayer              D  getTimestamp_l(2026): device stall time corrected using current time 89937236657129
2026-07-03 13:38:49.988 24920-25180 mpv                     com.tapman104.mpvplayer              V  event: playback-restart
2026-07-03 13:38:49.988 24920-25180 MpvEventDispatcher      com.tapman104.mpvplayer              D  Received MPV event: 21
2026-07-03 13:38:49.989 24920-25180 mpv                     com.tapman104.mpvplayer              V  [cplayer:v] playback restart complete @ 512.436000, audio=playing, video=playing
2026-07-03 13:38:49.991 24920-25180 mpv                     com.tapman104.mpvplayer              V  [cplayer:warn] Audio device underrun detected.
2026-07-03 13:38:49.991 24920-25180 mpv                     com.tapman104.mpvplayer              V  [cplayer:v] restarting audio after underrun
2026-07-03 13:38:49.995  1631-2008  NtAudioGlyphServiceImpl system_server                        D  onAudioTrackStop request:AudioLightRequest@66562ce{Id:107,uid:10273,pid:24920,noAudio:false,csvId:-1,pkg:com.tapman104.mpvplayer,session:6937,addby:2}
2026-07-03 13:38:49.995  1631-2008  NtAudioGlyphServiceImpl system_server                        D  AudioLightRequests[0]- AudioLightRequest@66562ce{Id:107,uid:10273,pid:24920,noAudio:false,csvId:-1,pkg:com.tapman104.mpvplayer,session:6937,addby:2}
2026-07-03 13:38:50.089  2209-9919  DetectSceneService      com.nothing.audioeffect              D  pid = 24920 processName = com.tapman104.mpvplayer
2026-07-03 13:38:50.388 24920-25281 AudioTrack              com.tapman104.mpvplayer              D  updateStateToService: AudioTrackStatus state:0
2026-07-03 13:38:50.389  1631-3367  AS.AudioService         system_server                        D  AudioTrackStatus: pid = 24920; uid = 10273; sessionId = 6937; streamType = 3; state = 0; pkgName = com.tapman104.mpvplayer
2026-07-03 13:38:50.389  1631-3367  NtAudioGlyphServiceImpl system_server                        D  addAudioLightRequest for uid:10273 pid:24920 pkgName:com.tapman104.mpvplayer audioType:3 addby: 2 sessionId:6937 with lightId:107 csvId:-1 noAudio:false
2026-07-03 13:38:50.390  1631-3367  NtAudioGlyphServiceImpl system_server                        D  AudioLightRequests[1]+ AudioLightRequest@6c93363{Id:107,uid:10273,pid:24920,noAudio:false,csvId:-1,pkg:com.tapman104.mpvplayer,session:-1,addby:2}
2026-07-03 13:38:50.390  1631-3367  AS.AudioService         system_server                        D  [reportAudioTrackStatusChanged]start broadcast, pid = 24920, uid = 10273, status = 0, streamType = 3, pkgName = com.tapman104.mpvplayer, sessionId = 6937
2026-07-03 13:38:50.596  1041-1041  BufferQueueProducer     surfaceflinger                       I  [eba0222 SurfaceView[com.tapman104.mpvplayer/com.tapman104.mpvplayer.PlayerActivity](BLAST)#33528](this:0xb400007961d79068,id:-1,api:0,p:-1,c:1041) queueBuffer: fps=10.79 dur=1204.91 max=326.63 min=41.79
2026-07-03 13:38:51.222  1041-1041  BufferQueueProducer     surfaceflinger                       I  [com.tapman104.mpvplayer/com.tapman104.mpvplayer.PlayerActivity#33523](this:0xb400007961d95808,id:-1,api:0,p:-1,c:1041) queueBuffer: fps=17.66 dur=1982.14 max=1112.12 min=8.08
2026-07-03 13:38:51.632  1041-1041  BufferQueueProducer     surfaceflinger                       I  [eba0222 SurfaceView[com.tapman104.mpvplayer/com.tapman104.mpvplayer.PlayerActivity](BLAST)#33528](this:0xb400007961d79068,id:-1,api:0,p:-1,c:1041) queueBuffer: fps=23.16 dur=1036.22 max=59.12 min=33.56
2026-07-03 13:38:52.454  1041-1041  BufferQueueProducer     surfaceflinger                       I  [com.tapman104.mpvplayer/com.tapman104.mpvplayer.PlayerActivity#33523](this:0xb400007961d95808,id:-1,api:0,p:-1,c:1041) queueBuffer: fps=25.17 dur=1231.39 max=293.02 min=7.81
2026-07-03 13:38:52.645  1041-1041  BufferQueueProducer     surfaceflinger                       I  [eba0222 SurfaceView[com.tapman104.mpvplayer/com.tapman104.mpvplayer.PlayerActivity](BLAST)#33528](this:0xb400007961d79068,id:-1,api:0,p:-1,c:1041) queueBuffer: fps=24.70 dur=1012.34 max=49.98 min=16.29
2026-07-03 13:38:53.170 24920-25190 MediaCodec              com.tapman104.mpvplayer              D  [0xb400007a6971fd00] setState: 7
2026-07-03 13:38:53.179 24920-25190 MediaCodec              com.tapman104.mpvplayer              D  [0xb400007a6971fd00] setState: 6
2026-07-03 13:38:53.179 24920-25190 CCodecConfig            com.tapman104.mpvplayer              I  query failed after returning 19 values (BAD_INDEX)
2026-07-03 13:38:53.184 24920-25190 Codec2Client            com.tapman104.mpvplayer              W  query -- param skipped: index = 1342179345.
2026-07-03 13:38:53.184 24920-25190 Codec2Client            com.tapman104.mpvplayer              W  query -- param skipped: index = 2415921170.
2026-07-03 13:38:53.184 24920-25190 Codec2Client            com.tapman104.mpvplayer              W  query -- param skipped: index = 1610614798.
2026-07-03 13:38:53.187 24920-25170 MediaCodec              com.tapman104.mpvplayer              D  [0xb400007a6971fd00] [c2.mtk.avc.decoder] stop
2026-07-03 13:38:53.187 24920-25190 MediaCodec              com.tapman104.mpvplayer              D  [0xb400007a6971fd00] setState: 9
2026-07-03 13:38:53.193 24920-25190 CCodecBufferChannel     com.tapman104.mpvplayer              D  [c2.mtk.avc.decoder#797] MediaCodec discarded an unknown buffer
2026-07-03 13:38:53.193 24920-25190 CCodecBufferChannel     com.tapman104.mpvplayer              D  [c2.mtk.avc.decoder#797] MediaCodec discarded an unknown buffer
2026-07-03 13:38:53.193 24920-25190 CCodecBufferChannel     com.tapman104.mpvplayer              D  [c2.mtk.avc.decoder#797] MediaCodec discarded an unknown buffer
2026-07-03 13:38:53.193 24920-25190 CCodecBufferChannel     com.tapman104.mpvplayer              D  [c2.mtk.avc.decoder#797] MediaCodec discarded an unknown buffer
2026-07-03 13:38:53.193 24920-25190 CCodecBufferChannel     com.tapman104.mpvplayer              D  [c2.mtk.avc.decoder#797] MediaCodec discarded an unknown buffer
2026-07-03 13:38:53.193 24920-25190 CCodecBufferChannel     com.tapman104.mpvplayer              D  [c2.mtk.avc.decoder#797] MediaCodec discarded an unknown buffer
2026-07-03 13:38:53.193 24920-25190 CCodecBufferChannel     com.tapman104.mpvplayer              D  [c2.mtk.avc.decoder#797] MediaCodec discarded an unknown buffer
2026-07-03 13:38:53.193 24920-25190 CCodecBufferChannel     com.tapman104.mpvplayer              D  [c2.mtk.avc.decoder#797] MediaCodec discarded an unknown buffer
2026-07-03 13:38:53.196 24920-25190 MediaCodec              com.tapman104.mpvplayer              D  [0xb400007a6971fd00] [c2.mtk.avc.decoder] kWhatStopCompleted
2026-07-03 13:38:53.196 24920-25190 MediaCodec              com.tapman104.mpvplayer              D  [0xb400007a6971fd00] setState: 2
2026-07-03 13:38:53.197 24920-25170 MediaCodec              com.tapman104.mpvplayer              D  [0xb400007a6971fd00] [c2.mtk.avc.decoder] releaseAsync
2026-07-03 13:38:53.197 24920-25190 MediaCodec              com.tapman104.mpvplayer              D  [0xb400007a6971fd00] setState: 10
2026-07-03 13:38:53.198 24920-25180 mpv                     com.tapman104.mpvplayer              V  [vd:v] No hardware decoding requested.
2026-07-03 13:38:53.202 24920-25180 mpv                     com.tapman104.mpvplayer              V  [vd:v] Using software decoding.
2026-07-03 13:38:53.202 24920-25180 mpv                     com.tapman104.mpvplayer              V  [vd:v] Detected 8 logical cores.
2026-07-03 13:38:53.203 24920-25180 mpv                     com.tapman104.mpvplayer              V  [vd:v] Requesting 9 threads for decoding.
2026-07-03 13:38:53.206 24920-25191 BufferPoolAccessor2.0   com.tapman104.mpvplayer              D  bufferpool2 0xb4000079e970d628 : 0(0 size) total buffers - 0(0 size) used buffers - 3426/3436 (recycle/alloc) - 11/2756 (fetch/transfer)
2026-07-03 13:38:53.207 24920-25190 MediaCodec              com.tapman104.mpvplayer              D  [0xb400007a6971fd00] [c2.mtk.avc.decoder] kWhatReleaseCompleted
2026-07-03 13:38:53.207 24920-25190 MediaCodec              com.tapman104.mpvplayer              D  [0xb400007a6971fd00] setState: 0
2026-07-03 13:38:53.207 24920-25283 hw-BpHwBinder           com.tapman104.mpvplayer              I  onLastStrongRef automatically unlinking death recipients
2026-07-03 13:38:53.294 24920-25180 mpv                     com.tapman104.mpvplayer              V  event: video-reconfig
2026-07-03 13:38:53.294 24920-25180 MpvEventDispatcher      com.tapman104.mpvplayer              D  Received MPV event: 17
2026-07-03 13:38:53.295 24920-25171 AudioTrack              com.tapman104.mpvplayer              D  pause(2026): 0xb400007a89755b90, prior state:STATE_ACTIVE, packageName: com.tapman104.mpvplayer
2026-07-03 13:38:53.295 24920-25171 AudioTrackShared        com.tapman104.mpvplayer              D  this(0xb400007979904ef0), mCblk(0x79324b4000), front(2017664), mIsOut 1, interrupt() FUTEX_WAKE
2026-07-03 13:38:53.296  1631-3824  AppOps                  system_server                        E  attributionTag  not declared in manifest of com.tapman104.mpvplayer
2026-07-03 13:38:53.296 24920-25180 mpv                     com.tapman104.mpvplayer              V  [cplayer:v] Set property: hwdec="no" -> 1
2026-07-03 13:38:53.298  1631-3824  AppOps                  system_server                        E  attributionTag  not declared in manifest of com.tapman104.mpvplayer
2026-07-03 13:38:53.300 24920-25171 AudioTrack              com.tapman104.mpvplayer              D  updateStateToService: AudioTrackStatus state:2
2026-07-03 13:38:53.300 24920-25180 mpv                     com.tapman104.mpvplayer              V  [mkv:v] queuing seek to 515.272000
2026-07-03 13:38:53.300  1631-3824  AS.AudioService         system_server                        D  AudioTrackStatus: pid = 24920; uid = 10273; sessionId = 6937; streamType = 3; state = 2; pkgName = com.tapman104.mpvplayer
2026-07-03 13:38:53.301 24920-25180 mpv                     com.tapman104.mpvplayer              V  [mkv:v] cached range 0: 812.819000 <-> 973.271000 (bof=0, eof=0)
2026-07-03 13:38:53.302 24920-25171 AudioTrack              com.tapman104.mpvplayer              D  flush(2026): 0xb400007a89755b90, prior state:STATE_PAUSED, packageName: com.tapman104.mpvplayer
2026-07-03 13:38:53.302 24920-25180 mpv                     com.tapman104.mpvplayer              V  [mkv:v] cached range 1: 511.977000 <-> 767.565000 (bof=0, eof=0)
2026-07-03 13:38:53.303 24920-25180 mpv                     com.tapman104.mpvplayer              V  [mkv:v] ...using this range for in-cache seek.
2026-07-03 13:38:53.304 24920-25180 mpv                     com.tapman104.mpvplayer              V  [mkv:v] seeking stream 0 (video) to packet 514.980000/-9223372036854775808.000000
2026-07-03 13:38:53.304 24920-25180 mpv                     com.tapman104.mpvplayer              V  [mkv:v] seeking stream 1 (audio) to packet 515.252500/-9223372036854775808.000000
2026-07-03 13:38:53.304 24920-25180 mpv                     com.tapman104.mpvplayer              V  [mkv:v] seeking stream 2 (sub) to packet 511.957000/-9223372036854775808.000000
2026-07-03 13:38:53.306 24920-25171 AudioTrack              com.tapman104.mpvplayer              D  updateStateToService: AudioTrackStatus state:4
2026-07-03 13:38:53.307  1631-3824  AS.AudioService         system_server                        D  AudioTrackStatus: pid = 24920; uid = 10273; sessionId = 6937; streamType = 3; state = 4; pkgName = com.tapman104.mpvplayer
2026-07-03 13:38:53.310 24920-25180 mpv                     com.tapman104.mpvplayer              V  event: seek
2026-07-03 13:38:53.311 24920-25180 MpvEventDispatcher      com.tapman104.mpvplayer              D  Received MPV event: 20
2026-07-03 13:38:53.313 24920-25180 mpv                     com.tapman104.mpvplayer              V  [cplayer:v] hr-seek, skipping to 515.272000
2026-07-03 13:38:53.419 24920-25180 mpv                     com.tapman104.mpvplayer              V  [vd:v] Using software decoding.
2026-07-03 13:38:53.420 24920-25180 mpv                     com.tapman104.mpvplayer              V  [vd:v] Decoder format: 1920x1080 yuv420p auto/auto/auto/auto/auto CL=mpeg2/4/h264 crop=1920x1080+0+0 A=none
2026-07-03 13:38:53.421 24920-25180 mpv                     com.tapman104.mpvplayer              V  [vd:v] Using container aspect ratio.
2026-07-03 13:38:53.455  1041-1041  BufferQueueProducer     surfaceflinger                       I  [com.tapman104.mpvplayer/com.tapman104.mpvplayer.PlayerActivity#33523](this:0xb400007961d95808,id:-1,api:0,p:-1,c:1041) queueBuffer: fps=36.95 dur=1001.41 max=291.37 min=7.84
2026-07-03 13:38:53.455 24920-25180 mpv                     com.tapman104.mpvplayer              V  [vo/gpu:v] DR enabled: yes
2026-07-03 13:38:53.461 24920-25180 mpv                     com.tapman104.mpvplayer              V  [cplayer:v] first video frame after restart shown
2026-07-03 13:38:53.462 24920-25180 mpv                     com.tapman104.mpvplayer              V  event: playback-restart
2026-07-03 13:38:53.462 24920-25180 MpvEventDispatcher      com.tapman104.mpvplayer              D  Received MPV event: 21
2026-07-03 13:38:53.462 24920-25180 mpv                     com.tapman104.mpvplayer              V  [cplayer:v] audio ready
2026-07-03 13:38:53.463 24920-25180 mpv                     com.tapman104.mpvplayer              V  [cplayer:v] delaying audio start 515.273000 vs. 515.272000, diff=0.001000
2026-07-03 13:38:53.463 24920-25180 mpv                     com.tapman104.mpvplayer              V  [cplayer:v] playback restart complete @ 515.272000, audio=ready, video=playing
2026-07-03 13:38:53.485 24920-25171 AudioTrack              com.tapman104.mpvplayer              D  start(2026): 0xb400007a89755b90, prior state:STATE_FLUSHED, packageName: com.tapman104.mpvplayer
2026-07-03 13:38:53.489  1631-3824  AppOps                  system_server                        E  attributionTag  not declared in manifest of com.tapman104.mpvplayer
2026-07-03 13:38:53.490  1631-3367  AppOps                  system_server                        E  attributionTag  not declared in manifest of com.tapman104.mpvplayer
2026-07-03 13:38:53.503 24920-25180 mpv                     com.tapman104.mpvplayer              V  [cplayer:v] starting audio playback
2026-07-03 13:38:53.504 24920-25222 AudioTrack              com.tapman104.mpvplayer              D  getTimestamp_l(2026): device stall time corrected using current time 89940752893975
2026-07-03 13:38:53.525 24920-25180 mpv                     com.tapman104.mpvplayer              V  [cplayer:warn] Audio device underrun detected.
2026-07-03 13:38:53.526 24920-25180 mpv                     com.tapman104.mpvplayer              V  [cplayer:v] restarting audio after underrun
2026-07-03 13:38:53.561   985-1025  MTK_APPList             ven...ower_applist-service.mediatek  I  [notifyAPPstate] com.tapman104.mpvplayer/com.tapman104.mpvplayer.PlayerActivity, pid=24920, uid=10273, state:FPS_UPDATED, fps:-1, win:1
2026-07-03 13:38:53.562   985-1025  MTK_APPList             ven...ower_applist-service.mediatek  I  [notifyAPPstate] multi_resumed_app_info[4] com.tapman104.mpvplayer/com.tapman104.mpvplayer.PlayerActivity, pid:24920, fps:-1, isMultiWindow:1
2026-07-03 13:38:53.656  1041-1041  BufferQueueProducer     surfaceflinger                       I  [eba0222 SurfaceView[com.tapman104.mpvplayer/com.tapman104.mpvplayer.PlayerActivity](BLAST)#33528](this:0xb400007961d79068,id:-1,api:0,p:-1,c:1041) queueBuffer: fps=16.81 dur=1011.53 max=259.49 min=33.44
2026-07-03 13:38:53.681  1631-2008  NtAudioGlyphServiceImpl system_server                        D  onAudioTrackStop request:AudioLightRequest@6c93363{Id:107,uid:10273,pid:24920,noAudio:false,csvId:-1,pkg:com.tapman104.mpvplayer,session:6937,addby:2}
2026-07-03 13:38:53.681  1631-2008  NtAudioGlyphServiceImpl system_server                        D  AudioLightRequests[0]- AudioLightRequest@6c93363{Id:107,uid:10273,pid:24920,noAudio:false,csvId:-1,pkg:com.tapman104.mpvplayer,session:6937,addby:2}
2026-07-03 13:38:53.687  1631-2008  NtAudioGlyphServiceImpl system_server                        D  onAudioTrackStop request:AudioLightRequest@6c93363{Id:107,uid:10273,pid:24920,noAudio:false,csvId:-1,pkg:com.tapman104.mpvplayer,session:6937,addby:2}
2026-07-03 13:38:53.687  1631-2008  NtAudioGlyphServiceImpl system_server                        D  AudioLightRequests[0]- AudioLightRequest@6c93363{Id:107,uid:10273,pid:24920,noAudio:false,csvId:-1,pkg:com.tapman104.mpvplayer,session:6937,addby:2}
2026-07-03 13:38:53.894 24920-25296 AudioTrack              com.tapman104.mpvplayer              D  updateStateToService: AudioTrackStatus state:0
