2026-07-03 13:38:44.198  1041-1041  BufferQueueProducer     surfaceflinger                       I  [eba0222 SurfaceView[com.tapman104.mpvplayer/com.tapman104.mpvplayer.PlayerActivity](BLAST)#33528](this:0xb400007961d79068,id:-1,api:0,p:-1,c:1041) queueBuffer: fps=23.90 dur=1004.26 max=42.29 min=41.17
2026-07-03 13:38:44.560   985-1025  MTK_APPList             ven...ower_applist-service.mediatek  I  [notifyAPPstate] com.tapman104.mpvplayer/com.tapman104.mpvplayer.PlayerActivity, pid=24920, uid=10273, state:FPS_UPDATED, fps:-1, win:1
2026-07-03 13:38:44.560   985-1025  MTK_APPList             ven...ower_applist-service.mediatek  I  [notifyAPPstate] multi_resumed_app_info[4] com.tapman104.mpvplayer/com.tapman104.mpvplayer.PlayerActivity, pid:24920, fps:-1, isMultiWindow:1
2026-07-03 13:38:45.178 24920-25062 PowerHalMgrImpl         com.tapman104.mpvplayer              I  hdl:60087, pid:24920 
2026-07-03 13:38:45.186 24920-25171 AudioTrack              com.tapman104.mpvplayer              D  pause(2026): 0xb400007a89755b90, prior state:STATE_ACTIVE, packageName: com.tapman104.mpvplayer
2026-07-03 13:38:45.186 24920-25171 AudioTrackShared        com.tapman104.mpvplayer              D  this(0xb400007979904ef0), mCblk(0x79324b4000), front(1727776), mIsOut 1, interrupt() FUTEX_WAKE
2026-07-03 13:38:45.187 24920-25180 mpv                     com.tapman104.mpvplayer              V  [mkv:v] queuing seek to 678.927000
2026-07-03 13:38:45.187  1631-2359  AppOps                  system_server                        E  attributionTag  not declared in manifest of com.tapman104.mpvplayer
2026-07-03 13:38:45.188 24920-25180 mpv                     com.tapman104.mpvplayer              V  [mkv:v] cached range 0: 567.616000 <-> 973.271000 (bof=0, eof=0)
2026-07-03 13:38:45.189 24920-25180 mpv                     com.tapman104.mpvplayer              V  [mkv:v] ...using this range for in-cache seek.
2026-07-03 13:38:45.190 24920-25180 mpv                     com.tapman104.mpvplayer              V  [mkv:v] adjust seek target 678.927000 -> 678.059000
2026-07-03 13:38:45.190 24920-25180 mpv                     com.tapman104.mpvplayer              V  [mkv:v] seeking stream 0 (video) to packet 678.059000/-9223372036854775808.000000
2026-07-03 13:38:45.191 24920-25180 mpv                     com.tapman104.mpvplayer              V  [mkv:v] seeking stream 1 (audio) to packet 678.033500/-9223372036854775808.000000
2026-07-03 13:38:45.191  1631-3824  AppOps                  system_server                        E  attributionTag  not declared in manifest of com.tapman104.mpvplayer
2026-07-03 13:38:45.192 24920-25180 mpv                     com.tapman104.mpvplayer              V  [mkv:v] seeking stream 2 (sub) to packet 664.957000/-9223372036854775808.000000
2026-07-03 13:38:45.192 24920-25171 AudioTrack              com.tapman104.mpvplayer              D  updateStateToService: AudioTrackStatus state:2
2026-07-03 13:38:45.193  1041-1041  BufferQueueProducer     surfaceflinger                       I  [com.tapman104.mpvplayer/com.tapman104.mpvplayer.PlayerActivity#33523](this:0xb400007961d95808,id:-1,api:0,p:-1,c:1041) queueBuffer: fps=0.39 dur=2542.34 max=2542.34 min=2542.34
2026-07-03 13:38:45.193  1631-3824  AS.AudioService         system_server                        D  AudioTrackStatus: pid = 24920; uid = 10273; sessionId = 6937; streamType = 3; state = 2; pkgName = com.tapman104.mpvplayer
2026-07-03 13:38:45.193 24920-25171 AudioTrack              com.tapman104.mpvplayer              D  flush(2026): 0xb400007a89755b90, prior state:STATE_PAUSED, packageName: com.tapman104.mpvplayer
2026-07-03 13:38:45.193 24920-25171 AudioTrack              com.tapman104.mpvplayer              D  updateStateToService: AudioTrackStatus state:4
2026-07-03 13:38:45.193 24920-25190 MediaCodec              com.tapman104.mpvplayer              D  [0xb400007a6971fd00] setState: 7
2026-07-03 13:38:45.196  1631-3824  AS.AudioService         system_server                        D  AudioTrackStatus: pid = 24920; uid = 10273; sessionId = 6937; streamType = 3; state = 4; pkgName = com.tapman104.mpvplayer
2026-07-03 13:38:45.211 24920-25190 MediaCodec              com.tapman104.mpvplayer              D  [0xb400007a6971fd00] setState: 6
2026-07-03 13:38:45.211 24920-25190 CCodecConfig            com.tapman104.mpvplayer              I  query failed after returning 19 values (BAD_INDEX)
2026-07-03 13:38:45.215 24920-25190 Codec2Client            com.tapman104.mpvplayer              W  query -- param skipped: index = 1342179345.
2026-07-03 13:38:45.215 24920-25190 Codec2Client            com.tapman104.mpvplayer              W  query -- param skipped: index = 2415921170.
2026-07-03 13:38:45.215 24920-25190 Codec2Client            com.tapman104.mpvplayer              W  query -- param skipped: index = 1610614798.
2026-07-03 13:38:45.217 24920-25190 MediaCodec              com.tapman104.mpvplayer              D  [0xb400007a6971fd00] setState: 7
2026-07-03 13:38:45.226 24920-25190 MediaCodec              com.tapman104.mpvplayer              D  [0xb400007a6971fd00] setState: 6
2026-07-03 13:38:45.227 24920-25190 CCodecConfig            com.tapman104.mpvplayer              I  query failed after returning 19 values (BAD_INDEX)
2026-07-03 13:38:45.228 24920-25190 Codec2Client            com.tapman104.mpvplayer              W  query -- param skipped: index = 1342179345.
2026-07-03 13:38:45.228 24920-25190 Codec2Client            com.tapman104.mpvplayer              W  query -- param skipped: index = 2415921170.
2026-07-03 13:38:45.228 24920-25190 Codec2Client            com.tapman104.mpvplayer              W  query -- param skipped: index = 1610614798.
2026-07-03 13:38:45.231 24920-25180 mpv                     com.tapman104.mpvplayer              V  event: seek
2026-07-03 13:38:45.233 24920-25180 MpvEventDispatcher      com.tapman104.mpvplayer              D  Received MPV event: 20
2026-07-03 13:38:45.234  1041-1041  BufferQueueProducer     surfaceflinger                       I  [eba0222 SurfaceView[com.tapman104.mpvplayer/com.tapman104.mpvplayer.PlayerActivity](BLAST)#33528](this:0xb400007961d79068,id:-1,api:0,p:-1,c:1041) queueBuffer: fps=24.14 dur=1035.81 max=49.93 min=33.41
2026-07-03 13:38:45.236 24920-25191 CCodecBufferChannel     com.tapman104.mpvplayer              D  [c2.mtk.avc.decoder#797] Discard frames from previous generation.
2026-07-03 13:38:45.236 24920-25191 Codec2-Out...ufferQueue com.tapman104.mpvplayer              D  set max dequeue count 19 from update
2026-07-03 13:38:45.237 24920-25190 CCodecBufferChannel     com.tapman104.mpvplayer              D  [c2.mtk.avc.decoder#797] send inputSlots num:8 to codec
2026-07-03 13:38:45.241 24920-25195 CCodecBufferChannel     com.tapman104.mpvplayer              D  [c2.mtk.avc.decoder#797] Ignoring stale input buffer done callback: last flush index = 2125, frameIndex = 2125
2026-07-03 13:38:45.274 24920-25180 mpv                     com.tapman104.mpvplayer              V  [vd:v] Decoder format: 1920x1080 [0:1] yuv420p auto/auto/auto/limited/auto CL=unknown crop=1920x1080+0+0 A=none
2026-07-03 13:38:45.275 24920-25180 mpv                     com.tapman104.mpvplayer              V  [vd:v] Using container aspect ratio.
2026-07-03 13:38:45.289 24920-25180 mpv                     com.tapman104.mpvplayer              V  [cplayer:v] first video frame after restart shown
2026-07-03 13:38:45.291 24920-25180 mpv                     com.tapman104.mpvplayer              V  [cplayer:v] audio ready
2026-07-03 13:38:45.291 24920-25171 AudioTrack              com.tapman104.mpvplayer              D  pause(2026): 0xb400007a89755b90, prior state:STATE_FLUSHED, packageName: com.tapman104.mpvplayer
2026-07-03 13:38:45.291 24920-25171 AudioTrack              com.tapman104.mpvplayer              D  flush(2026): 0xb400007a89755b90, prior state:STATE_FLUSHED, packageName: com.tapman104.mpvplayer
2026-07-03 13:38:45.291 24920-25171 AudioTrack              com.tapman104.mpvplayer              D  updateStateToService: AudioTrackStatus state:4
2026-07-03 13:38:45.292 24920-25190 MediaCodec              com.tapman104.mpvplayer              D  [0xb400007a6971fd00] setState: 7
2026-07-03 13:38:45.293 24920-25180 mpv                     com.tapman104.mpvplayer              V  [mkv:v] queuing seek to 704.335000
2026-07-03 13:38:45.293  1631-2359  AS.AudioService         system_server                        D  AudioTrackStatus: pid = 24920; uid = 10273; sessionId = 6937; streamType = 3; state = 4; pkgName = com.tapman104.mpvplayer
2026-07-03 13:38:45.295 24920-25180 mpv                     com.tapman104.mpvplayer              V  [mkv:v] cached range 0: 567.616000 <-> 973.271000 (bof=0, eof=0)
2026-07-03 13:38:45.296 24920-25180 mpv                     com.tapman104.mpvplayer              V  [mkv:v] ...using this range for in-cache seek.
2026-07-03 13:38:45.297 24920-25180 mpv                     com.tapman104.mpvplayer              V  [mkv:v] adjust seek target 704.335000 -> 696.536000
2026-07-03 13:38:45.298 24920-25180 mpv                     com.tapman104.mpvplayer              V  [mkv:v] seeking stream 0 (video) to packet 696.536000/-9223372036854775808.000000
2026-07-03 13:38:45.298 24920-25180 mpv                     com.tapman104.mpvplayer              V  [mkv:v] seeking stream 1 (audio) to packet 696.513500/-9223372036854775808.000000
2026-07-03 13:38:45.299 24920-25180 mpv                     com.tapman104.mpvplayer              V  [mkv:v] seeking stream 2 (sub) to packet 696.517000/-9223372036854775808.000000
2026-07-03 13:38:45.300 24920-25190 MediaCodec              com.tapman104.mpvplayer              D  [0xb400007a6971fd00] setState: 6
2026-07-03 13:38:45.300 24920-25190 CCodecConfig            com.tapman104.mpvplayer              I  query failed after returning 19 values (BAD_INDEX)
2026-07-03 13:38:45.300 24920-25191 CCodecBufferChannel     com.tapman104.mpvplayer              D  [c2.mtk.avc.decoder#797] flushed work; ignored.
2026-07-03 13:38:45.300 24920-25191 CCodecBufferChannel     com.tapman104.mpvplayer              D  [c2.mtk.avc.decoder#797] Discard frames from previous generation.
2026-07-03 13:38:45.300 24920-25191 CCodecBufferChannel     com.tapman104.mpvplayer              D  [c2.mtk.avc.decoder#797] flushed work not feedInput.
2026-07-03 13:38:45.301 24920-25190 Codec2Client            com.tapman104.mpvplayer              W  query -- param skipped: index = 1342179345.
2026-07-03 13:38:45.301 24920-25190 Codec2Client            com.tapman104.mpvplayer              W  query -- param skipped: index = 2415921170.
2026-07-03 13:38:45.301 24920-25190 Codec2Client            com.tapman104.mpvplayer              W  query -- param skipped: index = 1610614798.
2026-07-03 13:38:45.302 24920-25190 MediaCodec              com.tapman104.mpvplayer              D  [0xb400007a6971fd00] setState: 7
2026-07-03 13:38:45.306 24920-25190 MediaCodec              com.tapman104.mpvplayer              D  [0xb400007a6971fd00] setState: 6
2026-07-03 13:38:45.306 24920-25190 CCodecConfig            com.tapman104.mpvplayer              I  query failed after returning 19 values (BAD_INDEX)
2026-07-03 13:38:45.309 24920-25190 Codec2Client            com.tapman104.mpvplayer              W  query -- param skipped: index = 1342179345.
2026-07-03 13:38:45.309 24920-25190 Codec2Client            com.tapman104.mpvplayer              W  query -- param skipped: index = 2415921170.
2026-07-03 13:38:45.309 24920-25190 Codec2Client            com.tapman104.mpvplayer              W  query -- param skipped: index = 1610614798.
2026-07-03 13:38:45.310 24920-25180 mpv                     com.tapman104.mpvplayer              V  event: seek
2026-07-03 13:38:45.310 24920-25180 MpvEventDispatcher      com.tapman104.mpvplayer              D  Received MPV event: 20
2026-07-03 13:38:45.315 24920-25191 CCodecBufferChannel     com.tapman104.mpvplayer              D  [c2.mtk.avc.decoder#797] Discard frames from previous generation.
2026-07-03 13:38:45.315 24920-25191 Codec2-Out...ufferQueue com.tapman104.mpvplayer              D  set max dequeue count 19 from update
2026-07-03 13:38:45.316 24920-25190 CCodecBufferChannel     com.tapman104.mpvplayer              D  [c2.mtk.avc.decoder#797] send inputSlots num:8 to codec
2026-07-03 13:38:45.320 24920-25195 CCodecBufferChannel     com.tapman104.mpvplayer              D  [c2.mtk.avc.decoder#797] Ignoring stale input buffer done callback: last flush index = 2138, frameIndex = 2138
2026-07-03 13:38:45.346 24920-25180 mpv                     com.tapman104.mpvplayer              V  [vd:v] Decoder format: 1920x1080 [0:1] yuv420p auto/auto/auto/limited/auto CL=unknown crop=1920x1080+0+0 A=none
2026-07-03 13:38:45.347 24920-25180 mpv                     com.tapman104.mpvplayer              V  [vd:v] Using container aspect ratio.
2026-07-03 13:38:45.360 24920-25180 mpv                     com.tapman104.mpvplayer              V  [cplayer:v] first video frame after restart shown
2026-07-03 13:38:45.362 24920-25171 AudioTrack              com.tapman104.mpvplayer              D  pause(2026): 0xb400007a89755b90, prior state:STATE_FLUSHED, packageName: com.tapman104.mpvplayer
2026-07-03 13:38:45.363 24920-25171 AudioTrack              com.tapman104.mpvplayer              D  flush(2026): 0xb400007a89755b90, prior state:STATE_FLUSHED, packageName: com.tapman104.mpvplayer
2026-07-03 13:38:45.363 24920-25171 AudioTrack              com.tapman104.mpvplayer              D  updateStateToService: AudioTrackStatus state:4
2026-07-03 13:38:45.363  1631-2359  AS.AudioService         system_server                        D  AudioTrackStatus: pid = 24920; uid = 10273; sessionId = 6937; streamType = 3; state = 4; pkgName = com.tapman104.mpvplayer
2026-07-03 13:38:45.364 24920-25180 mpv                     com.tapman104.mpvplayer              V  [cplayer:v] audio ready
2026-07-03 13:38:45.364 24920-25190 MediaCodec              com.tapman104.mpvplayer              D  [0xb400007a6971fd00] setState: 7
2026-07-03 13:38:45.366 24920-25180 mpv                     com.tapman104.mpvplayer              V  [mkv:v] queuing seek to 714.674000
2026-07-03 13:38:45.366 24920-25180 mpv                     com.tapman104.mpvplayer              V  [mkv:v] cached range 0: 567.616000 <-> 973.271000 (bof=0, eof=0)
2026-07-03 13:38:45.366 24920-25180 mpv                     com.tapman104.mpvplayer              V  [mkv:v] ...using this range for in-cache seek.
2026-07-03 13:38:45.366 24920-25180 mpv                     com.tapman104.mpvplayer              V  [mkv:v] adjust seek target 714.674000 -> 713.303000
2026-07-03 13:38:45.366 24920-25180 mpv                     com.tapman104.mpvplayer              V  [mkv:v] seeking stream 0 (video) to packet 713.303000/-9223372036854775808.000000
2026-07-03 13:38:45.366 24920-25180 mpv                     com.tapman104.mpvplayer              V  [mkv:v] seeking stream 1 (audio) to packet 713.293500/-9223372036854775808.000000
2026-07-03 13:38:45.366 24920-25180 mpv                     com.tapman104.mpvplayer              V  [mkv:v] seeking stream 2 (sub) to packet 707.927000/-9223372036854775808.000000
2026-07-03 13:38:45.376 24920-25190 MediaCodec              com.tapman104.mpvplayer              D  [0xb400007a6971fd00] setState: 6
2026-07-03 13:38:45.377 24920-25190 CCodecConfig            com.tapman104.mpvplayer              I  query failed after returning 19 values (BAD_INDEX)
2026-07-03 13:38:45.378 24920-25190 Codec2Client            com.tapman104.mpvplayer              W  query -- param skipped: index = 1342179345.
2026-07-03 13:38:45.378 24920-25190 Codec2Client            com.tapman104.mpvplayer              W  query -- param skipped: index = 2415921170.
2026-07-03 13:38:45.378 24920-25190 Codec2Client            com.tapman104.mpvplayer              W  query -- param skipped: index = 1610614798.
2026-07-03 13:38:45.380 24920-25190 MediaCodec              com.tapman104.mpvplayer              D  [0xb400007a6971fd00] setState: 7
2026-07-03 13:38:45.384 24920-25190 MediaCodec              com.tapman104.mpvplayer              D  [0xb400007a6971fd00] setState: 6
2026-07-03 13:38:45.385 24920-25190 CCodecConfig            com.tapman104.mpvplayer              I  query failed after returning 19 values (BAD_INDEX)
2026-07-03 13:38:45.387 24920-25190 Codec2Client            com.tapman104.mpvplayer              W  query -- param skipped: index = 1342179345.
2026-07-03 13:38:45.387 24920-25190 Codec2Client            com.tapman104.mpvplayer              W  query -- param skipped: index = 2415921170.
2026-07-03 13:38:45.387 24920-25190 Codec2Client            com.tapman104.mpvplayer              W  query -- param skipped: index = 1610614798.
2026-07-03 13:38:45.387 24920-25180 mpv                     com.tapman104.mpvplayer              V  event: seek
2026-07-03 13:38:45.387 24920-25180 MpvEventDispatcher      com.tapman104.mpvplayer              D  Received MPV event: 20
2026-07-03 13:38:45.392 24920-25191 CCodecBufferChannel     com.tapman104.mpvplayer              D  [c2.mtk.avc.decoder#797] Discard frames from previous generation.
2026-07-03 13:38:45.392 24920-25191 Codec2-Out...ufferQueue com.tapman104.mpvplayer              D  set max dequeue count 19 from update
2026-07-03 13:38:45.393 24920-25190 CCodecBufferChannel     com.tapman104.mpvplayer              D  [c2.mtk.avc.decoder#797] send inputSlots num:8 to codec
2026-07-03 13:38:45.398 24920-25195 CCodecBufferChannel     com.tapman104.mpvplayer              D  [c2.mtk.avc.decoder#797] Ignoring stale input buffer done callback: last flush index = 2152, frameIndex = 2152
2026-07-03 13:38:45.423 24920-25180 mpv                     com.tapman104.mpvplayer              V  [vd:v] Decoder format: 1920x1080 [0:1] yuv420p auto/auto/auto/limited/auto CL=unknown crop=1920x1080+0+0 A=none
2026-07-03 13:38:45.423 24920-25180 mpv                     com.tapman104.mpvplayer              V  [vd:v] Using container aspect ratio.
2026-07-03 13:38:45.434 24920-25180 mpv                     com.tapman104.mpvplayer              V  [cplayer:v] first video frame after restart shown
2026-07-03 13:38:45.440 24920-25180 mpv                     com.tapman104.mpvplayer              V  [cplayer:v] audio ready
2026-07-03 13:38:45.441 24920-25180 mpv                     com.tapman104.mpvplayer              V  [mkv:v] queuing seek to 738.050000
2026-07-03 13:38:45.441 24920-25180 mpv                     com.tapman104.mpvplayer              V  [mkv:v] cached range 0: 567.616000 <-> 973.271000 (bof=0, eof=0)
2026-07-03 13:38:45.441 24920-25171 AudioTrack              com.tapman104.mpvplayer              D  pause(2026): 0xb400007a89755b90, prior state:STATE_FLUSHED, packageName: com.tapman104.mpvplayer
2026-07-03 13:38:45.441 24920-25180 mpv                     com.tapman104.mpvplayer              V  [mkv:v] ...using this range for in-cache seek.
2026-07-03 13:38:45.441 24920-25180 mpv                     com.tapman104.mpvplayer              V  [mkv:v] adjust seek target 738.050000 -> 736.409000
2026-07-03 13:38:45.441 24920-25171 AudioTrack              com.tapman104.mpvplayer              D  flush(2026): 0xb400007a89755b90, prior state:STATE_FLUSHED, packageName: com.tapman104.mpvplayer
2026-07-03 13:38:45.441 24920-25180 mpv                     com.tapman104.mpvplayer              V  [mkv:v] seeking stream 0 (video) to packet 736.409000/-9223372036854775808.000000
2026-07-03 13:38:45.441 24920-25180 mpv                     com.tapman104.mpvplayer              V  [mkv:v] seeking stream 1 (audio) to packet 736.393500/-9223372036854775808.000000
2026-07-03 13:38:45.441 24920-25171 AudioTrack              com.tapman104.mpvplayer              D  updateStateToService: AudioTrackStatus state:4
2026-07-03 13:38:45.441 24920-25180 mpv                     com.tapman104.mpvplayer              V  [mkv:v] seeking stream 2 (sub) to packet 731.757000/-9223372036854775808.000000
2026-07-03 13:38:45.442 24920-25190 MediaCodec              com.tapman104.mpvplayer              D  [0xb400007a6971fd00] setState: 7
2026-07-03 13:38:45.443  1631-2359  AS.AudioService         system_server                        D  AudioTrackStatus: pid = 24920; uid = 10273; sessionId = 6937; streamType = 3; state = 4; pkgName = com.tapman104.mpvplayer
2026-07-03 13:38:45.450 24920-25190 MediaCodec              com.tapman104.mpvplayer              D  [0xb400007a6971fd00] setState: 6
2026-07-03 13:38:45.450 24920-25190 CCodecConfig            com.tapman104.mpvplayer              I  query failed after returning 19 values (BAD_INDEX)
2026-07-03 13:38:45.452 24920-25190 Codec2Client            com.tapman104.mpvplayer              W  query -- param skipped: index = 1342179345.
2026-07-03 13:38:45.452 24920-25190 Codec2Client            com.tapman104.mpvplayer              W  query -- param skipped: index = 2415921170.
2026-07-03 13:38:45.452 24920-25190 Codec2Client            com.tapman104.mpvplayer              W  query -- param skipped: index = 1610614798.
2026-07-03 13:38:45.452 24920-25191 CCodecBufferChannel     com.tapman104.mpvplayer              D  [c2.mtk.avc.decoder#797] flushed work; ignored.
2026-07-03 13:38:45.452 24920-25191 CCodecBufferChannel     com.tapman104.mpvplayer              D  [c2.mtk.avc.decoder#797] Discard frames from previous generation.
2026-07-03 13:38:45.452 24920-25191 CCodecBufferChannel     com.tapman104.mpvplayer              D  [c2.mtk.avc.decoder#797] flushed work not feedInput.
2026-07-03 13:38:45.453 24920-25191 CCodecBufferChannel     com.tapman104.mpvplayer              D  [c2.mtk.avc.decoder#797] flushed work; ignored.
2026-07-03 13:38:45.453 24920-25191 CCodecBufferChannel     com.tapman104.mpvplayer              D  [c2.mtk.avc.decoder#797] Discard frames from previous generation.
2026-07-03 13:38:45.453 24920-25191 CCodecBufferChannel     com.tapman104.mpvplayer              D  [c2.mtk.avc.decoder#797] flushed work not feedInput.
2026-07-03 13:38:45.454 24920-25190 MediaCodec              com.tapman104.mpvplayer              D  [0xb400007a6971fd00] setState: 7
2026-07-03 13:38:45.460 24920-25190 MediaCodec              com.tapman104.mpvplayer              D  [0xb400007a6971fd00] setState: 6
2026-07-03 13:38:45.461 24920-25190 CCodecConfig            com.tapman104.mpvplayer              I  query failed after returning 19 values (BAD_INDEX)
2026-07-03 13:38:45.466 24920-25190 Codec2Client            com.tapman104.mpvplayer              W  query -- param skipped: index = 1342179345.
2026-07-03 13:38:45.466 24920-25190 Codec2Client            com.tapman104.mpvplayer              W  query -- param skipped: index = 2415921170.
2026-07-03 13:38:45.466 24920-25190 Codec2Client            com.tapman104.mpvplayer              W  query -- param skipped: index = 1610614798.
2026-07-03 13:38:45.467 24920-25180 mpv                     com.tapman104.mpvplayer              V  event: seek
2026-07-03 13:38:45.467 24920-25180 MpvEventDispatcher      com.tapman104.mpvplayer              D  Received MPV event: 20
2026-07-03 13:38:45.469 24920-25191 CCodecBufferChannel     com.tapman104.mpvplayer              D  [c2.mtk.avc.decoder#797] Discard frames from previous generation.
2026-07-03 13:38:45.469 24920-25191 Codec2-Out...ufferQueue com.tapman104.mpvplayer              D  set max dequeue count 19 from update
2026-07-03 13:38:45.470 24920-25190 CCodecBufferChannel     com.tapman104.mpvplayer              D  [c2.mtk.avc.decoder#797] send inputSlots num:8 to codec
2026-07-03 13:38:45.474 24920-25195 CCodecBufferChannel     com.tapman104.mpvplayer              D  [c2.mtk.avc.decoder#797] Ignoring stale input buffer done callback: last flush index = 2167, frameIndex = 2167
2026-07-03 13:38:45.499 24920-25180 mpv                     com.tapman104.mpvplayer              V  [vd:v] Decoder format: 1920x1080 [0:1] yuv420p auto/auto/auto/limited/auto CL=unknown crop=1920x1080+0+0 A=none
2026-07-03 13:38:45.500 24920-25180 mpv                     com.tapman104.mpvplayer              V  [vd:v] Using container aspect ratio.
2026-07-03 13:38:45.519 24920-25180 mpv                     com.tapman104.mpvplayer              V  [cplayer:v] first video frame after restart shown
2026-07-03 13:38:45.522 24920-25180 mpv                     com.tapman104.mpvplayer              V  [cplayer:v] audio ready
2026-07-03 13:38:45.523 24920-25171 AudioTrack              com.tapman104.mpvplayer              D  pause(2026): 0xb400007a89755b90, prior state:STATE_FLUSHED, packageName: com.tapman104.mpvplayer
2026-07-03 13:38:45.523 24920-25171 AudioTrack              com.tapman104.mpvplayer              D  flush(2026): 0xb400007a89755b90, prior state:STATE_FLUSHED, packageName: com.tapman104.mpvplayer
2026-07-03 13:38:45.523 24920-25171 AudioTrack              com.tapman104.mpvplayer              D  updateStateToService: AudioTrackStatus state:4
2026-07-03 13:38:45.524 24920-25180 mpv                     com.tapman104.mpvplayer              V  [mkv:v] queuing seek to 749.671000
2026-07-03 13:38:45.524 24920-25190 MediaCodec              com.tapman104.mpvplayer              D  [0xb400007a6971fd00] setState: 7
2026-07-03 13:38:45.524  1631-3824  AS.AudioService         system_server                        D  AudioTrackStatus: pid = 24920; uid = 10273; sessionId = 6937; streamType = 3; state = 4; pkgName = com.tapman104.mpvplayer
2026-07-03 13:38:45.524 24920-25180 mpv                     com.tapman104.mpvplayer              V  [mkv:v] cached range 0: 567.616000 <-> 973.271000 (bof=0, eof=0)
2026-07-03 13:38:45.524 24920-25180 mpv                     com.tapman104.mpvplayer              V  [mkv:v] ...using this range for in-cache seek.
2026-07-03 13:38:45.525 24920-25180 mpv                     com.tapman104.mpvplayer              V  [mkv:v] adjust seek target 749.671000 -> 747.754000
2026-07-03 13:38:45.525 24920-25180 mpv                     com.tapman104.mpvplayer              V  [mkv:v] seeking stream 0 (video) to packet 747.754000/-9223372036854775808.000000
2026-07-03 13:38:45.525 24920-25180 mpv                     com.tapman104.mpvplayer              V  [mkv:v] seeking stream 1 (audio) to packet 747.733500/-9223372036854775808.000000
2026-07-03 13:38:45.525 24920-25180 mpv                     com.tapman104.mpvplayer              V  [mkv:v] seeking stream 2 (sub) to packet 747.737000/-9223372036854775808.000000
2026-07-03 13:38:45.537 24920-25190 MediaCodec              com.tapman104.mpvplayer              D  [0xb400007a6971fd00] setState: 6
2026-07-03 13:38:45.538 24920-25190 CCodecConfig            com.tapman104.mpvplayer              I  query failed after returning 19 values (BAD_INDEX)
2026-07-03 13:38:45.540 24920-25190 Codec2Client            com.tapman104.mpvplayer              W  query -- param skipped: index = 1342179345.
2026-07-03 13:38:45.540 24920-25190 Codec2Client            com.tapman104.mpvplayer              W  query -- param skipped: index = 2415921170.
2026-07-03 13:38:45.540 24920-25190 Codec2Client            com.tapman104.mpvplayer              W  query -- param skipped: index = 1610614798.
2026-07-03 13:38:45.541 24920-25190 MediaCodec              com.tapman104.mpvplayer              D  [0xb400007a6971fd00] setState: 7
2026-07-03 13:38:45.546 24920-25190 MediaCodec              com.tapman104.mpvplayer              D  [0xb400007a6971fd00] setState: 6
2026-07-03 13:38:45.546 24920-25190 CCodecConfig            com.tapman104.mpvplayer              I  query failed after returning 19 values (BAD_INDEX)
2026-07-03 13:38:45.548 24920-25190 Codec2Client            com.tapman104.mpvplayer              W  query -- param skipped: index = 1342179345.
2026-07-03 13:38:45.548 24920-25190 Codec2Client            com.tapman104.mpvplayer              W  query -- param skipped: index = 2415921170.
2026-07-03 13:38:45.548 24920-25190 Codec2Client            com.tapman104.mpvplayer              W  query -- param skipped: index = 1610614798.
2026-07-03 13:38:45.550 24920-25180 mpv                     com.tapman104.mpvplayer              V  event: seek
2026-07-03 13:38:45.550 24920-25180 MpvEventDispatcher      com.tapman104.mpvplayer              D  Received MPV event: 20
2026-07-03 13:38:45.552 24920-25191 CCodecBufferChannel     com.tapman104.mpvplayer              D  [c2.mtk.avc.decoder#797] Discard frames from previous generation.
2026-07-03 13:38:45.553 24920-25191 Codec2-Out...ufferQueue com.tapman104.mpvplayer              D  set max dequeue count 19 from update
2026-07-03 13:38:45.553 24920-25190 CCodecBufferChannel     com.tapman104.mpvplayer              D  [c2.mtk.avc.decoder#797] send inputSlots num:8 to codec
2026-07-03 13:38:45.557 24920-25195 CCodecBufferChannel     com.tapman104.mpvplayer              D  [c2.mtk.avc.decoder#797] Ignoring stale input buffer done callback: last flush index = 2182, frameIndex = 2182
2026-07-03 13:38:45.560   985-1025  MTK_APPList             ven...ower_applist-service.mediatek  I  [notifyAPPstate] com.tapman104.mpvplayer/com.tapman104.mpvplayer.PlayerActivity, pid=24920, uid=10273, state:FPS_UPDATED, fps:120, win:1
2026-07-03 13:38:45.560   985-1025  MTK_APPList             ven...ower_applist-service.mediatek  I  [notifyAPPstate] multi_resumed_app_info[4] com.tapman104.mpvplayer/com.tapman104.mpvplayer.PlayerActivity, pid:24920, fps:120, isMultiWindow:1
2026-07-03 13:38:45.573  1631-2008  NtAudioGlyphServiceImpl system_server                        D  onAudioTrackStop request:AudioLightRequest@d0b2606{Id:107,uid:10273,pid:24920,noAudio:false,csvId:-1,pkg:com.tapman104.mpvplayer,session:6937,addby:2}
2026-07-03 13:38:45.574  1631-2008  NtAudioGlyphServiceImpl system_server                        D  AudioLightRequests[0]- AudioLightRequest@d0b2606{Id:107,uid:10273,pid:24920,noAudio:false,csvId:-1,pkg:com.tapman104.mpvplayer,session:6937,addby:2}
2026-07-03 13:38:45.576  1631-2008  NtAudioGlyphServiceImpl system_server                        D  onAudioTrackStop request:AudioLightRequest@d0b2606{Id:107,uid:10273,pid:24920,noAudio:false,csvId:-1,pkg:com.tapman104.mpvplayer,session:6937,addby:2}
2026-07-03 13:38:45.576  1631-2008  NtAudioGlyphServiceImpl system_server                        D  AudioLightRequests[0]- AudioLightRequest@d0b2606{Id:107,uid:10273,pid:24920,noAudio:false,csvId:-1,pkg:com.tapman104.mpvplayer,session:6937,addby:2}
2026-07-03 13:38:45.582 24920-25180 mpv                     com.tapman104.mpvplayer              V  [vd:v] Decoder format: 1920x1080 [0:1] yuv420p auto/auto/auto/limited/auto CL=unknown crop=1920x1080+0+0 A=none
2026-07-03 13:38:45.582 24920-25180 mpv                     com.tapman104.mpvplayer              V  [vd:v] Using container aspect ratio.
2026-07-03 13:38:45.595 24920-25171 AudioTrack              com.tapman104.mpvplayer              D  pause(2026): 0xb400007a89755b90, prior state:STATE_FLUSHED, packageName: com.tapman104.mpvplayer
2026-07-03 13:38:45.595 24920-25180 mpv                     com.tapman104.mpvplayer              V  [cplayer:v] first video frame after restart shown
2026-07-03 13:38:45.595 24920-25171 AudioTrack              com.tapman104.mpvplayer              D  flush(2026): 0xb400007a89755b90, prior state:STATE_FLUSHED, packageName: com.tapman104.mpvplayer
2026-07-03 13:38:45.595 24920-25171 AudioTrack              com.tapman104.mpvplayer              D  updateStateToService: AudioTrackStatus state:4
2026-07-03 13:38:45.595  1631-3824  AS.AudioService         system_server                        D  AudioTrackStatus: pid = 24920; uid = 10273; sessionId = 6937; streamType = 3; state = 4; pkgName = com.tapman104.mpvplayer
2026-07-03 13:38:45.595 24920-25190 MediaCodec              com.tapman104.mpvplayer              D  [0xb400007a6971fd00] setState: 7
2026-07-03 13:38:45.598 24920-25180 mpv                     com.tapman104.mpvplayer              V  [cplayer:v] audio ready
2026-07-03 13:38:45.599 24920-25180 mpv                     com.tapman104.mpvplayer              V  [mkv:v] queuing seek to 754.960000
2026-07-03 13:38:45.600 24920-25180 mpv                     com.tapman104.mpvplayer              V  [mkv:v] cached range 0: 567.616000 <-> 973.271000 (bof=0, eof=0)
2026-07-03 13:38:45.600 24920-25180 mpv                     com.tapman104.mpvplayer              V  [mkv:v] ...using this range for in-cache seek.
2026-07-03 13:38:45.600 24920-25180 mpv                     com.tapman104.mpvplayer              V  [mkv:v] adjust seek target 754.960000 -> 752.008000
2026-07-03 13:38:45.600 24920-25180 mpv                     com.tapman104.mpvplayer              V  [mkv:v] seeking stream 0 (video) to packet 752.008000/-9223372036854775808.000000
2026-07-03 13:38:45.600 24920-25180 mpv                     com.tapman104.mpvplayer              V  [mkv:v] seeking stream 1 (audio) to packet 751.993500/-9223372036854775808.000000
2026-07-03 13:38:45.600 24920-25180 mpv                     com.tapman104.mpvplayer              V  [mkv:v] seeking stream 2 (sub) to packet 749.687000/-9223372036854775808.000000
2026-07-03 13:38:45.606 24920-25190 MediaCodec              com.tapman104.mpvplayer              D  [0xb400007a6971fd00] setState: 6
2026-07-03 13:38:45.606 24920-25190 CCodecConfig            com.tapman104.mpvplayer              I  query failed after returning 19 values (BAD_INDEX)
2026-07-03 13:38:45.607 24920-25190 Codec2Client            com.tapman104.mpvplayer              W  query -- param skipped: index = 1342179345.
2026-07-03 13:38:45.607 24920-25190 Codec2Client            com.tapman104.mpvplayer              W  query -- param skipped: index = 2415921170.
2026-07-03 13:38:45.607 24920-25190 Codec2Client            com.tapman104.mpvplayer              W  query -- param skipped: index = 1610614798.
2026-07-03 13:38:45.609 24920-25190 MediaCodec              com.tapman104.mpvplayer              D  [0xb400007a6971fd00] setState: 7
2026-07-03 13:38:45.615 24920-25190 MediaCodec              com.tapman104.mpvplayer              D  [0xb400007a6971fd00] setState: 6
2026-07-03 13:38:45.615 24920-25190 CCodecConfig            com.tapman104.mpvplayer              I  query failed after returning 19 values (BAD_INDEX)
2026-07-03 13:38:45.617 24920-25190 Codec2Client            com.tapman104.mpvplayer              W  query -- param skipped: index = 1342179345.
2026-07-03 13:38:45.617 24920-25190 Codec2Client            com.tapman104.mpvplayer              W  query -- param skipped: index = 2415921170.
2026-07-03 13:38:45.617 24920-25190 Codec2Client            com.tapman104.mpvplayer              W  query -- param skipped: index = 1610614798.
2026-07-03 13:38:45.618 24920-25180 mpv                     com.tapman104.mpvplayer              V  event: seek
2026-07-03 13:38:45.618 24920-25180 MpvEventDispatcher      com.tapman104.mpvplayer              D  Received MPV event: 20
2026-07-03 13:38:45.622 24920-25191 CCodecBufferChannel     com.tapman104.mpvplayer              D  [c2.mtk.avc.decoder#797] Discard frames from previous generation.
2026-07-03 13:38:45.622 24920-25191 Codec2-Out...ufferQueue com.tapman104.mpvplayer              D  set max dequeue count 19 from update
2026-07-03 13:38:45.624 24920-25190 CCodecBufferChannel     com.tapman104.mpvplayer              D  [c2.mtk.avc.decoder#797] send inputSlots num:8 to codec
2026-07-03 13:38:45.629 24920-25195 CCodecBufferChannel     com.tapman104.mpvplayer              D  [c2.mtk.avc.decoder#797] Ignoring stale input buffer done callback: last flush index = 2196, frameIndex = 2196
2026-07-03 13:38:45.656 24920-25180 mpv                     com.tapman104.mpvplayer              V  [vd:v] Decoder format: 1920x1080 [0:1] yuv420p auto/auto/auto/limited/auto CL=unknown crop=1920x1080+0+0 A=none
2026-07-03 13:38:45.658 24920-25180 mpv                     com.tapman104.mpvplayer              V  [vd:v] Using container aspect ratio.
2026-07-03 13:38:45.667 24920-25180 mpv                     com.tapman104.mpvplayer              V  [cplayer:v] first video frame after restart shown
2026-07-03 13:38:45.671 24920-25180 mpv                     com.tapman104.mpvplayer              V  [cplayer:v] audio ready
2026-07-03 13:38:45.674 24920-25180 mpv                     com.tapman104.mpvplayer              V  [mkv:v] queuing seek to 766.347000
2026-07-03 13:38:45.675  1631-2008  NtAudioGlyphServiceImpl system_server                        D  onAudioTrackStop request:AudioLightRequest@d0b2606{Id:107,uid:10273,pid:24920,noAudio:false,csvId:-1,pkg:com.tapman104.mpvplayer,session:6937,addby:2}
2026-07-03 13:38:45.675 24920-25180 mpv                     com.tapman104.mpvplayer              V  [mkv:v] cached range 0: 567.616000 <-> 973.271000 (bof=0, eof=0)
2026-07-03 13:38:45.675  1631-2008  NtAudioGlyphServiceImpl system_server                        D  AudioLightRequests[0]- AudioLightRequest@d0b2606{Id:107,uid:10273,pid:24920,noAudio:false,csvId:-1,pkg:com.tapman104.mpvplayer,session:6937,addby:2}
2026-07-03 13:38:45.675 24920-25180 mpv                     com.tapman104.mpvplayer              V  [mkv:v] ...using this range for in-cache seek.
2026-07-03 13:38:45.676 24920-25180 mpv                     com.tapman104.mpvplayer              V  [mkv:v] adjust seek target 766.347000 -> 765.855000
2026-07-03 13:38:45.676 24920-25180 mpv                     com.tapman104.mpvplayer              V  [mkv:v] seeking stream 0 (video) to packet 765.855000/-9223372036854775808.000000
2026-07-03 13:38:45.676 24920-25171 AudioTrack              com.tapman104.mpvplayer              D  pause(2026): 0xb400007a89755b90, prior state:STATE_FLUSHED, packageName: com.tapman104.mpvplayer
2026-07-03 13:38:45.676 24920-25180 mpv                     com.tapman104.mpvplayer              V  [mkv:v] seeking stream 1 (audio) to packet 765.833500/-9223372036854775808.000000
2026-07-03 13:38:45.676 24920-25180 mpv                     com.tapman104.mpvplayer              V  [mkv:v] seeking stream 2 (sub) to packet 758.077000/-9223372036854775808.000000
2026-07-03 13:38:45.677 24920-25171 AudioTrack              com.tapman104.mpvplayer              D  flush(2026): 0xb400007a89755b90, prior state:STATE_FLUSHED, packageName: com.tapman104.mpvplayer
2026-07-03 13:38:45.677 24920-25171 AudioTrack              com.tapman104.mpvplayer              D  updateStateToService: AudioTrackStatus state:4
2026-07-03 13:38:45.678 24920-25190 MediaCodec              com.tapman104.mpvplayer              D  [0xb400007a6971fd00] setState: 7
2026-07-03 13:38:45.678  1631-3824  AS.AudioService         system_server                        D  AudioTrackStatus: pid = 24920; uid = 10273; sessionId = 6937; streamType = 3; state = 4; pkgName = com.tapman104.mpvplayer
2026-07-03 13:38:45.685 24920-25190 MediaCodec              com.tapman104.mpvplayer              D  [0xb400007a6971fd00] setState: 6
2026-07-03 13:38:45.685 24920-25190 CCodecConfig            com.tapman104.mpvplayer              I  query failed after returning 19 values (BAD_INDEX)
2026-07-03 13:38:45.686 24920-25191 CCodecBufferChannel     com.tapman104.mpvplayer              D  [c2.mtk.avc.decoder#797] flushed work; ignored.
2026-07-03 13:38:45.686 24920-25191 CCodecBufferChannel     com.tapman104.mpvplayer              D  [c2.mtk.avc.decoder#797] Discard frames from previous generation.
2026-07-03 13:38:45.686 24920-25191 CCodecBufferChannel     com.tapman104.mpvplayer              D  [c2.mtk.avc.decoder#797] flushed work not feedInput.
2026-07-03 13:38:45.687 24920-25190 Codec2Client            com.tapman104.mpvplayer              W  query -- param skipped: index = 1342179345.
2026-07-03 13:38:45.687 24920-25190 Codec2Client            com.tapman104.mpvplayer              W  query -- param skipped: index = 2415921170.
2026-07-03 13:38:45.687 24920-25190 Codec2Client            com.tapman104.mpvplayer              W  query -- param skipped: index = 1610614798.
2026-07-03 13:38:45.688 24920-25190 MediaCodec              com.tapman104.mpvplayer              D  [0xb400007a6971fd00] setState: 7
2026-07-03 13:38:45.693 24920-25190 MediaCodec              com.tapman104.mpvplayer              D  [0xb400007a6971fd00] setState: 6
2026-07-03 13:38:45.694 24920-25190 CCodecConfig            com.tapman104.mpvplayer              I  query failed after returning 19 values (BAD_INDEX)
2026-07-03 13:38:45.695 24920-25190 Codec2Client            com.tapman104.mpvplayer              W  query -- param skipped: index = 1342179345.
2026-07-03 13:38:45.695 24920-25190 Codec2Client            com.tapman104.mpvplayer              W  query -- param skipped: index = 2415921170.
2026-07-03 13:38:45.695 24920-25190 Codec2Client            com.tapman104.mpvplayer              W  query -- param skipped: index = 1610614798.
2026-07-03 13:38:45.697 24920-25180 mpv                     com.tapman104.mpvplayer              V  event: seek
2026-07-03 13:38:45.697 24920-25180 MpvEventDispatcher      com.tapman104.mpvplayer              D  Received MPV event: 20
2026-07-03 13:38:45.701 24920-25191 CCodecBufferChannel     com.tapman104.mpvplayer              D  [c2.mtk.avc.decoder#797] Discard frames from previous generation.
2026-07-03 13:38:45.701 24920-25191 Codec2-Out...ufferQueue com.tapman104.mpvplayer              D  set max dequeue count 19 from update
2026-07-03 13:38:45.702 24920-25190 CCodecBufferChannel     com.tapman104.mpvplayer              D  [c2.mtk.avc.decoder#797] send inputSlots num:8 to codec
2026-07-03 13:38:45.706 24920-25195 CCodecBufferChannel     com.tapman104.mpvplayer              D  [c2.mtk.avc.decoder#797] Ignoring stale input buffer done callback: last flush index = 2209, frameIndex = 2209
2026-07-03 13:38:45.736 24920-25180 mpv                     com.tapman104.mpvplayer              V  [vd:v] Decoder format: 1920x1080 [0:1] yuv420p auto/auto/auto/limited/auto CL=unknown crop=1920x1080+0+0 A=none
2026-07-03 13:38:45.737 24920-25180 mpv                     com.tapman104.mpvplayer              V  [vd:v] Using container aspect ratio.
2026-07-03 13:38:45.744  1631-2008  NtAudioGlyphServiceImpl system_server                        D  onAudioTrackStop request:AudioLightRequest@d0b2606{Id:107,uid:10273,pid:24920,noAudio:false,csvId:-1,pkg:com.tapman104.mpvplayer,session:6937,addby:2}
2026-07-03 13:38:45.744  1631-2008  NtAudioGlyphServiceImpl system_server                        D  AudioLightRequests[0]- AudioLightRequest@d0b2606{Id:107,uid:10273,pid:24920,noAudio:false,csvId:-1,pkg:com.tapman104.mpvplayer,session:6937,addby:2}
2026-07-03 13:38:45.749 24920-25180 mpv                     com.tapman104.mpvplayer              V  [cplayer:v] first video frame after restart shown
2026-07-03 13:38:45.752 24920-25180 mpv                     com.tapman104.mpvplayer              V  [cplayer:v] audio ready
2026-07-03 13:38:45.752 24920-25171 AudioTrack              com.tapman104.mpvplayer              D  pause(2026): 0xb400007a89755b90, prior state:STATE_FLUSHED, packageName: com.tapman104.mpvplayer
2026-07-03 13:38:45.753 24920-25180 mpv                     com.tapman104.mpvplayer              V  [mkv:v] queuing seek to 771.087000
2026-07-03 13:38:45.753 24920-25171 AudioTrack              com.tapman104.mpvplayer              D  flush(2026): 0xb400007a89755b90, prior state:STATE_FLUSHED, packageName: com.tapman104.mpvplayer
2026-07-03 13:38:45.754 24920-25180 mpv                     com.tapman104.mpvplayer              V  [mkv:v] cached range 0: 567.616000 <-> 973.271000 (bof=0, eof=0)
2026-07-03 13:38:45.754 24920-25171 AudioTrack              com.tapman104.mpvplayer              D  updateStateToService: AudioTrackStatus state:4
2026-07-03 13:38:45.754 24920-25180 mpv                     com.tapman104.mpvplayer              V  [mkv:v] ...using this range for in-cache seek.
2026-07-03 13:38:45.755 24920-25190 MediaCodec              com.tapman104.mpvplayer              D  [0xb400007a6971fd00] setState: 7
2026-07-03 13:38:45.755  1631-3824  AS.AudioService         system_server                        D  AudioTrackStatus: pid = 24920; uid = 10273; sessionId = 6937; streamType = 3; state = 4; pkgName = com.tapman104.mpvplayer
2026-07-03 13:38:45.755 24920-25180 mpv                     com.tapman104.mpvplayer              V  [mkv:v] adjust seek target 771.087000 -> 770.777000
2026-07-03 13:38:45.757 24920-25180 mpv                     com.tapman104.mpvplayer              V  [mkv:v] seeking stream 0 (video) to packet 770.777000/-9223372036854775808.000000
2026-07-03 13:38:45.759 24920-25180 mpv                     com.tapman104.mpvplayer              V  [mkv:v] seeking stream 1 (audio) to packet 770.753500/-9223372036854775808.000000
2026-07-03 13:38:45.761 24920-25180 mpv                     com.tapman104.mpvplayer              V  [mkv:v] seeking stream 2 (sub) to packet 758.077000/-9223372036854775808.000000
2026-07-03 13:38:45.766 24920-25190 MediaCodec              com.tapman104.mpvplayer              D  [0xb400007a6971fd00] setState: 6
2026-07-03 13:38:45.766 24920-25190 CCodecConfig            com.tapman104.mpvplayer              I  query failed after returning 19 values (BAD_INDEX)
2026-07-03 13:38:45.767 24920-25191 CCodecBufferChannel     com.tapman104.mpvplayer              D  [c2.mtk.avc.decoder#797] flushed work; ignored.
2026-07-03 13:38:45.767 24920-25191 CCodecBufferChannel     com.tapman104.mpvplayer              D  [c2.mtk.avc.decoder#797] Discard frames from previous generation.
2026-07-03 13:38:45.767 24920-25191 CCodecBufferChannel     com.tapman104.mpvplayer              D  [c2.mtk.avc.decoder#797] flushed work not feedInput.
2026-07-03 13:38:45.768 24920-25190 Codec2Client            com.tapman104.mpvplayer              W  query -- param skipped: index = 1342179345.
2026-07-03 13:38:45.768 24920-25190 Codec2Client            com.tapman104.mpvplayer              W  query -- param skipped: index = 2415921170.
2026-07-03 13:38:45.768 24920-25190 Codec2Client            com.tapman104.mpvplayer              W  query -- param skipped: index = 1610614798.
2026-07-03 13:38:45.769 24920-25190 MediaCodec              com.tapman104.mpvplayer              D  [0xb400007a6971fd00] setState: 7
2026-07-03 13:38:45.775 24920-25190 MediaCodec              com.tapman104.mpvplayer              D  [0xb400007a6971fd00] setState: 6
2026-07-03 13:38:45.775 24920-25190 CCodecConfig            com.tapman104.mpvplayer              I  query failed after returning 19 values (BAD_INDEX)
2026-07-03 13:38:45.777 24920-25190 Codec2Client            com.tapman104.mpvplayer              W  query -- param skipped: index = 1342179345.
2026-07-03 13:38:45.777 24920-25190 Codec2Client            com.tapman104.mpvplayer              W  query -- param skipped: index = 2415921170.
2026-07-03 13:38:45.777 24920-25190 Codec2Client            com.tapman104.mpvplayer              W  query -- param skipped: index = 1610614798.
2026-07-03 13:38:45.779 24920-25180 mpv                     com.tapman104.mpvplayer              V  event: seek
2026-07-03 13:38:45.779 24920-25180 MpvEventDispatcher      com.tapman104.mpvplayer              D  Received MPV event: 20
2026-07-03 13:38:45.782 24920-25191 CCodecBufferChannel     com.tapman104.mpvplayer              D  [c2.mtk.avc.decoder#797] Discard frames from previous generation.
2026-07-03 13:38:45.782 24920-25191 Codec2-Out...ufferQueue com.tapman104.mpvplayer              D  set max dequeue count 19 from update
2026-07-03 13:38:45.783 24920-25190 CCodecBufferChannel     com.tapman104.mpvplayer              D  [c2.mtk.avc.decoder#797] send inputSlots num:8 to codec
2026-07-03 13:38:45.787 24920-25195 CCodecBufferChannel     com.tapman104.mpvplayer              D  [c2.mtk.avc.decoder#797] Ignoring stale input buffer done callback: last flush index = 2223, frameIndex = 2223
2026-07-03 13:38:45.813 24920-25180 mpv                     com.tapman104.mpvplayer              V  [vd:v] Decoder format: 1920x1080 [0:1] yuv420p auto/auto/auto/limited/auto CL=unknown crop=1920x1080+0+0 A=none
2026-07-03 13:38:45.813 24920-25180 mpv                     com.tapman104.mpvplayer              V  [vd:v] Using container aspect ratio.
2026-07-03 13:38:45.823  1631-2008  NtAudioGlyphServiceImpl system_server                        D  onAudioTrackStop request:AudioLightRequest@d0b2606{Id:107,uid:10273,pid:24920,noAudio:false,csvId:-1,pkg:com.tapman104.mpvplayer,session:6937,addby:2}
2026-07-03 13:38:45.823  1631-2008  NtAudioGlyphServiceImpl system_server                        D  AudioLightRequests[0]- AudioLightRequest@d0b2606{Id:107,uid:10273,pid:24920,noAudio:false,csvId:-1,pkg:com.tapman104.mpvplayer,session:6937,addby:2}
2026-07-03 13:38:45.828 24920-25180 mpv                     com.tapman104.mpvplayer              V  [cplayer:v] first video frame after restart shown
2026-07-03 13:38:45.829 24920-25180 mpv                     com.tapman104.mpvplayer              V  [cplayer:v] audio ready
2026-07-03 13:38:45.829 24920-25171 AudioTrack              com.tapman104.mpvplayer              D  pause(2026): 0xb400007a89755b90, prior state:STATE_FLUSHED, packageName: com.tapman104.mpvplayer
2026-07-03 13:38:45.830 24920-25180 mpv                     com.tapman104.mpvplayer              V  [mkv:v] queuing seek to 780.602000
2026-07-03 13:38:45.830 24920-25171 AudioTrack              com.tapman104.mpvplayer              D  flush(2026): 0xb400007a89755b90, prior state:STATE_FLUSHED, packageName: com.tapman104.mpvplayer
2026-07-03 13:38:45.830 24920-25180 mpv                     com.tapman104.mpvplayer              V  [mkv:v] cached range 0: 567.616000 <-> 973.271000 (bof=0, eof=0)
2026-07-03 13:38:45.830 24920-25180 mpv                     com.tapman104.mpvplayer              V  [mkv:v] ...using this range for in-cache seek.
2026-07-03 13:38:45.830 24920-25180 mpv                     com.tapman104.mpvplayer              V  [mkv:v] adjust seek target 780.602000 -> 778.285000
2026-07-03 13:38:45.830 24920-25180 mpv                     com.tapman104.mpvplayer              V  [mkv:v] seeking stream 0 (video) to packet 778.285000/-9223372036854775808.000000
