2026-07-03 13:38:45.832 24920-25171 AudioTrack              com.tapman104.mpvplayer              D  updateStateToService: AudioTrackStatus state:4
2026-07-03 13:38:45.832 24920-25180 mpv                     com.tapman104.mpvplayer              V  [mkv:v] seeking stream 1 (audio) to packet 778.273500/-9223372036854775808.000000
2026-07-03 13:38:45.832  1631-3824  AS.AudioService         system_server                        D  AudioTrackStatus: pid = 24920; uid = 10273; sessionId = 6937; streamType = 3; state = 4; pkgName = com.tapman104.mpvplayer
2026-07-03 13:38:45.832 24920-25180 mpv                     com.tapman104.mpvplayer              V  [mkv:v] seeking stream 2 (sub) to packet 778.267000/-9223372036854775808.000000
2026-07-03 13:38:45.832 24920-25190 MediaCodec              com.tapman104.mpvplayer              D  [0xb400007a6971fd00] setState: 7
2026-07-03 13:38:45.838 24920-24920 ScrollIdentify          com.tapman104.mpvplayer              I  on fling
2026-07-03 13:38:45.842 24920-25190 MediaCodec              com.tapman104.mpvplayer              D  [0xb400007a6971fd00] setState: 6
2026-07-03 13:38:45.843 24920-25190 CCodecConfig            com.tapman104.mpvplayer              I  query failed after returning 19 values (BAD_INDEX)
2026-07-03 13:38:45.844 24920-25190 Codec2Client            com.tapman104.mpvplayer              W  query -- param skipped: index = 1342179345.
2026-07-03 13:38:45.844 24920-25190 Codec2Client            com.tapman104.mpvplayer              W  query -- param skipped: index = 2415921170.
2026-07-03 13:38:45.844 24920-25190 Codec2Client            com.tapman104.mpvplayer              W  query -- param skipped: index = 1610614798.
2026-07-03 13:38:45.845 24920-25190 MediaCodec              com.tapman104.mpvplayer              D  [0xb400007a6971fd00] setState: 7
2026-07-03 13:38:45.849 24920-25190 MediaCodec              com.tapman104.mpvplayer              D  [0xb400007a6971fd00] setState: 6
2026-07-03 13:38:45.850 24920-25190 CCodecConfig            com.tapman104.mpvplayer              I  query failed after returning 19 values (BAD_INDEX)
2026-07-03 13:38:45.852 24920-25190 Codec2Client            com.tapman104.mpvplayer              W  query -- param skipped: index = 1342179345.
2026-07-03 13:38:45.852 24920-25190 Codec2Client            com.tapman104.mpvplayer              W  query -- param skipped: index = 2415921170.
2026-07-03 13:38:45.852 24920-25190 Codec2Client            com.tapman104.mpvplayer              W  query -- param skipped: index = 1610614798.
2026-07-03 13:38:45.852 24920-25180 mpv                     com.tapman104.mpvplayer              V  event: seek
2026-07-03 13:38:45.853 24920-25180 MpvEventDispatcher      com.tapman104.mpvplayer              D  Received MPV event: 20
2026-07-03 13:38:45.855 24920-25191 CCodecBufferChannel     com.tapman104.mpvplayer              D  [c2.mtk.avc.decoder#797] Discard frames from previous generation.
2026-07-03 13:38:45.855 24920-25191 Codec2-Out...ufferQueue com.tapman104.mpvplayer              D  set max dequeue count 19 from update
2026-07-03 13:38:45.856 24920-25190 CCodecBufferChannel     com.tapman104.mpvplayer              D  [c2.mtk.avc.decoder#797] send inputSlots num:8 to codec
2026-07-03 13:38:45.859 24920-25195 CCodecBufferChannel     com.tapman104.mpvplayer              D  [c2.mtk.avc.decoder#797] Ignoring stale input buffer done callback: last flush index = 2237, frameIndex = 2237
2026-07-03 13:38:45.888 24920-25180 mpv                     com.tapman104.mpvplayer              V  [vd:v] Decoder format: 1920x1080 [0:1] yuv420p auto/auto/auto/limited/auto CL=unknown crop=1920x1080+0+0 A=none
2026-07-03 13:38:45.889 24920-25180 mpv                     com.tapman104.mpvplayer              V  [vd:v] Using container aspect ratio.
2026-07-03 13:38:45.902 24920-25180 mpv                     com.tapman104.mpvplayer              V  [cplayer:v] first video frame after restart shown
2026-07-03 13:38:45.905 24920-25180 mpv                     com.tapman104.mpvplayer              V  [cplayer:v] audio ready
2026-07-03 13:38:45.905 24920-25171 AudioTrack              com.tapman104.mpvplayer              D  pause(2026): 0xb400007a89755b90, prior state:STATE_FLUSHED, packageName: com.tapman104.mpvplayer
2026-07-03 13:38:45.905 24920-25171 AudioTrack              com.tapman104.mpvplayer              D  flush(2026): 0xb400007a89755b90, prior state:STATE_FLUSHED, packageName: com.tapman104.mpvplayer
2026-07-03 13:38:45.905 24920-25171 AudioTrack              com.tapman104.mpvplayer              D  updateStateToService: AudioTrackStatus state:4
2026-07-03 13:38:45.906 24920-25190 MediaCodec              com.tapman104.mpvplayer              D  [0xb400007a6971fd00] setState: 7
2026-07-03 13:38:45.906 24920-25180 mpv                     com.tapman104.mpvplayer              V  [mkv:v] queuing seek to 781.553000
2026-07-03 13:38:45.907 24920-25180 mpv                     com.tapman104.mpvplayer              V  [mkv:v] cached range 0: 567.616000 <-> 973.271000 (bof=0, eof=0)
2026-07-03 13:38:45.906  1631-3824  AS.AudioService         system_server                        D  AudioTrackStatus: pid = 24920; uid = 10273; sessionId = 6937; streamType = 3; state = 4; pkgName = com.tapman104.mpvplayer
2026-07-03 13:38:45.908  1631-2008  NtAudioGlyphServiceImpl system_server                        D  onAudioTrackStop request:AudioLightRequest@d0b2606{Id:107,uid:10273,pid:24920,noAudio:false,csvId:-1,pkg:com.tapman104.mpvplayer,session:6937,addby:2}
2026-07-03 13:38:45.908  1631-2008  NtAudioGlyphServiceImpl system_server                        D  AudioLightRequests[0]- AudioLightRequest@d0b2606{Id:107,uid:10273,pid:24920,noAudio:false,csvId:-1,pkg:com.tapman104.mpvplayer,session:6937,addby:2}
2026-07-03 13:38:45.909 24920-25180 mpv                     com.tapman104.mpvplayer              V  [mkv:v] ...using this range for in-cache seek.
2026-07-03 13:38:45.909 24920-25180 mpv                     com.tapman104.mpvplayer              V  [mkv:v] seeking stream 0 (video) to packet 781.413000/-9223372036854775808.000000
2026-07-03 13:38:45.909 24920-25180 mpv                     com.tapman104.mpvplayer              V  [mkv:v] seeking stream 1 (audio) to packet 781.533500/-9223372036854775808.000000
2026-07-03 13:38:45.910 24920-25180 mpv                     com.tapman104.mpvplayer              V  [mkv:v] seeking stream 2 (sub) to packet 778.267000/-9223372036854775808.000000
2026-07-03 13:38:45.915 24920-25190 MediaCodec              com.tapman104.mpvplayer              D  [0xb400007a6971fd00] setState: 6
2026-07-03 13:38:45.915 24920-25190 CCodecConfig            com.tapman104.mpvplayer              I  query failed after returning 19 values (BAD_INDEX)
2026-07-03 13:38:45.916 24920-25191 CCodecBufferChannel     com.tapman104.mpvplayer              D  [c2.mtk.avc.decoder#797] flushed work; ignored.
2026-07-03 13:38:45.916 24920-25191 CCodecBufferChannel     com.tapman104.mpvplayer              D  [c2.mtk.avc.decoder#797] Discard frames from previous generation.
2026-07-03 13:38:45.916 24920-25191 CCodecBufferChannel     com.tapman104.mpvplayer              D  [c2.mtk.avc.decoder#797] flushed work not feedInput.
2026-07-03 13:38:45.917 24920-25190 Codec2Client            com.tapman104.mpvplayer              W  query -- param skipped: index = 1342179345.
2026-07-03 13:38:45.917 24920-25190 Codec2Client            com.tapman104.mpvplayer              W  query -- param skipped: index = 2415921170.
2026-07-03 13:38:45.917 24920-25190 Codec2Client            com.tapman104.mpvplayer              W  query -- param skipped: index = 1610614798.
2026-07-03 13:38:45.918 24920-25190 MediaCodec              com.tapman104.mpvplayer              D  [0xb400007a6971fd00] setState: 7
2026-07-03 13:38:45.921 24920-25190 MediaCodec              com.tapman104.mpvplayer              D  [0xb400007a6971fd00] setState: 6
2026-07-03 13:38:45.921 24920-25190 CCodecConfig            com.tapman104.mpvplayer              I  query failed after returning 19 values (BAD_INDEX)
2026-07-03 13:38:45.923 24920-25190 Codec2Client            com.tapman104.mpvplayer              W  query -- param skipped: index = 1342179345.
2026-07-03 13:38:45.923 24920-25190 Codec2Client            com.tapman104.mpvplayer              W  query -- param skipped: index = 2415921170.
2026-07-03 13:38:45.923 24920-25190 Codec2Client            com.tapman104.mpvplayer              W  query -- param skipped: index = 1610614798.
2026-07-03 13:38:45.923 24920-25180 mpv                     com.tapman104.mpvplayer              V  event: seek
2026-07-03 13:38:45.924 24920-25180 MpvEventDispatcher      com.tapman104.mpvplayer              D  Received MPV event: 20
2026-07-03 13:38:45.924 24920-25180 mpv                     com.tapman104.mpvplayer              V  [cplayer:v] hr-seek, skipping to 781.553000
2026-07-03 13:38:45.926 24920-25191 CCodecBufferChannel     com.tapman104.mpvplayer              D  [c2.mtk.avc.decoder#797] Discard frames from previous generation.
2026-07-03 13:38:45.926 24920-25191 Codec2-Out...ufferQueue com.tapman104.mpvplayer              D  set max dequeue count 19 from update
2026-07-03 13:38:45.927 24920-25190 CCodecBufferChannel     com.tapman104.mpvplayer              D  [c2.mtk.avc.decoder#797] send inputSlots num:8 to codec
2026-07-03 13:38:45.932 24920-25195 CCodecBufferChannel     com.tapman104.mpvplayer              D  [c2.mtk.avc.decoder#797] Ignoring stale input buffer done callback: last flush index = 2252, frameIndex = 2252
2026-07-03 13:38:45.962 24920-25180 mpv                     com.tapman104.mpvplayer              V  [vd:v] Decoder format: 1920x1080 [0:1] yuv420p auto/auto/auto/limited/auto CL=unknown crop=1920x1080+0+0 A=none
2026-07-03 13:38:45.963 24920-25180 mpv                     com.tapman104.mpvplayer              V  [vd:v] Using container aspect ratio.
2026-07-03 13:38:45.987 24920-25180 mpv                     com.tapman104.mpvplayer              V  [cplayer:v] first video frame after restart shown
2026-07-03 13:38:45.990 24920-25180 mpv                     com.tapman104.mpvplayer              V  [cplayer:v] audio ready
2026-07-03 13:38:45.990 24920-25171 AudioTrack              com.tapman104.mpvplayer              D  start(2026): 0xb400007a89755b90, prior state:STATE_FLUSHED, packageName: com.tapman104.mpvplayer
2026-07-03 13:38:45.990 24920-25180 mpv                     com.tapman104.mpvplayer              V  [cplayer:v] starting audio playback
2026-07-03 13:38:46.005  1631-1648  AppOps                  system_server                        E  attributionTag  not declared in manifest of com.tapman104.mpvplayer
2026-07-03 13:38:46.006  1631-3367  AppOps                  system_server                        E  attributionTag  not declared in manifest of com.tapman104.mpvplayer
2026-07-03 13:38:46.007 24920-25180 mpv                     com.tapman104.mpvplayer              V  event: playback-restart
2026-07-03 13:38:46.008 24920-25180 MpvEventDispatcher      com.tapman104.mpvplayer              D  Received MPV event: 21
2026-07-03 13:38:46.008 24920-25180 mpv                     com.tapman104.mpvplayer              V  [cplayer:v] playback restart complete @ 781.579000, audio=playing, video=playing
2026-07-03 13:38:46.010 24920-25180 mpv                     com.tapman104.mpvplayer              V  [cplayer:warn] Audio device underrun detected.
2026-07-03 13:38:46.011 24920-25180 mpv                     com.tapman104.mpvplayer              V  [cplayer:v] restarting audio after underrun
2026-07-03 13:38:46.114  2209-9887  DetectSceneService      com.nothing.audioeffect              D  pid = 24920 processName = com.tapman104.mpvplayer
2026-07-03 13:38:46.247  1041-1041  BufferQueueProducer     surfaceflinger                       I  [eba0222 SurfaceView[com.tapman104.mpvplayer/com.tapman104.mpvplayer.PlayerActivity](BLAST)#33528](this:0xb400007961d79068,id:-1,api:0,p:-1,c:1041) queueBuffer: fps=13.83 dur=1012.40 max=133.46 min=33.31
2026-07-03 13:38:46.429 24920-25276 AudioTrack              com.tapman104.mpvplayer              D  updateStateToService: AudioTrackStatus state:0
2026-07-03 13:38:46.430  1631-3367  AS.AudioService         system_server                        D  AudioTrackStatus: pid = 24920; uid = 10273; sessionId = 6937; streamType = 3; state = 0; pkgName = com.tapman104.mpvplayer
2026-07-03 13:38:46.431  1631-3367  NtAudioGlyphServiceImpl system_server                        D  addAudioLightRequest for uid:10273 pid:24920 pkgName:com.tapman104.mpvplayer audioType:3 addby: 2 sessionId:6937 with lightId:107 csvId:-1 noAudio:false
2026-07-03 13:38:46.432  1631-3367  NtAudioGlyphServiceImpl system_server                        D  AudioLightRequests[1]+ AudioLightRequest@b06b43b{Id:107,uid:10273,pid:24920,noAudio:false,csvId:-1,pkg:com.tapman104.mpvplayer,session:-1,addby:2}
2026-07-03 13:38:46.432  1631-3367  AS.AudioService         system_server                        D  [reportAudioTrackStatusChanged]start broadcast, pid = 24920, uid = 10273, status = 0, streamType = 3, pkgName = com.tapman104.mpvplayer, sessionId = 6937
2026-07-03 13:38:47.250  1041-1041  BufferQueueProducer     surfaceflinger                       I  [eba0222 SurfaceView[com.tapman104.mpvplayer/com.tapman104.mpvplayer.PlayerActivity](BLAST)#33528](this:0xb400007961d79068,id:-1,api:0,p:-1,c:1041) queueBuffer: fps=16.94 dur=1003.27 max=359.86 min=8.59
2026-07-03 13:38:47.292 24920-25062 PowerHalMgrImpl         com.tapman104.mpvplayer              I  hdl:60092, pid:24920 
2026-07-03 13:38:47.308  1041-1041  BufferQueueProducer     surfaceflinger                       I  [com.tapman104.mpvplayer/com.tapman104.mpvplayer.PlayerActivity#33523](this:0xb400007961d95808,id:-1,api:0,p:-1,c:1041) queueBuffer: fps=19.38 dur=2115.75 max=1153.60 min=8.14
2026-07-03 13:38:47.319 24920-25171 AudioTrackShared        com.tapman104.mpvplayer              D  this(0xb400007979904ef0), mCblk(0x79324b4000), front(1796416), mIsOut 1, interrupt() FUTEX_WAKE
2026-07-03 13:38:47.319 24920-25180 mpv                     com.tapman104.mpvplayer              V  [mkv:v] cached range 0: 567.616000 <-> 973.271000 (bof=0, eof=0)
2026-07-03 13:38:47.320  1631-3824  AppOps                  system_server                        E  attributionTag  not declared in manifest of com.tapman104.mpvplayer
2026-07-03 13:38:47.320 24920-25180 mpv                     com.tapman104.mpvplayer              V  [mkv:v] ...using this range for in-cache seek.
2026-07-03 13:38:47.321 24920-25180 mpv                     com.tapman104.mpvplayer              V  [mkv:v] adjust seek target 775.933000 -> 775.448000
2026-07-03 13:38:47.321 24920-25180 mpv                     com.tapman104.mpvplayer              V  [mkv:v] seeking stream 0 (video) to packet 775.448000/-9223372036854775808.000000
2026-07-03 13:38:47.322  1631-3824  AppOps                  system_server                        E  attributionTag  not declared in manifest of com.tapman104.mpvplayer
2026-07-03 13:38:47.322 24920-25180 mpv                     com.tapman104.mpvplayer              V  [mkv:v] seeking stream 1 (audio) to packet 775.433500/-9223372036854775808.000000
2026-07-03 13:38:47.323 24920-25171 AudioTrack              com.tapman104.mpvplayer              D  updateStateToService: AudioTrackStatus state:2
2026-07-03 13:38:47.323 24920-25180 mpv                     com.tapman104.mpvplayer              V  [mkv:v] seeking stream 2 (sub) to packet 758.077000/-9223372036854775808.000000
2026-07-03 13:38:47.323  1631-3824  AS.AudioService         system_server                        D  AudioTrackStatus: pid = 24920; uid = 10273; sessionId = 6937; streamType = 3; state = 2; pkgName = com.tapman104.mpvplayer
2026-07-03 13:38:47.323 24920-25171 AudioTrack              com.tapman104.mpvplayer              D  flush(2026): 0xb400007a89755b90, prior state:STATE_PAUSED, packageName: com.tapman104.mpvplayer
2026-07-03 13:38:47.323 24920-25171 AudioTrack              com.tapman104.mpvplayer              D  updateStateToService: AudioTrackStatus state:4
2026-07-03 13:38:47.325 24920-25190 MediaCodec              com.tapman104.mpvplayer              D  [0xb400007a6971fd00] setState: 7
2026-07-03 13:38:47.335 24920-25190 MediaCodec              com.tapman104.mpvplayer              D  [0xb400007a6971fd00] setState: 6
2026-07-03 13:38:47.336 24920-25190 CCodecConfig            com.tapman104.mpvplayer              I  query failed after returning 19 values (BAD_INDEX)
2026-07-03 13:38:47.337  1631-3824  AS.AudioService         system_server                        D  AudioTrackStatus: pid = 24920; uid = 10273; sessionId = 6937; streamType = 3; state = 4; pkgName = com.tapman104.mpvplayer
2026-07-03 13:38:47.338 24920-25191 CCodecBufferChannel     com.tapman104.mpvplayer              D  [c2.mtk.avc.decoder#797] flushed work; ignored.
2026-07-03 13:38:47.338 24920-25191 CCodecBufferChannel     com.tapman104.mpvplayer              D  [c2.mtk.avc.decoder#797] Discard frames from previous generation.
2026-07-03 13:38:47.338 24920-25191 CCodecBufferChannel     com.tapman104.mpvplayer              D  [c2.mtk.avc.decoder#797] flushed work not feedInput.
2026-07-03 13:38:47.338 24920-25190 Codec2Client            com.tapman104.mpvplayer              W  query -- param skipped: index = 1342179345.
2026-07-03 13:38:47.338 24920-25190 Codec2Client            com.tapman104.mpvplayer              W  query -- param skipped: index = 2415921170.
2026-07-03 13:38:47.338 24920-25190 Codec2Client            com.tapman104.mpvplayer              W  query -- param skipped: index = 1610614798.
2026-07-03 13:38:47.339 24920-25190 MediaCodec              com.tapman104.mpvplayer              D  [0xb400007a6971fd00] setState: 7
2026-07-03 13:38:47.345 24920-25190 MediaCodec              com.tapman104.mpvplayer              D  [0xb400007a6971fd00] setState: 6
2026-07-03 13:38:47.348 24920-25190 CCodecConfig            com.tapman104.mpvplayer              I  query failed after returning 19 values (BAD_INDEX)
2026-07-03 13:38:47.350 24920-25190 Codec2Client            com.tapman104.mpvplayer              W  query -- param skipped: index = 1342179345.
2026-07-03 13:38:47.350 24920-25190 Codec2Client            com.tapman104.mpvplayer              W  query -- param skipped: index = 2415921170.
2026-07-03 13:38:47.350 24920-25190 Codec2Client            com.tapman104.mpvplayer              W  query -- param skipped: index = 1610614798.
2026-07-03 13:38:47.351 24920-25180 mpv                     com.tapman104.mpvplayer              V  event: seek
2026-07-03 13:38:47.351 24920-25180 MpvEventDispatcher      com.tapman104.mpvplayer              D  Received MPV event: 20
2026-07-03 13:38:47.355 24920-25191 CCodecBufferChannel     com.tapman104.mpvplayer              D  [c2.mtk.avc.decoder#797] Discard frames from previous generation.
2026-07-03 13:38:47.355 24920-25191 Codec2-Out...ufferQueue com.tapman104.mpvplayer              D  set max dequeue count 19 from update
2026-07-03 13:38:47.356 24920-25190 CCodecBufferChannel     com.tapman104.mpvplayer              D  [c2.mtk.avc.decoder#797] send inputSlots num:8 to codec
2026-07-03 13:38:47.360 24920-25195 CCodecBufferChannel     com.tapman104.mpvplayer              D  [c2.mtk.avc.decoder#797] Ignoring stale input buffer done callback: last flush index = 2295, frameIndex = 2295
2026-07-03 13:38:47.386 24920-25180 mpv                     com.tapman104.mpvplayer              V  [vd:v] Decoder format: 1920x1080 [0:1] yuv420p auto/auto/auto/limited/auto CL=unknown crop=1920x1080+0+0 A=none
2026-07-03 13:38:47.387 24920-25180 mpv                     com.tapman104.mpvplayer              V  [vd:v] Using container aspect ratio.
2026-07-03 13:38:47.396 24920-25180 mpv                     com.tapman104.mpvplayer              V  [cplayer:v] first video frame after restart shown
2026-07-03 13:38:47.399 24920-25180 mpv                     com.tapman104.mpvplayer              V  [cplayer:v] audio ready
2026-07-03 13:38:47.399 24920-25171 AudioTrack              com.tapman104.mpvplayer              D  pause(2026): 0xb400007a89755b90, prior state:STATE_FLUSHED, packageName: com.tapman104.mpvplayer
2026-07-03 13:38:47.400 24920-25180 mpv                     com.tapman104.mpvplayer              V  [mkv:v] queuing seek to 755.881000
2026-07-03 13:38:47.400 24920-25180 mpv                     com.tapman104.mpvplayer              V  [mkv:v] cached range 0: 567.616000 <-> 973.271000 (bof=0, eof=0)
2026-07-03 13:38:47.400 24920-25180 mpv                     com.tapman104.mpvplayer              V  [mkv:v] ...using this range for in-cache seek.
2026-07-03 13:38:47.400 24920-25180 mpv                     com.tapman104.mpvplayer              V  [mkv:v] adjust seek target 755.881000 -> 752.008000
2026-07-03 13:38:47.401 24920-25180 mpv                     com.tapman104.mpvplayer              V  [mkv:v] seeking stream 0 (video) to packet 752.008000/-9223372036854775808.000000
2026-07-03 13:38:47.401 24920-25171 AudioTrack              com.tapman104.mpvplayer              D  flush(2026): 0xb400007a89755b90, prior state:STATE_FLUSHED, packageName: com.tapman104.mpvplayer
2026-07-03 13:38:47.401 24920-25180 mpv                     com.tapman104.mpvplayer              V  [mkv:v] seeking stream 1 (audio) to packet 751.993500/-9223372036854775808.000000
2026-07-03 13:38:47.402 24920-25171 AudioTrack              com.tapman104.mpvplayer              D  updateStateToService: AudioTrackStatus state:4
2026-07-03 13:38:47.402 24920-25190 MediaCodec              com.tapman104.mpvplayer              D  [0xb400007a6971fd00] setState: 7
2026-07-03 13:38:47.403 24920-25180 mpv                     com.tapman104.mpvplayer              V  [mkv:v] seeking stream 2 (sub) to packet 749.687000/-9223372036854775808.000000
2026-07-03 13:38:47.406  1631-3367  AS.AudioService         system_server                        D  AudioTrackStatus: pid = 24920; uid = 10273; sessionId = 6937; streamType = 3; state = 4; pkgName = com.tapman104.mpvplayer
2026-07-03 13:38:47.412 24920-25190 MediaCodec              com.tapman104.mpvplayer              D  [0xb400007a6971fd00] setState: 6
2026-07-03 13:38:47.413 24920-25190 CCodecConfig            com.tapman104.mpvplayer              I  query failed after returning 19 values (BAD_INDEX)
2026-07-03 13:38:47.414 24920-25190 Codec2Client            com.tapman104.mpvplayer              W  query -- param skipped: index = 1342179345.
2026-07-03 13:38:47.414 24920-25190 Codec2Client            com.tapman104.mpvplayer              W  query -- param skipped: index = 2415921170.
2026-07-03 13:38:47.414 24920-25190 Codec2Client            com.tapman104.mpvplayer              W  query -- param skipped: index = 1610614798.
2026-07-03 13:38:47.415 24920-25190 MediaCodec              com.tapman104.mpvplayer              D  [0xb400007a6971fd00] setState: 7
2026-07-03 13:38:47.419 24920-25190 MediaCodec              com.tapman104.mpvplayer              D  [0xb400007a6971fd00] setState: 6
2026-07-03 13:38:47.419 24920-25190 CCodecConfig            com.tapman104.mpvplayer              I  query failed after returning 19 values (BAD_INDEX)
2026-07-03 13:38:47.420 24920-25190 Codec2Client            com.tapman104.mpvplayer              W  query -- param skipped: index = 1342179345.
2026-07-03 13:38:47.420 24920-25190 Codec2Client            com.tapman104.mpvplayer              W  query -- param skipped: index = 2415921170.
2026-07-03 13:38:47.420 24920-25190 Codec2Client            com.tapman104.mpvplayer              W  query -- param skipped: index = 1610614798.
2026-07-03 13:38:47.421 24920-25180 mpv                     com.tapman104.mpvplayer              V  event: seek
2026-07-03 13:38:47.421 24920-25180 MpvEventDispatcher      com.tapman104.mpvplayer              D  Received MPV event: 20
2026-07-03 13:38:47.423 24920-25191 CCodecBufferChannel     com.tapman104.mpvplayer              D  [c2.mtk.avc.decoder#797] Discard frames from previous generation.
2026-07-03 13:38:47.423 24920-25191 Codec2-Out...ufferQueue com.tapman104.mpvplayer              D  set max dequeue count 19 from update
2026-07-03 13:38:47.424 24920-25190 CCodecBufferChannel     com.tapman104.mpvplayer              D  [c2.mtk.avc.decoder#797] send inputSlots num:8 to codec
2026-07-03 13:38:47.428 24920-25195 CCodecBufferChannel     com.tapman104.mpvplayer              D  [c2.mtk.avc.decoder#797] Ignoring stale input buffer done callback: last flush index = 2308, frameIndex = 2308
2026-07-03 13:38:47.455 24920-25180 mpv                     com.tapman104.mpvplayer              V  [vd:v] Decoder format: 1920x1080 [0:1] yuv420p auto/auto/auto/limited/auto CL=unknown crop=1920x1080+0+0 A=none
2026-07-03 13:38:47.456 24920-25180 mpv                     com.tapman104.mpvplayer              V  [vd:v] Using container aspect ratio.
2026-07-03 13:38:47.468 24920-25180 mpv                     com.tapman104.mpvplayer              V  [cplayer:v] first video frame after restart shown
2026-07-03 13:38:47.470 24920-25171 AudioTrack              com.tapman104.mpvplayer              D  pause(2026): 0xb400007a89755b90, prior state:STATE_FLUSHED, packageName: com.tapman104.mpvplayer
2026-07-03 13:38:47.471 24920-25180 mpv                     com.tapman104.mpvplayer              V  [cplayer:v] audio ready
2026-07-03 13:38:47.471 24920-25180 mpv                     com.tapman104.mpvplayer              V  [mkv:v] queuing seek to 721.337000
2026-07-03 13:38:47.471 24920-25180 mpv                     com.tapman104.mpvplayer              V  [mkv:v] cached range 0: 567.616000 <-> 973.271000 (bof=0, eof=0)
2026-07-03 13:38:47.471 24920-25180 mpv                     com.tapman104.mpvplayer              V  [mkv:v] ...using this range for in-cache seek.
2026-07-03 13:38:47.471 24920-25180 mpv                     com.tapman104.mpvplayer              V  [mkv:v] adjust seek target 721.337000 -> 721.019000
2026-07-03 13:38:47.473 24920-25180 mpv                     com.tapman104.mpvplayer              V  [mkv:v] seeking stream 0 (video) to packet 721.019000/-9223372036854775808.000000
2026-07-03 13:38:47.473 24920-25180 mpv                     com.tapman104.mpvplayer              V  [mkv:v] seeking stream 1 (audio) to packet 720.993500/-9223372036854775808.000000
2026-07-03 13:38:47.473 24920-25180 mpv                     com.tapman104.mpvplayer              V  [mkv:v] seeking stream 2 (sub) to packet 718.887000/-9223372036854775808.000000
2026-07-03 13:38:47.475 24920-25171 AudioTrack              com.tapman104.mpvplayer              D  flush(2026): 0xb400007a89755b90, prior state:STATE_FLUSHED, packageName: com.tapman104.mpvplayer
2026-07-03 13:38:47.475 24920-25171 AudioTrack              com.tapman104.mpvplayer              D  updateStateToService: AudioTrackStatus state:4
2026-07-03 13:38:47.476 24920-25190 MediaCodec              com.tapman104.mpvplayer              D  [0xb400007a6971fd00] setState: 7
2026-07-03 13:38:47.476  1631-3367  AS.AudioService         system_server                        D  AudioTrackStatus: pid = 24920; uid = 10273; sessionId = 6937; streamType = 3; state = 4; pkgName = com.tapman104.mpvplayer
2026-07-03 13:38:47.483 24920-25190 MediaCodec              com.tapman104.mpvplayer              D  [0xb400007a6971fd00] setState: 6
2026-07-03 13:38:47.483 24920-25190 CCodecConfig            com.tapman104.mpvplayer              I  query failed after returning 19 values (BAD_INDEX)
2026-07-03 13:38:47.484 24920-25190 Codec2Client            com.tapman104.mpvplayer              W  query -- param skipped: index = 1342179345.
2026-07-03 13:38:47.485 24920-25190 Codec2Client            com.tapman104.mpvplayer              W  query -- param skipped: index = 2415921170.
2026-07-03 13:38:47.485 24920-25190 Codec2Client            com.tapman104.mpvplayer              W  query -- param skipped: index = 1610614798.
2026-07-03 13:38:47.485 24920-25191 CCodecBufferChannel     com.tapman104.mpvplayer              D  [c2.mtk.avc.decoder#797] flushed work; ignored.
2026-07-03 13:38:47.485 24920-25191 CCodecBufferChannel     com.tapman104.mpvplayer              D  [c2.mtk.avc.decoder#797] Discard frames from previous generation.
2026-07-03 13:38:47.485 24920-25191 CCodecBufferChannel     com.tapman104.mpvplayer              D  [c2.mtk.avc.decoder#797] flushed work not feedInput.
2026-07-03 13:38:47.486 24920-25191 CCodecBufferChannel     com.tapman104.mpvplayer              D  [c2.mtk.avc.decoder#797] flushed work; ignored.
2026-07-03 13:38:47.486 24920-25191 CCodecBufferChannel     com.tapman104.mpvplayer              D  [c2.mtk.avc.decoder#797] Discard frames from previous generation.
2026-07-03 13:38:47.486 24920-25191 CCodecBufferChannel     com.tapman104.mpvplayer              D  [c2.mtk.avc.decoder#797] flushed work not feedInput.
2026-07-03 13:38:47.486 24920-25190 MediaCodec              com.tapman104.mpvplayer              D  [0xb400007a6971fd00] setState: 7
2026-07-03 13:38:47.492 24920-25190 MediaCodec              com.tapman104.mpvplayer              D  [0xb400007a6971fd00] setState: 6
2026-07-03 13:38:47.492 24920-25190 CCodecConfig            com.tapman104.mpvplayer              I  query failed after returning 19 values (BAD_INDEX)
2026-07-03 13:38:47.492 24920-25190 Codec2Client            com.tapman104.mpvplayer              W  query -- param skipped: index = 1342179345.
2026-07-03 13:38:47.492 24920-25190 Codec2Client            com.tapman104.mpvplayer              W  query -- param skipped: index = 2415921170.
2026-07-03 13:38:47.492 24920-25190 Codec2Client            com.tapman104.mpvplayer              W  query -- param skipped: index = 1610614798.
2026-07-03 13:38:47.493 24920-25180 mpv                     com.tapman104.mpvplayer              V  event: seek
2026-07-03 13:38:47.493 24920-25180 MpvEventDispatcher      com.tapman104.mpvplayer              D  Received MPV event: 20
2026-07-03 13:38:47.495 24920-25191 CCodecBufferChannel     com.tapman104.mpvplayer              D  [c2.mtk.avc.decoder#797] Discard frames from previous generation.
2026-07-03 13:38:47.495 24920-25191 Codec2-Out...ufferQueue com.tapman104.mpvplayer              D  set max dequeue count 19 from update
2026-07-03 13:38:47.496 24920-25190 CCodecBufferChannel     com.tapman104.mpvplayer              D  [c2.mtk.avc.decoder#797] send inputSlots num:8 to codec
2026-07-03 13:38:47.500 24920-25195 CCodecBufferChannel     com.tapman104.mpvplayer              D  [c2.mtk.avc.decoder#797] Ignoring stale input buffer done callback: last flush index = 2322, frameIndex = 2322
2026-07-03 13:38:47.523 24920-25180 mpv                     com.tapman104.mpvplayer              V  [vd:v] Decoder format: 1920x1080 [0:1] yuv420p auto/auto/auto/limited/auto CL=unknown crop=1920x1080+0+0 A=none
2026-07-03 13:38:47.524 24920-25180 mpv                     com.tapman104.mpvplayer              V  [vd:v] Using container aspect ratio.
2026-07-03 13:38:47.533 24920-25180 mpv                     com.tapman104.mpvplayer              V  [cplayer:v] first video frame after restart shown
2026-07-03 13:38:47.535 24920-25180 mpv                     com.tapman104.mpvplayer              V  [cplayer:v] audio ready
2026-07-03 13:38:47.536 24920-25180 mpv                     com.tapman104.mpvplayer              V  [mkv:v] queuing seek to 710.500000
2026-07-03 13:38:47.536 24920-25171 AudioTrack              com.tapman104.mpvplayer              D  pause(2026): 0xb400007a89755b90, prior state:STATE_FLUSHED, packageName: com.tapman104.mpvplayer
2026-07-03 13:38:47.537 24920-25171 AudioTrack              com.tapman104.mpvplayer              D  flush(2026): 0xb400007a89755b90, prior state:STATE_FLUSHED, packageName: com.tapman104.mpvplayer
2026-07-03 13:38:47.537 24920-25180 mpv                     com.tapman104.mpvplayer              V  [mkv:v] cached range 0: 567.616000 <-> 973.271000 (bof=0, eof=0)
2026-07-03 13:38:47.537 24920-25171 AudioTrack              com.tapman104.mpvplayer              D  updateStateToService: AudioTrackStatus state:4
2026-07-03 13:38:47.537 24920-25180 mpv                     com.tapman104.mpvplayer              V  [mkv:v] ...using this range for in-cache seek.
2026-07-03 13:38:47.538 24920-25180 mpv                     com.tapman104.mpvplayer              V  [mkv:v] adjust seek target 710.500000 -> 707.547000
2026-07-03 13:38:47.538 24920-25180 mpv                     com.tapman104.mpvplayer              V  [mkv:v] seeking stream 0 (video) to packet 707.547000/-9223372036854775808.000000
2026-07-03 13:38:47.538 24920-25190 MediaCodec              com.tapman104.mpvplayer              D  [0xb400007a6971fd00] setState: 7
2026-07-03 13:38:47.539 24920-25180 mpv                     com.tapman104.mpvplayer              V  [mkv:v] seeking stream 1 (audio) to packet 707.533500/-9223372036854775808.000000
2026-07-03 13:38:47.540  1631-3824  AS.AudioService         system_server                        D  AudioTrackStatus: pid = 24920; uid = 10273; sessionId = 6937; streamType = 3; state = 4; pkgName = com.tapman104.mpvplayer
2026-07-03 13:38:47.540 24920-25180 mpv                     com.tapman104.mpvplayer              V  [mkv:v] seeking stream 2 (sub) to packet 705.217000/-9223372036854775808.000000
2026-07-03 13:38:47.547 24920-25190 MediaCodec              com.tapman104.mpvplayer              D  [0xb400007a6971fd00] setState: 6
2026-07-03 13:38:47.548 24920-25190 CCodecConfig            com.tapman104.mpvplayer              I  query failed after returning 19 values (BAD_INDEX)
2026-07-03 13:38:47.550 24920-25190 Codec2Client            com.tapman104.mpvplayer              W  query -- param skipped: index = 1342179345.
2026-07-03 13:38:47.550 24920-25190 Codec2Client            com.tapman104.mpvplayer              W  query -- param skipped: index = 2415921170.
2026-07-03 13:38:47.550 24920-25190 Codec2Client            com.tapman104.mpvplayer              W  query -- param skipped: index = 1610614798.
2026-07-03 13:38:47.551 24920-25190 MediaCodec              com.tapman104.mpvplayer              D  [0xb400007a6971fd00] setState: 7
2026-07-03 13:38:47.556 24920-25190 MediaCodec              com.tapman104.mpvplayer              D  [0xb400007a6971fd00] setState: 6
2026-07-03 13:38:47.557 24920-25190 CCodecConfig            com.tapman104.mpvplayer              I  query failed after returning 19 values (BAD_INDEX)
2026-07-03 13:38:47.558 24920-25190 Codec2Client            com.tapman104.mpvplayer              W  query -- param skipped: index = 1342179345.
2026-07-03 13:38:47.558 24920-25190 Codec2Client            com.tapman104.mpvplayer              W  query -- param skipped: index = 2415921170.
2026-07-03 13:38:47.558 24920-25190 Codec2Client            com.tapman104.mpvplayer              W  query -- param skipped: index = 1610614798.
2026-07-03 13:38:47.559 24920-25180 mpv                     com.tapman104.mpvplayer              V  event: seek
2026-07-03 13:38:47.559 24920-25180 MpvEventDispatcher      com.tapman104.mpvplayer              D  Received MPV event: 20
2026-07-03 13:38:47.562 24920-25191 CCodecBufferChannel     com.tapman104.mpvplayer              D  [c2.mtk.avc.decoder#797] Discard frames from previous generation.
2026-07-03 13:38:47.562 24920-25191 Codec2-Out...ufferQueue com.tapman104.mpvplayer              D  set max dequeue count 19 from update
2026-07-03 13:38:47.563 24920-25190 CCodecBufferChannel     com.tapman104.mpvplayer              D  [c2.mtk.avc.decoder#797] send inputSlots num:8 to codec
2026-07-03 13:38:47.567 24920-25195 CCodecBufferChannel     com.tapman104.mpvplayer              D  [c2.mtk.avc.decoder#797] Ignoring stale input buffer done callback: last flush index = 2337, frameIndex = 2337
2026-07-03 13:38:47.598 24920-25180 mpv                     com.tapman104.mpvplayer              V  [vd:v] Decoder format: 1920x1080 [0:1] yuv420p auto/auto/auto/limited/auto CL=unknown crop=1920x1080+0+0 A=none
2026-07-03 13:38:47.599 24920-25180 mpv                     com.tapman104.mpvplayer              V  [vd:v] Using container aspect ratio.
2026-07-03 13:38:47.609 24920-25180 mpv                     com.tapman104.mpvplayer              V  [cplayer:v] first video frame after restart shown
2026-07-03 13:38:47.611 24920-25180 mpv                     com.tapman104.mpvplayer              V  [cplayer:v] audio ready
2026-07-03 13:38:47.611 24920-25171 AudioTrack              com.tapman104.mpvplayer              D  pause(2026): 0xb400007a89755b90, prior state:STATE_FLUSHED, packageName: com.tapman104.mpvplayer
2026-07-03 13:38:47.612 24920-25171 AudioTrack              com.tapman104.mpvplayer              D  flush(2026): 0xb400007a89755b90, prior state:STATE_FLUSHED, packageName: com.tapman104.mpvplayer
2026-07-03 13:38:47.612 24920-25171 AudioTrack              com.tapman104.mpvplayer              D  updateStateToService: AudioTrackStatus state:4
2026-07-03 13:38:47.613 24920-25180 mpv                     com.tapman104.mpvplayer              V  [mkv:v] queuing seek to 698.315000
2026-07-03 13:38:47.613 24920-25180 mpv                     com.tapman104.mpvplayer              V  [mkv:v] cached range 0: 567.616000 <-> 973.271000 (bof=0, eof=0)
2026-07-03 13:38:47.613 24920-25180 mpv                     com.tapman104.mpvplayer              V  [mkv:v] ...using this range for in-cache seek.
2026-07-03 13:38:47.614 24920-25180 mpv                     com.tapman104.mpvplayer              V  [mkv:v] adjust seek target 698.315000 -> 696.536000
2026-07-03 13:38:47.614  1631-3367  AS.AudioService         system_server                        D  AudioTrackStatus: pid = 24920; uid = 10273; sessionId = 6937; streamType = 3; state = 4; pkgName = com.tapman104.mpvplayer
2026-07-03 13:38:47.614 24920-25180 mpv                     com.tapman104.mpvplayer              V  [mkv:v] seeking stream 0 (video) to packet 696.536000/-9223372036854775808.000000
2026-07-03 13:38:47.614 24920-25190 MediaCodec              com.tapman104.mpvplayer              D  [0xb400007a6971fd00] setState: 7
2026-07-03 13:38:47.615 24920-25180 mpv                     com.tapman104.mpvplayer              V  [mkv:v] seeking stream 1 (audio) to packet 696.513500/-9223372036854775808.000000
2026-07-03 13:38:47.615 24920-25180 mpv                     com.tapman104.mpvplayer              V  [mkv:v] seeking stream 2 (sub) to packet 696.517000/-9223372036854775808.000000
2026-07-03 13:38:47.624 24920-25190 MediaCodec              com.tapman104.mpvplayer              D  [0xb400007a6971fd00] setState: 6
2026-07-03 13:38:47.624 24920-25191 CCodecBufferChannel     com.tapman104.mpvplayer              D  [c2.mtk.avc.decoder#797] flushed work; ignored.
2026-07-03 13:38:47.624 24920-25191 CCodecBufferChannel     com.tapman104.mpvplayer              D  [c2.mtk.avc.decoder#797] Discard frames from previous generation.
2026-07-03 13:38:47.624 24920-25191 CCodecBufferChannel     com.tapman104.mpvplayer              D  [c2.mtk.avc.decoder#797] flushed work not feedInput.
2026-07-03 13:38:47.625 24920-25190 CCodecConfig            com.tapman104.mpvplayer              I  query failed after returning 19 values (BAD_INDEX)
2026-07-03 13:38:47.626 24920-25191 CCodecBufferChannel     com.tapman104.mpvplayer              D  [c2.mtk.avc.decoder#797] flushed work; ignored.
2026-07-03 13:38:47.626 24920-25191 CCodecBufferChannel     com.tapman104.mpvplayer              D  [c2.mtk.avc.decoder#797] Discard frames from previous generation.
2026-07-03 13:38:47.626 24920-25191 CCodecBufferChannel     com.tapman104.mpvplayer              D  [c2.mtk.avc.decoder#797] flushed work not feedInput.
2026-07-03 13:38:47.627 24920-25190 Codec2Client            com.tapman104.mpvplayer              W  query -- param skipped: index = 1342179345.
2026-07-03 13:38:47.627 24920-25190 Codec2Client            com.tapman104.mpvplayer              W  query -- param skipped: index = 2415921170.
2026-07-03 13:38:47.628 24920-25190 Codec2Client            com.tapman104.mpvplayer              W  query -- param skipped: index = 1610614798.
2026-07-03 13:38:47.629 24920-25190 MediaCodec              com.tapman104.mpvplayer              D  [0xb400007a6971fd00] setState: 7
2026-07-03 13:38:47.637 24920-25190 MediaCodec              com.tapman104.mpvplayer              D  [0xb400007a6971fd00] setState: 6
2026-07-03 13:38:47.639 24920-25190 CCodecConfig            com.tapman104.mpvplayer              I  query failed after returning 19 values (BAD_INDEX)
2026-07-03 13:38:47.640 24920-25190 Codec2Client            com.tapman104.mpvplayer              W  query -- param skipped: index = 1342179345.
2026-07-03 13:38:47.640 24920-25190 Codec2Client            com.tapman104.mpvplayer              W  query -- param skipped: index = 2415921170.
2026-07-03 13:38:47.640 24920-25190 Codec2Client            com.tapman104.mpvplayer              W  query -- param skipped: index = 1610614798.
2026-07-03 13:38:47.641 24920-25180 mpv                     com.tapman104.mpvplayer              V  event: seek
2026-07-03 13:38:47.641 24920-25180 MpvEventDispatcher      com.tapman104.mpvplayer              D  Received MPV event: 20
2026-07-03 13:38:47.643 24920-25191 CCodecBufferChannel     com.tapman104.mpvplayer              D  [c2.mtk.avc.decoder#797] Discard frames from previous generation.
2026-07-03 13:38:47.643 24920-25191 Codec2-Out...ufferQueue com.tapman104.mpvplayer              D  set max dequeue count 19 from update
2026-07-03 13:38:47.644 24920-25190 CCodecBufferChannel     com.tapman104.mpvplayer              D  [c2.mtk.avc.decoder#797] send inputSlots num:8 to codec
2026-07-03 13:38:47.647 24920-25195 CCodecBufferChannel     com.tapman104.mpvplayer              D  [c2.mtk.avc.decoder#797] Ignoring stale input buffer done callback: last flush index = 2351, frameIndex = 2351
2026-07-03 13:38:47.673 24920-25180 mpv                     com.tapman104.mpvplayer              V  [vd:v] Decoder format: 1920x1080 [0:1] yuv420p auto/auto/auto/limited/auto CL=unknown crop=1920x1080+0+0 A=none
2026-07-03 13:38:47.674 24920-25180 mpv                     com.tapman104.mpvplayer              V  [vd:v] Using container aspect ratio.
2026-07-03 13:38:47.685 24920-25180 mpv                     com.tapman104.mpvplayer              V  [cplayer:v] first video frame after restart shown
2026-07-03 13:38:47.690 24920-25180 mpv                     com.tapman104.mpvplayer              V  [cplayer:v] audio ready
2026-07-03 13:38:47.690 24920-25171 AudioTrack              com.tapman104.mpvplayer              D  pause(2026): 0xb400007a89755b90, prior state:STATE_FLUSHED, packageName: com.tapman104.mpvplayer
2026-07-03 13:38:47.690 24920-25171 AudioTrack              com.tapman104.mpvplayer              D  flush(2026): 0xb400007a89755b90, prior state:STATE_FLUSHED, packageName: com.tapman104.mpvplayer
2026-07-03 13:38:47.691 24920-25171 AudioTrack              com.tapman104.mpvplayer              D  updateStateToService: AudioTrackStatus state:4
2026-07-03 13:38:47.691  1631-3824  AS.AudioService         system_server                        D  AudioTrackStatus: pid = 24920; uid = 10273; sessionId = 6937; streamType = 3; state = 4; pkgName = com.tapman104.mpvplayer
2026-07-03 13:38:47.691 24920-25190 MediaCodec              com.tapman104.mpvplayer              D  [0xb400007a6971fd00] setState: 7
2026-07-03 13:38:47.691 24920-25180 mpv                     com.tapman104.mpvplayer              V  [mkv:v] queuing seek to 677.155000
2026-07-03 13:38:47.692 24920-25180 mpv                     com.tapman104.mpvplayer              V  [mkv:v] cached range 0: 567.616000 <-> 973.271000 (bof=0, eof=0)
2026-07-03 13:38:47.693 24920-25180 mpv                     com.tapman104.mpvplayer              V  [mkv:v] ...using this range for in-cache seek.
2026-07-03 13:38:47.694 24920-25180 mpv                     com.tapman104.mpvplayer              V  [mkv:v] adjust seek target 677.155000 -> 676.308000
2026-07-03 13:38:47.695 24920-25180 mpv                     com.tapman104.mpvplayer              V  [mkv:v] seeking stream 0 (video) to packet 676.308000/-9223372036854775808.000000
2026-07-03 13:38:47.696 24920-25180 mpv                     com.tapman104.mpvplayer              V  [mkv:v] seeking stream 1 (audio) to packet 676.293500/-9223372036854775808.000000
2026-07-03 13:38:47.696 24920-25180 mpv                     com.tapman104.mpvplayer              V  [mkv:v] seeking stream 2 (sub) to packet 664.957000/-9223372036854775808.000000
2026-07-03 13:38:47.699 24920-25191 CCodecBufferChannel     com.tapman104.mpvplayer              D  [c2.mtk.avc.decoder#797] flushed work; ignored.
2026-07-03 13:38:47.699 24920-25191 CCodecBufferChannel     com.tapman104.mpvplayer              D  [c2.mtk.avc.decoder#797] Discard frames from previous generation.
2026-07-03 13:38:47.699 24920-25191 CCodecBufferChannel     com.tapman104.mpvplayer              D  [c2.mtk.avc.decoder#797] flushed work not feedInput.
2026-07-03 13:38:47.701 24920-25190 MediaCodec              com.tapman104.mpvplayer              D  [0xb400007a6971fd00] setState: 6
2026-07-03 13:38:47.703 24920-25190 CCodecConfig            com.tapman104.mpvplayer              I  query failed after returning 19 values (BAD_INDEX)
2026-07-03 13:38:47.703 24920-25191 CCodecBufferChannel     com.tapman104.mpvplayer              D  [c2.mtk.avc.decoder#797] flushed work; ignored.
2026-07-03 13:38:47.703 24920-25191 CCodecBufferChannel     com.tapman104.mpvplayer              D  [c2.mtk.avc.decoder#797] Discard frames from previous generation.
2026-07-03 13:38:47.703 24920-25191 CCodecBufferChannel     com.tapman104.mpvplayer              D  [c2.mtk.avc.decoder#797] flushed work not feedInput.
2026-07-03 13:38:47.704  1631-2008  NtAudioGlyphServiceImpl system_server                        D  onAudioTrackStop request:AudioLightRequest@b06b43b{Id:107,uid:10273,pid:24920,noAudio:false,csvId:-1,pkg:com.tapman104.mpvplayer,session:6937,addby:2}
2026-07-03 13:38:47.704  1631-2008  NtAudioGlyphServiceImpl system_server                        D  AudioLightRequests[0]- AudioLightRequest@b06b43b{Id:107,uid:10273,pid:24920,noAudio:false,csvId:-1,pkg:com.tapman104.mpvplayer,session:6937,addby:2}
2026-07-03 13:38:47.705 24920-25190 Codec2Client            com.tapman104.mpvplayer              W  query -- param skipped: index = 1342179345.
2026-07-03 13:38:47.705 24920-25190 Codec2Client            com.tapman104.mpvplayer              W  query -- param skipped: index = 2415921170.
2026-07-03 13:38:47.705 24920-25190 Codec2Client            com.tapman104.mpvplayer              W  query -- param skipped: index = 1610614798.
2026-07-03 13:38:47.706 24920-25190 MediaCodec              com.tapman104.mpvplayer              D  [0xb400007a6971fd00] setState: 7
2026-07-03 13:38:47.710 24920-25190 MediaCodec              com.tapman104.mpvplayer              D  [0xb400007a6971fd00] setState: 6
2026-07-03 13:38:47.710 24920-25190 CCodecConfig            com.tapman104.mpvplayer              I  query failed after returning 19 values (BAD_INDEX)
2026-07-03 13:38:47.713 24920-25190 Codec2Client            com.tapman104.mpvplayer              W  query -- param skipped: index = 1342179345.
2026-07-03 13:38:47.713 24920-25190 Codec2Client            com.tapman104.mpvplayer              W  query -- param skipped: index = 2415921170.
2026-07-03 13:38:47.713 24920-25190 Codec2Client            com.tapman104.mpvplayer              W  query -- param skipped: index = 1610614798.
2026-07-03 13:38:47.714 24920-25180 mpv                     com.tapman104.mpvplayer              V  event: seek
2026-07-03 13:38:47.714 24920-25180 MpvEventDispatcher      com.tapman104.mpvplayer              D  Received MPV event: 20
2026-07-03 13:38:47.715 24920-25191 CCodecBufferChannel     com.tapman104.mpvplayer              D  [c2.mtk.avc.decoder#797] Discard frames from previous generation.
2026-07-03 13:38:47.716 24920-25191 Codec2-Out...ufferQueue com.tapman104.mpvplayer              D  set max dequeue count 19 from update
2026-07-03 13:38:47.716 24920-25190 CCodecBufferChannel     com.tapman104.mpvplayer              D  [c2.mtk.avc.decoder#797] send inputSlots num:8 to codec
2026-07-03 13:38:47.717  1631-2008  NtAudioGlyphServiceImpl system_server                        D  onAudioTrackStop request:AudioLightRequest@b06b43b{Id:107,uid:10273,pid:24920,noAudio:false,csvId:-1,pkg:com.tapman104.mpvplayer,session:6937,addby:2}
2026-07-03 13:38:47.717  1631-2008  NtAudioGlyphServiceImpl system_server                        D  AudioLightRequests[0]- AudioLightRequest@b06b43b{Id:107,uid:10273,pid:24920,noAudio:false,csvId:-1,pkg:com.tapman104.mpvplayer,session:6937,addby:2}
2026-07-03 13:38:47.720 24920-25195 CCodecBufferChannel     com.tapman104.mpvplayer              D  [c2.mtk.avc.decoder#797] Ignoring stale input buffer done callback: last flush index = 2366, frameIndex = 2366
2026-07-03 13:38:47.750 24920-25180 mpv                     com.tapman104.mpvplayer              V  [vd:v] Decoder format: 1920x1080 [0:1] yuv420p auto/auto/auto/limited/auto CL=unknown crop=1920x1080+0+0 A=none
2026-07-03 13:38:47.750 24920-25180 mpv                     com.tapman104.mpvplayer              V  [vd:v] Using container aspect ratio.
2026-07-03 13:38:47.757 24920-25180 mpv                     com.tapman104.mpvplayer              V  [cplayer:v] first video frame after restart shown
2026-07-03 13:38:47.761 24920-25171 AudioTrack              com.tapman104.mpvplayer              D  pause(2026): 0xb400007a89755b90, prior state:STATE_FLUSHED, packageName: com.tapman104.mpvplayer
2026-07-03 13:38:47.762 24920-25180 mpv                     com.tapman104.mpvplayer              V  [cplayer:v] audio ready
2026-07-03 13:38:47.762 24920-25171 AudioTrack              com.tapman104.mpvplayer              D  flush(2026): 0xb400007a89755b90, prior state:STATE_FLUSHED, packageName: com.tapman104.mpvplayer
2026-07-03 13:38:47.765 24920-25180 mpv                     com.tapman104.mpvplayer              V  [mkv:v] queuing seek to 668.385000
